RESUME grayscale | 7 job per-model | py=C:\Users\ERS-ASUS\.conda\envs\colorreliance\python.exe

>>> flowers102/convnext_tiny seeds=[4]
    log -> D:\MyPaper\ColorReliance\color_complexity\logs\resumeG_flowers102_convnext_tiny.log
    [OK] 9.8 min

>>> flowers102/vit_small seeds=[0, 1, 2, 3, 4]
    log -> D:\MyPaper\ColorReliance\color_complexity\logs\resumeG_flowers102_vit_small.log
    [OK] 45.3 min

>>> flowers102/swin_tiny seeds=[0, 1, 2, 3, 4]
    log -> D:\MyPaper\ColorReliance\color_complexity\logs\resumeG_flowers102_swin_tiny.log
    [OK] 46.7 min

>>> cub200/resnet50 seeds=[0, 1, 2, 3, 4]
    log -> D:\MyPaper\ColorReliance\color_complexity\logs\resumeG_cub200_resnet50.log
    [OK] 65.3 min

>>> cub200/convnext_tiny seeds=[0, 1, 2, 3, 4]
    log -> D:\MyPaper\ColorReliance\color_complexity\logs\resumeG_cub200_convnext_tiny.log
    [OK] 69.5 min

>>> cub200/vit_small seeds=[0, 1, 2, 3, 4]
    log -> D:\MyPaper\ColorReliance\color_complexity\logs\resumeG_cub200_vit_small.log
    [OK] 65.5 min

>>> cub200/swin_tiny seeds=[0, 1, 2, 3, 4]
    log -> D:\MyPaper\ColorReliance\color_complexity\logs\resumeG_cub200_swin_tiny.log
    [OK] 80.6 min

SELESAI (382.7 min). SEMUA OK
