[09:04:19] INFO dataset=cub200 models=['resnet50'] seeds=[0, 1, 2, 3, 4] epochs=None recipe=adamw_lr1e3
[09:04:19] INFO ==== cub200 / resnet50_adamw_lr1e3 / seed0 (recipe=adamw_lr1e3 gray=False) ====
[09:04:20] INFO [train] cub200/resnet50_adamw_lr1e3/seed0 recipe=adamw_lr1e3 opt=adamw lr=0.001 wd=0.05 grayscale=False epochs=60 device=cuda n_train=4994 n_val=1000 bs=64 accum=1
[09:04:56] INFO   ep1: train_loss=5.2261 val_acc=0.1890 val_f1=0.1618 val_uar=0.1890 lr=4.00e-04
[09:05:04] INFO   ep2: train_loss=3.8785 val_acc=0.4790 val_f1=0.4287 val_uar=0.4790 lr=6.00e-04
[09:05:12] INFO   ep3: train_loss=2.2459 val_acc=0.6340 val_f1=0.6176 val_uar=0.6340 lr=8.00e-04
[09:05:19] INFO   ep4: train_loss=1.6654 val_acc=0.6810 val_f1=0.6711 val_uar=0.6810 lr=1.00e-03
[09:05:27] INFO   ep5: train_loss=1.4414 val_acc=0.6960 val_f1=0.6903 val_uar=0.6960 lr=1.00e-03
[09:05:35] INFO   ep6: train_loss=1.2484 val_acc=0.7060 val_f1=0.6987 val_uar=0.7060 lr=9.99e-04
[09:05:42] INFO   ep7: train_loss=1.1318 val_acc=0.7530 val_f1=0.7416 val_uar=0.7530 lr=9.97e-04
[09:05:50] INFO   ep8: train_loss=1.0587 val_acc=0.7640 val_f1=0.7595 val_uar=0.7640 lr=9.93e-04
[09:05:58] INFO   ep9: train_loss=1.0099 val_acc=0.7540 val_f1=0.7491 val_uar=0.7540 lr=9.87e-04
[09:06:05] INFO   ep10: train_loss=0.9852 val_acc=0.7670 val_f1=0.7645 val_uar=0.7670 lr=9.80e-04
[09:06:13] INFO   ep11: train_loss=0.9587 val_acc=0.7660 val_f1=0.7603 val_uar=0.7660 lr=9.71e-04
[09:06:21] INFO   ep12: train_loss=0.9472 val_acc=0.7940 val_f1=0.7891 val_uar=0.7940 lr=9.61e-04
[09:06:28] INFO   ep13: train_loss=0.9405 val_acc=0.7830 val_f1=0.7760 val_uar=0.7830 lr=9.49e-04
[09:06:36] INFO   ep14: train_loss=0.9507 val_acc=0.7700 val_f1=0.7685 val_uar=0.7700 lr=9.35e-04
[09:06:44] INFO   ep15: train_loss=0.9379 val_acc=0.7860 val_f1=0.7850 val_uar=0.7860 lr=9.21e-04
[09:06:51] INFO   ep16: train_loss=0.9270 val_acc=0.7800 val_f1=0.7771 val_uar=0.7800 lr=9.05e-04
[09:06:59] INFO   ep17: train_loss=0.9267 val_acc=0.7840 val_f1=0.7803 val_uar=0.7840 lr=8.87e-04
[09:07:07] INFO   ep18: train_loss=0.9174 val_acc=0.7880 val_f1=0.7852 val_uar=0.7880 lr=8.68e-04
[09:07:14] INFO   ep19: train_loss=0.9080 val_acc=0.7880 val_f1=0.7875 val_uar=0.7880 lr=8.48e-04
[09:07:22] INFO   ep20: train_loss=0.9106 val_acc=0.7900 val_f1=0.7901 val_uar=0.7900 lr=8.27e-04
[09:07:30] INFO   ep21: train_loss=0.9065 val_acc=0.7830 val_f1=0.7745 val_uar=0.7830 lr=8.05e-04
[09:07:37] INFO   ep22: train_loss=0.9041 val_acc=0.7750 val_f1=0.7721 val_uar=0.7750 lr=7.82e-04
[09:07:45] INFO   ep23: train_loss=0.9101 val_acc=0.7730 val_f1=0.7716 val_uar=0.7730 lr=7.58e-04
[09:07:53] INFO   ep24: train_loss=0.9087 val_acc=0.7740 val_f1=0.7696 val_uar=0.7740 lr=7.33e-04
[09:08:01] INFO   ep25: train_loss=0.9000 val_acc=0.7800 val_f1=0.7744 val_uar=0.7800 lr=7.08e-04
[09:08:08] INFO   ep26: train_loss=0.8891 val_acc=0.7900 val_f1=0.7860 val_uar=0.7900 lr=6.81e-04
[09:08:16] INFO   ep27: train_loss=0.8909 val_acc=0.7920 val_f1=0.7874 val_uar=0.7920 lr=6.55e-04
[09:08:24] INFO   ep28: train_loss=0.8830 val_acc=0.7900 val_f1=0.7880 val_uar=0.7900 lr=6.27e-04
[09:08:32] INFO   ep29: train_loss=0.8816 val_acc=0.7870 val_f1=0.7815 val_uar=0.7870 lr=5.99e-04
[09:08:39] INFO   ep30: train_loss=0.8778 val_acc=0.8000 val_f1=0.7958 val_uar=0.8000 lr=5.71e-04
[09:08:47] INFO   ep31: train_loss=0.8765 val_acc=0.8000 val_f1=0.7936 val_uar=0.8000 lr=5.43e-04
[09:08:55] INFO   ep32: train_loss=0.8755 val_acc=0.7870 val_f1=0.7795 val_uar=0.7870 lr=5.14e-04
[09:09:03] INFO   ep33: train_loss=0.8808 val_acc=0.7950 val_f1=0.7918 val_uar=0.7950 lr=4.86e-04
[09:09:11] INFO   ep34: train_loss=0.8731 val_acc=0.8040 val_f1=0.7999 val_uar=0.8040 lr=4.57e-04
[09:09:19] INFO   ep35: train_loss=0.8699 val_acc=0.8030 val_f1=0.7979 val_uar=0.8030 lr=4.29e-04
[09:09:27] INFO   ep36: train_loss=0.8696 val_acc=0.7960 val_f1=0.7924 val_uar=0.7960 lr=4.01e-04
[09:09:34] INFO   ep37: train_loss=0.8696 val_acc=0.8160 val_f1=0.8128 val_uar=0.8160 lr=3.73e-04
[09:09:42] INFO   ep38: train_loss=0.8670 val_acc=0.8120 val_f1=0.8083 val_uar=0.8120 lr=3.45e-04
[09:09:50] INFO   ep39: train_loss=0.8676 val_acc=0.8100 val_f1=0.8079 val_uar=0.8100 lr=3.19e-04
[09:09:58] INFO   ep40: train_loss=0.8721 val_acc=0.7990 val_f1=0.7939 val_uar=0.7990 lr=2.92e-04
[09:10:06] INFO   ep41: train_loss=0.8674 val_acc=0.8040 val_f1=0.8001 val_uar=0.8040 lr=2.67e-04
[09:10:14] INFO   ep42: train_loss=0.8669 val_acc=0.8070 val_f1=0.8022 val_uar=0.8070 lr=2.42e-04
[09:10:22] INFO   ep43: train_loss=0.8656 val_acc=0.8090 val_f1=0.8034 val_uar=0.8090 lr=2.18e-04
[09:10:29] INFO   ep44: train_loss=0.8631 val_acc=0.8180 val_f1=0.8141 val_uar=0.8180 lr=1.95e-04
[09:10:37] INFO   ep45: train_loss=0.8622 val_acc=0.8180 val_f1=0.8145 val_uar=0.8180 lr=1.73e-04
[09:10:45] INFO   ep46: train_loss=0.8620 val_acc=0.8150 val_f1=0.8111 val_uar=0.8150 lr=1.52e-04
[09:10:53] INFO   ep47: train_loss=0.8621 val_acc=0.8130 val_f1=0.8099 val_uar=0.8130 lr=1.32e-04
[09:11:01] INFO   ep48: train_loss=0.8616 val_acc=0.8140 val_f1=0.8103 val_uar=0.8140 lr=1.13e-04
[09:11:09] INFO   ep49: train_loss=0.8616 val_acc=0.8130 val_f1=0.8083 val_uar=0.8130 lr=9.55e-05
[09:11:17] INFO   ep50: train_loss=0.8632 val_acc=0.8190 val_f1=0.8146 val_uar=0.8190 lr=7.94e-05
[09:11:25] INFO   ep51: train_loss=0.8609 val_acc=0.8180 val_f1=0.8132 val_uar=0.8180 lr=6.46e-05
[09:11:33] INFO   ep52: train_loss=0.8617 val_acc=0.8220 val_f1=0.8178 val_uar=0.8220 lr=5.13e-05
[09:11:40] INFO   ep53: train_loss=0.8604 val_acc=0.8130 val_f1=0.8092 val_uar=0.8130 lr=3.94e-05
[09:11:48] INFO   ep54: train_loss=0.8609 val_acc=0.8140 val_f1=0.8090 val_uar=0.8140 lr=2.91e-05
[09:11:56] INFO   ep55: train_loss=0.8606 val_acc=0.8160 val_f1=0.8108 val_uar=0.8160 lr=2.03e-05
[09:12:04] INFO   ep56: train_loss=0.8605 val_acc=0.8190 val_f1=0.8141 val_uar=0.8190 lr=1.30e-05
[09:12:12] INFO   ep57: train_loss=0.8600 val_acc=0.8150 val_f1=0.8109 val_uar=0.8150 lr=7.32e-06
[09:12:20] INFO   ep58: train_loss=0.8604 val_acc=0.8180 val_f1=0.8119 val_uar=0.8180 lr=3.26e-06
[09:12:28] INFO   ep59: train_loss=0.8599 val_acc=0.8140 val_f1=0.8092 val_uar=0.8140 lr=8.15e-07
[09:12:36] INFO   ep60: train_loss=0.8613 val_acc=0.8210 val_f1=0.8165 val_uar=0.8210 lr=0.00e+00
[09:12:36] INFO [done] resnet50_adamw_lr1e3 best_val_acc=0.8220 lr_used=0.001 ckpt=checkpoints\cub200_resnet50_adamw_lr1e3_seed0.pt time=8.3min
[09:12:37] INFO   [E1] eval clean + per colorfulness bin
[09:12:57] INFO   [E2] eval perturbasi warna
[09:18:11] INFO   done resnet50_adamw_lr1e3 seed0
[09:18:11] INFO ==== cub200 / resnet50_adamw_lr1e3 / seed1 (recipe=adamw_lr1e3 gray=False) ====
[09:18:11] INFO [train] cub200/resnet50_adamw_lr1e3/seed1 recipe=adamw_lr1e3 opt=adamw lr=0.001 wd=0.05 grayscale=False epochs=60 device=cuda n_train=4994 n_val=1000 bs=64 accum=1
[09:18:47] INFO   ep1: train_loss=5.2210 val_acc=0.1590 val_f1=0.1363 val_uar=0.1590 lr=4.00e-04
[09:18:54] INFO   ep2: train_loss=3.8578 val_acc=0.4610 val_f1=0.4137 val_uar=0.4610 lr=6.00e-04
[09:19:02] INFO   ep3: train_loss=2.2432 val_acc=0.6290 val_f1=0.6011 val_uar=0.6290 lr=8.00e-04
[09:19:09] INFO   ep4: train_loss=1.6643 val_acc=0.6810 val_f1=0.6658 val_uar=0.6810 lr=1.00e-03
[09:19:17] INFO   ep5: train_loss=1.4266 val_acc=0.7000 val_f1=0.6856 val_uar=0.7000 lr=1.00e-03
[09:19:25] INFO   ep6: train_loss=1.2471 val_acc=0.7370 val_f1=0.7275 val_uar=0.7370 lr=9.99e-04
[09:19:32] INFO   ep7: train_loss=1.1311 val_acc=0.7480 val_f1=0.7396 val_uar=0.7480 lr=9.97e-04
[09:19:40] INFO   ep8: train_loss=1.0556 val_acc=0.7720 val_f1=0.7700 val_uar=0.7720 lr=9.93e-04
[09:19:48] INFO   ep9: train_loss=1.0205 val_acc=0.7390 val_f1=0.7323 val_uar=0.7390 lr=9.87e-04
[09:19:55] INFO   ep10: train_loss=0.9929 val_acc=0.7690 val_f1=0.7606 val_uar=0.7690 lr=9.80e-04
[09:20:03] INFO   ep11: train_loss=0.9656 val_acc=0.7850 val_f1=0.7802 val_uar=0.7850 lr=9.71e-04
[09:20:11] INFO   ep12: train_loss=0.9499 val_acc=0.7670 val_f1=0.7621 val_uar=0.7670 lr=9.61e-04
[09:20:18] INFO   ep13: train_loss=0.9402 val_acc=0.7770 val_f1=0.7722 val_uar=0.7770 lr=9.49e-04
[09:20:26] INFO   ep14: train_loss=0.9290 val_acc=0.7820 val_f1=0.7807 val_uar=0.7820 lr=9.35e-04
[09:20:34] INFO   ep15: train_loss=0.9252 val_acc=0.7940 val_f1=0.7881 val_uar=0.7940 lr=9.21e-04
[09:20:41] INFO   ep16: train_loss=0.9210 val_acc=0.7800 val_f1=0.7788 val_uar=0.7800 lr=9.05e-04
[09:20:49] INFO   ep17: train_loss=0.9174 val_acc=0.7930 val_f1=0.7894 val_uar=0.7930 lr=8.87e-04
[09:20:57] INFO   ep18: train_loss=0.9192 val_acc=0.7970 val_f1=0.7945 val_uar=0.7970 lr=8.68e-04
[09:21:05] INFO   ep19: train_loss=0.9089 val_acc=0.7910 val_f1=0.7853 val_uar=0.7910 lr=8.48e-04
[09:21:12] INFO   ep20: train_loss=0.9002 val_acc=0.8060 val_f1=0.8020 val_uar=0.8060 lr=8.27e-04
[09:21:20] INFO   ep21: train_loss=0.8950 val_acc=0.7990 val_f1=0.7923 val_uar=0.7990 lr=8.05e-04
[09:21:28] INFO   ep22: train_loss=0.8966 val_acc=0.7750 val_f1=0.7708 val_uar=0.7750 lr=7.82e-04
[09:21:35] INFO   ep23: train_loss=0.9083 val_acc=0.7720 val_f1=0.7690 val_uar=0.7720 lr=7.58e-04
[09:21:43] INFO   ep24: train_loss=0.9125 val_acc=0.7790 val_f1=0.7760 val_uar=0.7790 lr=7.33e-04
[09:21:51] INFO   ep25: train_loss=0.9022 val_acc=0.7800 val_f1=0.7728 val_uar=0.7800 lr=7.08e-04
[09:21:59] INFO   ep26: train_loss=0.8955 val_acc=0.7720 val_f1=0.7674 val_uar=0.7720 lr=6.81e-04
[09:22:07] INFO   ep27: train_loss=0.8951 val_acc=0.7980 val_f1=0.7945 val_uar=0.7980 lr=6.55e-04
[09:22:14] INFO   ep28: train_loss=0.8928 val_acc=0.7870 val_f1=0.7800 val_uar=0.7870 lr=6.27e-04
[09:22:22] INFO   ep29: train_loss=0.8971 val_acc=0.7800 val_f1=0.7771 val_uar=0.7800 lr=5.99e-04
[09:22:30] INFO   ep30: train_loss=0.8850 val_acc=0.7910 val_f1=0.7874 val_uar=0.7910 lr=5.71e-04
[09:22:38] INFO   ep31: train_loss=0.8784 val_acc=0.7900 val_f1=0.7875 val_uar=0.7900 lr=5.43e-04
[09:22:46] INFO   ep32: train_loss=0.8744 val_acc=0.8050 val_f1=0.8001 val_uar=0.8050 lr=5.14e-04
[09:22:54] INFO   ep33: train_loss=0.8732 val_acc=0.8160 val_f1=0.8123 val_uar=0.8160 lr=4.86e-04
[09:23:01] INFO   ep34: train_loss=0.8720 val_acc=0.8190 val_f1=0.8140 val_uar=0.8190 lr=4.57e-04
[09:23:10] INFO   ep35: train_loss=0.8706 val_acc=0.8090 val_f1=0.8061 val_uar=0.8090 lr=4.29e-04
[09:23:17] INFO   ep36: train_loss=0.8714 val_acc=0.8160 val_f1=0.8123 val_uar=0.8160 lr=4.01e-04
[09:23:25] INFO   ep37: train_loss=0.8692 val_acc=0.8030 val_f1=0.7989 val_uar=0.8030 lr=3.73e-04
[09:23:33] INFO   ep38: train_loss=0.8697 val_acc=0.8170 val_f1=0.8151 val_uar=0.8170 lr=3.45e-04
[09:23:41] INFO   ep39: train_loss=0.8673 val_acc=0.7980 val_f1=0.7970 val_uar=0.7980 lr=3.19e-04
[09:23:49] INFO   ep40: train_loss=0.8676 val_acc=0.8100 val_f1=0.8055 val_uar=0.8100 lr=2.92e-04
[09:23:56] INFO   ep41: train_loss=0.8675 val_acc=0.8210 val_f1=0.8174 val_uar=0.8210 lr=2.67e-04
[09:24:04] INFO   ep42: train_loss=0.8640 val_acc=0.8220 val_f1=0.8201 val_uar=0.8220 lr=2.42e-04
[09:24:12] INFO   ep43: train_loss=0.8645 val_acc=0.8260 val_f1=0.8218 val_uar=0.8260 lr=2.18e-04
[09:24:20] INFO   ep44: train_loss=0.8665 val_acc=0.8230 val_f1=0.8192 val_uar=0.8230 lr=1.95e-04
[09:24:28] INFO   ep45: train_loss=0.8629 val_acc=0.8250 val_f1=0.8217 val_uar=0.8250 lr=1.73e-04
[09:24:36] INFO   ep46: train_loss=0.8623 val_acc=0.8240 val_f1=0.8213 val_uar=0.8240 lr=1.52e-04
[09:24:44] INFO   ep47: train_loss=0.8622 val_acc=0.8180 val_f1=0.8158 val_uar=0.8180 lr=1.32e-04
[09:24:51] INFO   ep48: train_loss=0.8614 val_acc=0.8210 val_f1=0.8182 val_uar=0.8210 lr=1.13e-04
[09:24:59] INFO   ep49: train_loss=0.8608 val_acc=0.8250 val_f1=0.8213 val_uar=0.8250 lr=9.55e-05
[09:25:07] INFO   ep50: train_loss=0.8615 val_acc=0.8230 val_f1=0.8192 val_uar=0.8230 lr=7.94e-05
[09:25:15] INFO   ep51: train_loss=0.8611 val_acc=0.8250 val_f1=0.8216 val_uar=0.8250 lr=6.46e-05
[09:25:23] INFO   ep52: train_loss=0.8611 val_acc=0.8230 val_f1=0.8201 val_uar=0.8230 lr=5.13e-05
[09:25:31] INFO   ep53: train_loss=0.8612 val_acc=0.8260 val_f1=0.8226 val_uar=0.8260 lr=3.94e-05
[09:25:39] INFO   ep54: train_loss=0.8604 val_acc=0.8230 val_f1=0.8208 val_uar=0.8230 lr=2.91e-05
[09:25:47] INFO   ep55: train_loss=0.8599 val_acc=0.8270 val_f1=0.8248 val_uar=0.8270 lr=2.03e-05
[09:25:54] INFO   ep56: train_loss=0.8602 val_acc=0.8250 val_f1=0.8227 val_uar=0.8250 lr=1.30e-05
[09:26:02] INFO   ep57: train_loss=0.8613 val_acc=0.8260 val_f1=0.8232 val_uar=0.8260 lr=7.32e-06
[09:26:10] INFO   ep58: train_loss=0.8594 val_acc=0.8260 val_f1=0.8238 val_uar=0.8260 lr=3.26e-06
[09:26:18] INFO   ep59: train_loss=0.8607 val_acc=0.8300 val_f1=0.8272 val_uar=0.8300 lr=8.15e-07
[09:26:26] INFO   ep60: train_loss=0.8610 val_acc=0.8250 val_f1=0.8219 val_uar=0.8250 lr=0.00e+00
[09:26:26] INFO [done] resnet50_adamw_lr1e3 best_val_acc=0.8300 lr_used=0.001 ckpt=checkpoints\cub200_resnet50_adamw_lr1e3_seed1.pt time=8.3min
[09:26:28] INFO   [E1] eval clean + per colorfulness bin
[09:26:47] INFO   [E2] eval perturbasi warna
[09:32:01] INFO   done resnet50_adamw_lr1e3 seed1
[09:32:01] INFO ==== cub200 / resnet50_adamw_lr1e3 / seed2 (recipe=adamw_lr1e3 gray=False) ====
[09:32:02] INFO [train] cub200/resnet50_adamw_lr1e3/seed2 recipe=adamw_lr1e3 opt=adamw lr=0.001 wd=0.05 grayscale=False epochs=60 device=cuda n_train=4994 n_val=1000 bs=64 accum=1
[09:32:37] INFO   ep1: train_loss=5.2186 val_acc=0.1790 val_f1=0.1572 val_uar=0.1790 lr=4.00e-04
[09:32:44] INFO   ep2: train_loss=3.8616 val_acc=0.4740 val_f1=0.4272 val_uar=0.4740 lr=6.00e-04
[09:32:52] INFO   ep3: train_loss=2.2350 val_acc=0.6500 val_f1=0.6299 val_uar=0.6500 lr=8.00e-04
[09:33:00] INFO   ep4: train_loss=1.6760 val_acc=0.6960 val_f1=0.6895 val_uar=0.6960 lr=1.00e-03
[09:33:07] INFO   ep5: train_loss=1.4208 val_acc=0.7180 val_f1=0.7066 val_uar=0.7180 lr=1.00e-03
[09:33:15] INFO   ep6: train_loss=1.2609 val_acc=0.7280 val_f1=0.7203 val_uar=0.7280 lr=9.99e-04
[09:33:23] INFO   ep7: train_loss=1.1358 val_acc=0.7310 val_f1=0.7210 val_uar=0.7310 lr=9.97e-04
[09:33:30] INFO   ep8: train_loss=1.0642 val_acc=0.7810 val_f1=0.7755 val_uar=0.7810 lr=9.93e-04
[09:33:38] INFO   ep9: train_loss=1.0142 val_acc=0.7690 val_f1=0.7654 val_uar=0.7690 lr=9.87e-04
[09:33:46] INFO   ep10: train_loss=0.9789 val_acc=0.7680 val_f1=0.7632 val_uar=0.7680 lr=9.80e-04
[09:33:54] INFO   ep11: train_loss=0.9663 val_acc=0.7710 val_f1=0.7685 val_uar=0.7710 lr=9.71e-04
[09:34:01] INFO   ep12: train_loss=0.9527 val_acc=0.7780 val_f1=0.7756 val_uar=0.7780 lr=9.61e-04
[09:34:09] INFO   ep13: train_loss=0.9495 val_acc=0.7860 val_f1=0.7838 val_uar=0.7860 lr=9.49e-04
[09:34:17] INFO   ep14: train_loss=0.9379 val_acc=0.7890 val_f1=0.7878 val_uar=0.7890 lr=9.35e-04
[09:34:25] INFO   ep15: train_loss=0.9340 val_acc=0.7880 val_f1=0.7871 val_uar=0.7880 lr=9.21e-04
[09:34:32] INFO   ep16: train_loss=0.9204 val_acc=0.8070 val_f1=0.8090 val_uar=0.8070 lr=9.05e-04
[09:34:40] INFO   ep17: train_loss=0.9199 val_acc=0.7590 val_f1=0.7551 val_uar=0.7590 lr=8.87e-04
[09:34:48] INFO   ep18: train_loss=0.9287 val_acc=0.7700 val_f1=0.7674 val_uar=0.7700 lr=8.68e-04
[09:34:55] INFO   ep19: train_loss=0.9153 val_acc=0.7770 val_f1=0.7727 val_uar=0.7770 lr=8.48e-04
[09:35:03] INFO   ep20: train_loss=0.9111 val_acc=0.7670 val_f1=0.7666 val_uar=0.7670 lr=8.27e-04
[09:35:11] INFO   ep21: train_loss=0.9191 val_acc=0.7490 val_f1=0.7472 val_uar=0.7490 lr=8.05e-04
[09:35:19] INFO   ep22: train_loss=0.9097 val_acc=0.7830 val_f1=0.7793 val_uar=0.7830 lr=7.82e-04
[09:35:26] INFO   ep23: train_loss=0.9073 val_acc=0.7730 val_f1=0.7719 val_uar=0.7730 lr=7.58e-04
[09:35:34] INFO   ep24: train_loss=0.8950 val_acc=0.7880 val_f1=0.7817 val_uar=0.7880 lr=7.33e-04
[09:35:42] INFO   ep25: train_loss=0.8932 val_acc=0.7670 val_f1=0.7657 val_uar=0.7670 lr=7.08e-04
[09:35:50] INFO   ep26: train_loss=0.8916 val_acc=0.7880 val_f1=0.7859 val_uar=0.7880 lr=6.81e-04
[09:35:57] INFO   ep27: train_loss=0.8900 val_acc=0.7790 val_f1=0.7787 val_uar=0.7790 lr=6.55e-04
[09:36:05] INFO   ep28: train_loss=0.8939 val_acc=0.7820 val_f1=0.7782 val_uar=0.7820 lr=6.27e-04
[09:36:13] INFO   ep29: train_loss=0.8871 val_acc=0.7790 val_f1=0.7772 val_uar=0.7790 lr=5.99e-04
[09:36:21] INFO   ep30: train_loss=0.8809 val_acc=0.7940 val_f1=0.7895 val_uar=0.7940 lr=5.71e-04
[09:36:29] INFO   ep31: train_loss=0.8748 val_acc=0.8100 val_f1=0.8067 val_uar=0.8100 lr=5.43e-04
[09:36:37] INFO   ep32: train_loss=0.8725 val_acc=0.8170 val_f1=0.8152 val_uar=0.8170 lr=5.14e-04
[09:36:45] INFO   ep33: train_loss=0.8698 val_acc=0.8120 val_f1=0.8103 val_uar=0.8120 lr=4.86e-04
[09:36:53] INFO   ep34: train_loss=0.8709 val_acc=0.8170 val_f1=0.8148 val_uar=0.8170 lr=4.57e-04
[09:37:01] INFO   ep35: train_loss=0.8740 val_acc=0.8170 val_f1=0.8138 val_uar=0.8170 lr=4.29e-04
[09:37:08] INFO   ep36: train_loss=0.8709 val_acc=0.8180 val_f1=0.8147 val_uar=0.8180 lr=4.01e-04
[09:37:16] INFO   ep37: train_loss=0.8673 val_acc=0.8230 val_f1=0.8192 val_uar=0.8230 lr=3.73e-04
[09:37:24] INFO   ep38: train_loss=0.8679 val_acc=0.8140 val_f1=0.8112 val_uar=0.8140 lr=3.45e-04
[09:37:32] INFO   ep39: train_loss=0.8662 val_acc=0.8130 val_f1=0.8102 val_uar=0.8130 lr=3.19e-04
[09:37:40] INFO   ep40: train_loss=0.8654 val_acc=0.8140 val_f1=0.8126 val_uar=0.8140 lr=2.92e-04
[09:37:48] INFO   ep41: train_loss=0.8657 val_acc=0.8160 val_f1=0.8137 val_uar=0.8160 lr=2.67e-04
[09:37:56] INFO   ep42: train_loss=0.8639 val_acc=0.8170 val_f1=0.8142 val_uar=0.8170 lr=2.42e-04
[09:38:04] INFO   ep43: train_loss=0.8649 val_acc=0.8240 val_f1=0.8222 val_uar=0.8240 lr=2.18e-04
[09:38:12] INFO   ep44: train_loss=0.8633 val_acc=0.8280 val_f1=0.8256 val_uar=0.8280 lr=1.95e-04
[09:38:20] INFO   ep45: train_loss=0.8619 val_acc=0.8210 val_f1=0.8188 val_uar=0.8210 lr=1.73e-04
[09:38:27] INFO   ep46: train_loss=0.8618 val_acc=0.8250 val_f1=0.8227 val_uar=0.8250 lr=1.52e-04
[09:38:35] INFO   ep47: train_loss=0.8616 val_acc=0.8240 val_f1=0.8212 val_uar=0.8240 lr=1.32e-04
[09:38:43] INFO   ep48: train_loss=0.8612 val_acc=0.8250 val_f1=0.8219 val_uar=0.8250 lr=1.13e-04
[09:38:51] INFO   ep49: train_loss=0.8612 val_acc=0.8260 val_f1=0.8236 val_uar=0.8260 lr=9.55e-05
[09:38:59] INFO   ep50: train_loss=0.8611 val_acc=0.8240 val_f1=0.8210 val_uar=0.8240 lr=7.94e-05
[09:39:07] INFO   ep51: train_loss=0.8610 val_acc=0.8220 val_f1=0.8197 val_uar=0.8220 lr=6.46e-05
[09:39:15] INFO   ep52: train_loss=0.8609 val_acc=0.8290 val_f1=0.8272 val_uar=0.8290 lr=5.13e-05
[09:39:23] INFO   ep53: train_loss=0.8616 val_acc=0.8320 val_f1=0.8303 val_uar=0.8320 lr=3.94e-05
[09:39:31] INFO   ep54: train_loss=0.8599 val_acc=0.8290 val_f1=0.8270 val_uar=0.8290 lr=2.91e-05
[09:39:39] INFO   ep55: train_loss=0.8604 val_acc=0.8310 val_f1=0.8290 val_uar=0.8310 lr=2.03e-05
[09:39:47] INFO   ep56: train_loss=0.8602 val_acc=0.8290 val_f1=0.8273 val_uar=0.8290 lr=1.30e-05
[09:39:55] INFO   ep57: train_loss=0.8598 val_acc=0.8270 val_f1=0.8248 val_uar=0.8270 lr=7.32e-06
[09:40:02] INFO   ep58: train_loss=0.8601 val_acc=0.8280 val_f1=0.8261 val_uar=0.8280 lr=3.26e-06
[09:40:10] INFO   ep59: train_loss=0.8597 val_acc=0.8220 val_f1=0.8198 val_uar=0.8220 lr=8.15e-07
[09:40:18] INFO   ep60: train_loss=0.8597 val_acc=0.8340 val_f1=0.8322 val_uar=0.8340 lr=0.00e+00
[09:40:18] INFO [done] resnet50_adamw_lr1e3 best_val_acc=0.8340 lr_used=0.001 ckpt=checkpoints\cub200_resnet50_adamw_lr1e3_seed2.pt time=8.3min
[09:40:20] INFO   [E1] eval clean + per colorfulness bin
[09:40:40] INFO   [E2] eval perturbasi warna
[09:45:56] INFO   done resnet50_adamw_lr1e3 seed2
[09:45:56] INFO ==== cub200 / resnet50_adamw_lr1e3 / seed3 (recipe=adamw_lr1e3 gray=False) ====
[09:45:56] INFO [train] cub200/resnet50_adamw_lr1e3/seed3 recipe=adamw_lr1e3 opt=adamw lr=0.001 wd=0.05 grayscale=False epochs=60 device=cuda n_train=4994 n_val=1000 bs=64 accum=1
[09:46:32] INFO   ep1: train_loss=5.2248 val_acc=0.1750 val_f1=0.1438 val_uar=0.1750 lr=4.00e-04
[09:46:39] INFO   ep2: train_loss=3.8998 val_acc=0.4970 val_f1=0.4595 val_uar=0.4970 lr=6.00e-04
[09:46:47] INFO   ep3: train_loss=2.2467 val_acc=0.6300 val_f1=0.6133 val_uar=0.6300 lr=8.00e-04
[09:46:55] INFO   ep4: train_loss=1.6835 val_acc=0.6970 val_f1=0.6881 val_uar=0.6970 lr=1.00e-03
[09:47:02] INFO   ep5: train_loss=1.4262 val_acc=0.6840 val_f1=0.6754 val_uar=0.6840 lr=1.00e-03
[09:47:10] INFO   ep6: train_loss=1.2436 val_acc=0.7160 val_f1=0.7050 val_uar=0.7160 lr=9.99e-04
[09:47:18] INFO   ep7: train_loss=1.1366 val_acc=0.7480 val_f1=0.7399 val_uar=0.7480 lr=9.97e-04
[09:47:25] INFO   ep8: train_loss=1.0528 val_acc=0.7460 val_f1=0.7424 val_uar=0.7460 lr=9.93e-04
[09:47:33] INFO   ep9: train_loss=1.0107 val_acc=0.7590 val_f1=0.7553 val_uar=0.7590 lr=9.87e-04
[09:47:41] INFO   ep10: train_loss=0.9889 val_acc=0.7800 val_f1=0.7786 val_uar=0.7800 lr=9.80e-04
[09:47:48] INFO   ep11: train_loss=0.9649 val_acc=0.7790 val_f1=0.7761 val_uar=0.7790 lr=9.71e-04
[09:47:56] INFO   ep12: train_loss=0.9602 val_acc=0.7650 val_f1=0.7605 val_uar=0.7650 lr=9.61e-04
[09:48:03] INFO   ep13: train_loss=0.9502 val_acc=0.7740 val_f1=0.7704 val_uar=0.7740 lr=9.49e-04
[09:48:11] INFO   ep14: train_loss=0.9393 val_acc=0.7790 val_f1=0.7773 val_uar=0.7790 lr=9.35e-04
[09:48:19] INFO   ep15: train_loss=0.9298 val_acc=0.7810 val_f1=0.7774 val_uar=0.7810 lr=9.21e-04
[09:48:27] INFO   ep16: train_loss=0.9194 val_acc=0.7930 val_f1=0.7900 val_uar=0.7930 lr=9.05e-04
[09:48:34] INFO   ep17: train_loss=0.9189 val_acc=0.7950 val_f1=0.7899 val_uar=0.7950 lr=8.87e-04
[09:48:42] INFO   ep18: train_loss=0.9080 val_acc=0.8000 val_f1=0.7980 val_uar=0.8000 lr=8.68e-04
[09:48:50] INFO   ep19: train_loss=0.9188 val_acc=0.7550 val_f1=0.7520 val_uar=0.7550 lr=8.48e-04
[09:48:57] INFO   ep20: train_loss=0.9151 val_acc=0.7520 val_f1=0.7486 val_uar=0.7520 lr=8.27e-04
[09:49:05] INFO   ep21: train_loss=0.9145 val_acc=0.7650 val_f1=0.7562 val_uar=0.7650 lr=8.05e-04
[09:49:13] INFO   ep22: train_loss=0.9080 val_acc=0.7880 val_f1=0.7840 val_uar=0.7880 lr=7.82e-04
[09:49:21] INFO   ep23: train_loss=0.9042 val_acc=0.7910 val_f1=0.7864 val_uar=0.7910 lr=7.58e-04
[09:49:28] INFO   ep24: train_loss=0.8939 val_acc=0.7840 val_f1=0.7778 val_uar=0.7840 lr=7.33e-04
[09:49:36] INFO   ep25: train_loss=0.8905 val_acc=0.7990 val_f1=0.7957 val_uar=0.7990 lr=7.08e-04
[09:49:44] INFO   ep26: train_loss=0.8991 val_acc=0.7540 val_f1=0.7472 val_uar=0.7540 lr=6.81e-04
[09:49:52] INFO   ep27: train_loss=0.9013 val_acc=0.7770 val_f1=0.7775 val_uar=0.7770 lr=6.55e-04
[09:49:59] INFO   ep28: train_loss=0.8871 val_acc=0.7910 val_f1=0.7904 val_uar=0.7910 lr=6.27e-04
[09:50:07] INFO   ep29: train_loss=0.8798 val_acc=0.7900 val_f1=0.7835 val_uar=0.7900 lr=5.99e-04
[09:50:15] INFO   ep30: train_loss=0.8792 val_acc=0.8090 val_f1=0.8057 val_uar=0.8090 lr=5.71e-04
[09:50:23] INFO   ep31: train_loss=0.8778 val_acc=0.7970 val_f1=0.7948 val_uar=0.7970 lr=5.43e-04
[09:50:31] INFO   ep32: train_loss=0.8798 val_acc=0.8130 val_f1=0.8090 val_uar=0.8130 lr=5.14e-04
[09:50:39] INFO   ep33: train_loss=0.8747 val_acc=0.8070 val_f1=0.8020 val_uar=0.8070 lr=4.86e-04
[09:50:47] INFO   ep34: train_loss=0.8721 val_acc=0.8040 val_f1=0.8022 val_uar=0.8040 lr=4.57e-04
[09:50:55] INFO   ep35: train_loss=0.8704 val_acc=0.8080 val_f1=0.8047 val_uar=0.8080 lr=4.29e-04
[09:51:02] INFO   ep36: train_loss=0.8703 val_acc=0.8060 val_f1=0.8009 val_uar=0.8060 lr=4.01e-04
[09:51:10] INFO   ep37: train_loss=0.8683 val_acc=0.8050 val_f1=0.7999 val_uar=0.8050 lr=3.73e-04
[09:51:18] INFO   ep38: train_loss=0.8698 val_acc=0.7970 val_f1=0.7914 val_uar=0.7970 lr=3.45e-04
[09:51:26] INFO   ep39: train_loss=0.8661 val_acc=0.8070 val_f1=0.8035 val_uar=0.8070 lr=3.19e-04
[09:51:34] INFO   ep40: train_loss=0.8657 val_acc=0.8020 val_f1=0.7990 val_uar=0.8020 lr=2.92e-04
[09:51:42] INFO   ep41: train_loss=0.8664 val_acc=0.8180 val_f1=0.8152 val_uar=0.8180 lr=2.67e-04
[09:51:50] INFO   ep42: train_loss=0.8639 val_acc=0.8100 val_f1=0.8079 val_uar=0.8100 lr=2.42e-04
[09:51:58] INFO   ep43: train_loss=0.8645 val_acc=0.8180 val_f1=0.8131 val_uar=0.8180 lr=2.18e-04
[09:52:06] INFO   ep44: train_loss=0.8638 val_acc=0.8220 val_f1=0.8180 val_uar=0.8220 lr=1.95e-04
[09:52:14] INFO   ep45: train_loss=0.8627 val_acc=0.8240 val_f1=0.8208 val_uar=0.8240 lr=1.73e-04
[09:52:22] INFO   ep46: train_loss=0.8623 val_acc=0.8190 val_f1=0.8165 val_uar=0.8190 lr=1.52e-04
[09:52:29] INFO   ep47: train_loss=0.8622 val_acc=0.8200 val_f1=0.8173 val_uar=0.8200 lr=1.32e-04
[09:52:37] INFO   ep48: train_loss=0.8617 val_acc=0.8260 val_f1=0.8229 val_uar=0.8260 lr=1.13e-04
[09:52:45] INFO   ep49: train_loss=0.8614 val_acc=0.8220 val_f1=0.8181 val_uar=0.8220 lr=9.55e-05
[09:52:53] INFO   ep50: train_loss=0.8611 val_acc=0.8190 val_f1=0.8154 val_uar=0.8190 lr=7.94e-05
[09:53:01] INFO   ep51: train_loss=0.8622 val_acc=0.8220 val_f1=0.8179 val_uar=0.8220 lr=6.46e-05
[09:53:09] INFO   ep52: train_loss=0.8611 val_acc=0.8180 val_f1=0.8148 val_uar=0.8180 lr=5.13e-05
[09:53:17] INFO   ep53: train_loss=0.8609 val_acc=0.8190 val_f1=0.8153 val_uar=0.8190 lr=3.94e-05
[09:53:25] INFO   ep54: train_loss=0.8606 val_acc=0.8250 val_f1=0.8214 val_uar=0.8250 lr=2.91e-05
[09:53:33] INFO   ep55: train_loss=0.8606 val_acc=0.8250 val_f1=0.8203 val_uar=0.8250 lr=2.03e-05
[09:53:41] INFO   ep56: train_loss=0.8600 val_acc=0.8230 val_f1=0.8187 val_uar=0.8230 lr=1.30e-05
[09:53:48] INFO   ep57: train_loss=0.8594 val_acc=0.8210 val_f1=0.8163 val_uar=0.8210 lr=7.32e-06
[09:53:56] INFO   ep58: train_loss=0.8602 val_acc=0.8260 val_f1=0.8229 val_uar=0.8260 lr=3.26e-06
[09:54:04] INFO   ep59: train_loss=0.8604 val_acc=0.8240 val_f1=0.8206 val_uar=0.8240 lr=8.15e-07
[09:54:12] INFO   ep60: train_loss=0.8594 val_acc=0.8170 val_f1=0.8123 val_uar=0.8170 lr=0.00e+00
[09:54:12] INFO [done] resnet50_adamw_lr1e3 best_val_acc=0.8260 lr_used=0.001 ckpt=checkpoints\cub200_resnet50_adamw_lr1e3_seed3.pt time=8.3min
[09:54:14] INFO   [E1] eval clean + per colorfulness bin
[09:54:34] INFO   [E2] eval perturbasi warna
[09:59:49] INFO   done resnet50_adamw_lr1e3 seed3
[09:59:49] INFO ==== cub200 / resnet50_adamw_lr1e3 / seed4 (recipe=adamw_lr1e3 gray=False) ====
[09:59:49] INFO [train] cub200/resnet50_adamw_lr1e3/seed4 recipe=adamw_lr1e3 opt=adamw lr=0.001 wd=0.05 grayscale=False epochs=60 device=cuda n_train=4994 n_val=1000 bs=64 accum=1
[10:00:25] INFO   ep1: train_loss=5.2296 val_acc=0.1740 val_f1=0.1421 val_uar=0.1740 lr=4.00e-04
[10:00:32] INFO   ep2: train_loss=3.8762 val_acc=0.4480 val_f1=0.3941 val_uar=0.4480 lr=6.00e-04
[10:00:40] INFO   ep3: train_loss=2.2543 val_acc=0.6410 val_f1=0.6209 val_uar=0.6410 lr=8.00e-04
[10:00:47] INFO   ep4: train_loss=1.6720 val_acc=0.6950 val_f1=0.6794 val_uar=0.6950 lr=1.00e-03
[10:00:55] INFO   ep5: train_loss=1.4225 val_acc=0.6670 val_f1=0.6587 val_uar=0.6670 lr=1.00e-03
[10:01:03] INFO   ep6: train_loss=1.2662 val_acc=0.7240 val_f1=0.7185 val_uar=0.7240 lr=9.99e-04
[10:01:10] INFO   ep7: train_loss=1.1184 val_acc=0.7450 val_f1=0.7384 val_uar=0.7450 lr=9.97e-04
[10:01:18] INFO   ep8: train_loss=1.0602 val_acc=0.7590 val_f1=0.7529 val_uar=0.7590 lr=9.93e-04
[10:01:26] INFO   ep9: train_loss=1.0107 val_acc=0.7760 val_f1=0.7723 val_uar=0.7760 lr=9.87e-04
[10:01:33] INFO   ep10: train_loss=0.9818 val_acc=0.7800 val_f1=0.7743 val_uar=0.7800 lr=9.80e-04
[10:01:41] INFO   ep11: train_loss=0.9625 val_acc=0.7690 val_f1=0.7619 val_uar=0.7690 lr=9.71e-04
[10:01:49] INFO   ep12: train_loss=0.9559 val_acc=0.7850 val_f1=0.7827 val_uar=0.7850 lr=9.61e-04
[10:01:57] INFO   ep13: train_loss=0.9539 val_acc=0.7700 val_f1=0.7631 val_uar=0.7700 lr=9.49e-04
[10:02:04] INFO   ep14: train_loss=0.9371 val_acc=0.7880 val_f1=0.7835 val_uar=0.7880 lr=9.35e-04
[10:02:12] INFO   ep15: train_loss=0.9235 val_acc=0.7930 val_f1=0.7896 val_uar=0.7930 lr=9.21e-04
[10:02:20] INFO   ep16: train_loss=0.9242 val_acc=0.7730 val_f1=0.7670 val_uar=0.7730 lr=9.05e-04
[10:02:27] INFO   ep17: train_loss=0.9207 val_acc=0.7820 val_f1=0.7761 val_uar=0.7820 lr=8.87e-04
[10:02:35] INFO   ep18: train_loss=0.9150 val_acc=0.7880 val_f1=0.7845 val_uar=0.7880 lr=8.68e-04
[10:02:43] INFO   ep19: train_loss=0.9088 val_acc=0.7860 val_f1=0.7824 val_uar=0.7860 lr=8.48e-04
[10:02:50] INFO   ep20: train_loss=0.9111 val_acc=0.7820 val_f1=0.7755 val_uar=0.7820 lr=8.27e-04
[10:02:58] INFO   ep21: train_loss=0.9111 val_acc=0.7900 val_f1=0.7853 val_uar=0.7900 lr=8.05e-04
[10:03:06] INFO   ep22: train_loss=0.9142 val_acc=0.7590 val_f1=0.7545 val_uar=0.7590 lr=7.82e-04
[10:03:14] INFO   ep23: train_loss=0.9061 val_acc=0.7960 val_f1=0.7906 val_uar=0.7960 lr=7.58e-04
[10:03:21] INFO   ep24: train_loss=0.8971 val_acc=0.8090 val_f1=0.8041 val_uar=0.8090 lr=7.33e-04
[10:03:29] INFO   ep25: train_loss=0.8961 val_acc=0.7870 val_f1=0.7808 val_uar=0.7870 lr=7.08e-04
[10:03:37] INFO   ep26: train_loss=0.8881 val_acc=0.8040 val_f1=0.8006 val_uar=0.8040 lr=6.81e-04
[10:03:45] INFO   ep27: train_loss=0.8843 val_acc=0.8050 val_f1=0.7982 val_uar=0.8050 lr=6.55e-04
[10:03:53] INFO   ep28: train_loss=0.8841 val_acc=0.8080 val_f1=0.8027 val_uar=0.8080 lr=6.27e-04
[10:04:00] INFO   ep29: train_loss=0.8779 val_acc=0.8160 val_f1=0.8100 val_uar=0.8160 lr=5.99e-04
[10:04:08] INFO   ep30: train_loss=0.8791 val_acc=0.8070 val_f1=0.8050 val_uar=0.8070 lr=5.71e-04
[10:04:16] INFO   ep31: train_loss=0.8816 val_acc=0.8010 val_f1=0.7948 val_uar=0.8010 lr=5.43e-04
[10:04:24] INFO   ep32: train_loss=0.8786 val_acc=0.8070 val_f1=0.8039 val_uar=0.8070 lr=5.14e-04
[10:04:32] INFO   ep33: train_loss=0.8742 val_acc=0.7970 val_f1=0.7933 val_uar=0.7970 lr=4.86e-04
[10:04:40] INFO   ep34: train_loss=0.8719 val_acc=0.8010 val_f1=0.7976 val_uar=0.8010 lr=4.57e-04
[10:04:47] INFO   ep35: train_loss=0.8754 val_acc=0.8060 val_f1=0.8052 val_uar=0.8060 lr=4.29e-04
[10:04:55] INFO   ep36: train_loss=0.8735 val_acc=0.8080 val_f1=0.8034 val_uar=0.8080 lr=4.01e-04
[10:05:03] INFO   ep37: train_loss=0.8685 val_acc=0.8140 val_f1=0.8101 val_uar=0.8140 lr=3.73e-04
[10:05:11] INFO   ep38: train_loss=0.8674 val_acc=0.8170 val_f1=0.8138 val_uar=0.8170 lr=3.45e-04
[10:05:19] INFO   ep39: train_loss=0.8673 val_acc=0.8170 val_f1=0.8134 val_uar=0.8170 lr=3.19e-04
[10:05:27] INFO   ep40: train_loss=0.8659 val_acc=0.8160 val_f1=0.8111 val_uar=0.8160 lr=2.92e-04
[10:05:35] INFO   ep41: train_loss=0.8644 val_acc=0.8200 val_f1=0.8169 val_uar=0.8200 lr=2.67e-04
[10:05:42] INFO   ep42: train_loss=0.8637 val_acc=0.8200 val_f1=0.8158 val_uar=0.8200 lr=2.42e-04
[10:05:50] INFO   ep43: train_loss=0.8646 val_acc=0.8200 val_f1=0.8156 val_uar=0.8200 lr=2.18e-04
[10:05:58] INFO   ep44: train_loss=0.8625 val_acc=0.8200 val_f1=0.8167 val_uar=0.8200 lr=1.95e-04
[10:06:06] INFO   ep45: train_loss=0.8626 val_acc=0.8170 val_f1=0.8125 val_uar=0.8170 lr=1.73e-04
[10:06:14] INFO   ep46: train_loss=0.8615 val_acc=0.8180 val_f1=0.8133 val_uar=0.8180 lr=1.52e-04
[10:06:22] INFO   ep47: train_loss=0.8618 val_acc=0.8280 val_f1=0.8233 val_uar=0.8280 lr=1.32e-04
[10:06:30] INFO   ep48: train_loss=0.8621 val_acc=0.8240 val_f1=0.8208 val_uar=0.8240 lr=1.13e-04
[10:06:38] INFO   ep49: train_loss=0.8613 val_acc=0.8280 val_f1=0.8245 val_uar=0.8280 lr=9.55e-05
[10:06:46] INFO   ep50: train_loss=0.8607 val_acc=0.8260 val_f1=0.8224 val_uar=0.8260 lr=7.94e-05
[10:06:53] INFO   ep51: train_loss=0.8607 val_acc=0.8260 val_f1=0.8231 val_uar=0.8260 lr=6.46e-05
[10:07:01] INFO   ep52: train_loss=0.8601 val_acc=0.8260 val_f1=0.8224 val_uar=0.8260 lr=5.13e-05
[10:07:09] INFO   ep53: train_loss=0.8608 val_acc=0.8270 val_f1=0.8230 val_uar=0.8270 lr=3.94e-05
[10:07:17] INFO   ep54: train_loss=0.8605 val_acc=0.8220 val_f1=0.8175 val_uar=0.8220 lr=2.91e-05
[10:07:25] INFO   ep55: train_loss=0.8607 val_acc=0.8190 val_f1=0.8147 val_uar=0.8190 lr=2.03e-05
[10:07:33] INFO   ep56: train_loss=0.8600 val_acc=0.8210 val_f1=0.8176 val_uar=0.8210 lr=1.30e-05
[10:07:41] INFO   ep57: train_loss=0.8607 val_acc=0.8200 val_f1=0.8165 val_uar=0.8200 lr=7.32e-06
[10:07:49] INFO   ep58: train_loss=0.8597 val_acc=0.8240 val_f1=0.8201 val_uar=0.8240 lr=3.26e-06
[10:07:57] INFO   ep59: train_loss=0.8605 val_acc=0.8240 val_f1=0.8203 val_uar=0.8240 lr=8.15e-07
[10:08:05] INFO   ep60: train_loss=0.8596 val_acc=0.8250 val_f1=0.8212 val_uar=0.8250 lr=0.00e+00
[10:08:05] INFO [done] resnet50_adamw_lr1e3 best_val_acc=0.8280 lr_used=0.001 ckpt=checkpoints\cub200_resnet50_adamw_lr1e3_seed4.pt time=8.3min
[10:08:06] INFO   [E1] eval clean + per colorfulness bin
[10:08:26] INFO   [E2] eval perturbasi warna
[10:13:43] INFO   done resnet50_adamw_lr1e3 seed4
[10:13:43] INFO ALL DONE
[07:50:24] INFO dataset=cub200 models=['resnet50_tv'] seeds=[0, 1, 2, 3, 4] epochs=None recipe=adamw_lr1e3
[07:50:24] INFO ==== cub200 / resnet50_tv_adamw_lr1e3 / seed0 (recipe=adamw_lr1e3 gray=False) ====
[07:50:26] INFO [train] cub200/resnet50_tv_adamw_lr1e3/seed0 recipe=adamw_lr1e3 opt=adamw lr=0.001 wd=0.05 grayscale=False epochs=60 device=cuda n_train=4994 n_val=1000 bs=64 accum=1
[07:51:06] INFO dataset=cub200 models=['resnet50_tv'] seeds=[0, 1, 2, 3, 4] epochs=None recipe=adamw_lr1e3
[07:51:06] INFO ==== cub200 / resnet50_tv_adamw_lr1e3 / seed0 (recipe=adamw_lr1e3 gray=False) ====
[07:51:08] INFO [train] cub200/resnet50_tv_adamw_lr1e3/seed0 recipe=adamw_lr1e3 opt=adamw lr=0.001 wd=0.05 grayscale=False epochs=60 device=cuda n_train=4994 n_val=1000 bs=64 accum=1
[07:51:32] INFO   ep1: train_loss=4.1755 val_acc=0.4320 val_f1=0.3797 val_uar=0.4320 lr=4.00e-04
[07:51:40] INFO   ep2: train_loss=2.6428 val_acc=0.4360 val_f1=0.4000 val_uar=0.4360 lr=6.00e-04
[07:51:48] INFO   ep3: train_loss=2.4312 val_acc=0.3690 val_f1=0.3514 val_uar=0.3690 lr=8.00e-04
[07:51:57] INFO   ep4: train_loss=2.4053 val_acc=0.3970 val_f1=0.3597 val_uar=0.3970 lr=1.00e-03
[07:52:05] INFO   ep5: train_loss=2.4325 val_acc=0.3230 val_f1=0.2900 val_uar=0.3230 lr=1.00e-03
[07:52:14] INFO   ep6: train_loss=2.1507 val_acc=0.4010 val_f1=0.3686 val_uar=0.4010 lr=9.99e-04
[07:52:22] INFO   ep7: train_loss=1.9232 val_acc=0.5320 val_f1=0.5098 val_uar=0.5320 lr=9.97e-04
[07:52:30] INFO   ep8: train_loss=1.7453 val_acc=0.5540 val_f1=0.5341 val_uar=0.5540 lr=9.93e-04
[07:52:39] INFO   ep9: train_loss=1.6363 val_acc=0.5920 val_f1=0.5759 val_uar=0.5920 lr=9.87e-04
[07:52:47] INFO   ep10: train_loss=1.5335 val_acc=0.6090 val_f1=0.6034 val_uar=0.6090 lr=9.80e-04
[07:52:56] INFO   ep11: train_loss=1.4377 val_acc=0.5850 val_f1=0.5697 val_uar=0.5850 lr=9.71e-04
[07:53:04] INFO   ep12: train_loss=1.3969 val_acc=0.6380 val_f1=0.6143 val_uar=0.6380 lr=9.61e-04
[07:53:13] INFO   ep13: train_loss=1.3329 val_acc=0.6420 val_f1=0.6307 val_uar=0.6420 lr=9.49e-04
[07:53:21] INFO   ep14: train_loss=1.2769 val_acc=0.6500 val_f1=0.6360 val_uar=0.6500 lr=9.35e-04
[07:53:30] INFO   ep15: train_loss=1.2832 val_acc=0.6240 val_f1=0.6237 val_uar=0.6240 lr=9.21e-04
[07:53:38] INFO   ep16: train_loss=1.2190 val_acc=0.6220 val_f1=0.6159 val_uar=0.6220 lr=9.05e-04
[07:53:47] INFO   ep17: train_loss=1.1720 val_acc=0.6900 val_f1=0.6826 val_uar=0.6900 lr=8.87e-04
[07:53:55] INFO   ep18: train_loss=1.1428 val_acc=0.6560 val_f1=0.6574 val_uar=0.6560 lr=8.68e-04
[07:54:04] INFO   ep19: train_loss=1.1193 val_acc=0.7060 val_f1=0.7060 val_uar=0.7060 lr=8.48e-04
[07:54:12] INFO   ep20: train_loss=1.0890 val_acc=0.7160 val_f1=0.7157 val_uar=0.7160 lr=8.27e-04
[07:54:20] INFO   ep21: train_loss=1.0482 val_acc=0.7030 val_f1=0.6961 val_uar=0.7030 lr=8.05e-04
[07:54:29] INFO   ep22: train_loss=1.0272 val_acc=0.7240 val_f1=0.7206 val_uar=0.7240 lr=7.82e-04
[07:54:37] INFO   ep23: train_loss=1.0180 val_acc=0.7350 val_f1=0.7288 val_uar=0.7350 lr=7.58e-04
[07:54:46] INFO   ep24: train_loss=1.0087 val_acc=0.7280 val_f1=0.7194 val_uar=0.7280 lr=7.33e-04
[07:54:54] INFO   ep25: train_loss=1.0181 val_acc=0.7100 val_f1=0.7076 val_uar=0.7100 lr=7.08e-04
[07:55:02] INFO   ep26: train_loss=1.0073 val_acc=0.7210 val_f1=0.7245 val_uar=0.7210 lr=6.81e-04
[07:55:10] INFO   ep27: train_loss=0.9876 val_acc=0.7360 val_f1=0.7266 val_uar=0.7360 lr=6.55e-04
[07:55:19] INFO   ep28: train_loss=0.9850 val_acc=0.7360 val_f1=0.7276 val_uar=0.7360 lr=6.27e-04
[07:55:27] INFO   ep29: train_loss=0.9660 val_acc=0.7610 val_f1=0.7572 val_uar=0.7610 lr=5.99e-04
[07:55:35] INFO   ep30: train_loss=0.9514 val_acc=0.7540 val_f1=0.7524 val_uar=0.7540 lr=5.71e-04
[07:55:44] INFO   ep31: train_loss=0.9433 val_acc=0.7760 val_f1=0.7711 val_uar=0.7760 lr=5.43e-04
[07:55:52] INFO   ep32: train_loss=0.9352 val_acc=0.7720 val_f1=0.7698 val_uar=0.7720 lr=5.14e-04
[07:56:00] INFO   ep33: train_loss=0.9263 val_acc=0.7820 val_f1=0.7757 val_uar=0.7820 lr=4.86e-04
[07:56:09] INFO   ep34: train_loss=0.9208 val_acc=0.7840 val_f1=0.7758 val_uar=0.7840 lr=4.57e-04
[07:56:17] INFO   ep35: train_loss=0.9190 val_acc=0.7760 val_f1=0.7720 val_uar=0.7760 lr=4.29e-04
[07:56:25] INFO   ep36: train_loss=0.9166 val_acc=0.7920 val_f1=0.7874 val_uar=0.7920 lr=4.01e-04
[07:56:34] INFO   ep37: train_loss=0.9113 val_acc=0.7850 val_f1=0.7788 val_uar=0.7850 lr=3.73e-04
[07:56:42] INFO   ep38: train_loss=0.9095 val_acc=0.7800 val_f1=0.7726 val_uar=0.7800 lr=3.45e-04
[07:56:50] INFO   ep39: train_loss=0.9027 val_acc=0.7960 val_f1=0.7907 val_uar=0.7960 lr=3.19e-04
[07:56:59] INFO   ep40: train_loss=0.8978 val_acc=0.8100 val_f1=0.8066 val_uar=0.8100 lr=2.92e-04
[07:57:07] INFO   ep41: train_loss=0.8929 val_acc=0.7960 val_f1=0.7913 val_uar=0.7960 lr=2.67e-04
[07:57:15] INFO   ep42: train_loss=0.8936 val_acc=0.8050 val_f1=0.8012 val_uar=0.8050 lr=2.42e-04
[07:57:23] INFO   ep43: train_loss=0.8901 val_acc=0.8060 val_f1=0.8007 val_uar=0.8060 lr=2.18e-04
[07:57:32] INFO   ep44: train_loss=0.8893 val_acc=0.8060 val_f1=0.8003 val_uar=0.8060 lr=1.95e-04
[07:57:40] INFO   ep45: train_loss=0.8865 val_acc=0.8030 val_f1=0.7984 val_uar=0.8030 lr=1.73e-04
[07:57:48] INFO   ep46: train_loss=0.8870 val_acc=0.8130 val_f1=0.8076 val_uar=0.8130 lr=1.52e-04
[07:57:57] INFO   ep47: train_loss=0.8833 val_acc=0.8030 val_f1=0.7967 val_uar=0.8030 lr=1.32e-04
[07:58:05] INFO   ep48: train_loss=0.8832 val_acc=0.8100 val_f1=0.8042 val_uar=0.8100 lr=1.13e-04
[07:58:13] INFO   ep49: train_loss=0.8808 val_acc=0.8100 val_f1=0.8050 val_uar=0.8100 lr=9.55e-05
[07:58:22] INFO   ep50: train_loss=0.8794 val_acc=0.8030 val_f1=0.7983 val_uar=0.8030 lr=7.94e-05
[07:58:30] INFO   ep51: train_loss=0.8779 val_acc=0.8040 val_f1=0.7985 val_uar=0.8040 lr=6.46e-05
[07:58:38] INFO   ep52: train_loss=0.8765 val_acc=0.8080 val_f1=0.8040 val_uar=0.8080 lr=5.13e-05
[07:58:46] INFO   ep53: train_loss=0.8778 val_acc=0.8080 val_f1=0.8032 val_uar=0.8080 lr=3.94e-05
[07:58:55] INFO   ep54: train_loss=0.8761 val_acc=0.8050 val_f1=0.8007 val_uar=0.8050 lr=2.91e-05
[07:59:03] INFO   ep55: train_loss=0.8771 val_acc=0.8080 val_f1=0.8028 val_uar=0.8080 lr=2.03e-05
[07:59:11] INFO   ep56: train_loss=0.8765 val_acc=0.8130 val_f1=0.8076 val_uar=0.8130 lr=1.30e-05
[07:59:20] INFO   ep57: train_loss=0.8757 val_acc=0.8090 val_f1=0.8041 val_uar=0.8090 lr=7.32e-06
[07:59:28] INFO   ep58: train_loss=0.8753 val_acc=0.8070 val_f1=0.8021 val_uar=0.8070 lr=3.26e-06
[07:59:36] INFO   ep59: train_loss=0.8758 val_acc=0.8060 val_f1=0.8012 val_uar=0.8060 lr=8.15e-07
[07:59:44] INFO   ep60: train_loss=0.8746 val_acc=0.8070 val_f1=0.8025 val_uar=0.8070 lr=0.00e+00
[07:59:44] INFO [done] resnet50_tv_adamw_lr1e3 best_val_acc=0.8130 lr_used=0.001 ckpt=checkpoints\cub200_resnet50_tv_adamw_lr1e3_seed0.pt time=8.6min
[07:59:46] INFO   [E1] eval clean + per colorfulness bin
[08:00:02] INFO   [E2] eval perturbasi warna
[08:04:21] INFO   done resnet50_tv_adamw_lr1e3 seed0
[08:04:21] INFO ==== cub200 / resnet50_tv_adamw_lr1e3 / seed1 (recipe=adamw_lr1e3 gray=False) ====
[08:04:21] INFO [train] cub200/resnet50_tv_adamw_lr1e3/seed1 recipe=adamw_lr1e3 opt=adamw lr=0.001 wd=0.05 grayscale=False epochs=60 device=cuda n_train=4994 n_val=1000 bs=64 accum=1
[08:04:44] INFO   ep1: train_loss=4.1751 val_acc=0.4530 val_f1=0.3930 val_uar=0.4530 lr=4.00e-04
[08:04:52] INFO   ep2: train_loss=2.6401 val_acc=0.3750 val_f1=0.3447 val_uar=0.3750 lr=6.00e-04
[08:05:00] INFO   ep3: train_loss=2.4390 val_acc=0.3680 val_f1=0.3303 val_uar=0.3680 lr=8.00e-04
[08:05:09] INFO   ep4: train_loss=2.4332 val_acc=0.3930 val_f1=0.3489 val_uar=0.3930 lr=1.00e-03
[08:05:17] INFO   ep5: train_loss=2.4114 val_acc=0.4220 val_f1=0.3882 val_uar=0.4220 lr=1.00e-03
[08:05:25] INFO   ep6: train_loss=2.1707 val_acc=0.4070 val_f1=0.3757 val_uar=0.4070 lr=9.99e-04
[08:05:33] INFO   ep7: train_loss=1.9158 val_acc=0.4780 val_f1=0.4519 val_uar=0.4780 lr=9.97e-04
[08:05:42] INFO   ep8: train_loss=1.7521 val_acc=0.5970 val_f1=0.5883 val_uar=0.5970 lr=9.93e-04
[08:05:50] INFO   ep9: train_loss=1.6303 val_acc=0.5840 val_f1=0.5699 val_uar=0.5840 lr=9.87e-04
[08:05:58] INFO   ep10: train_loss=1.5579 val_acc=0.6080 val_f1=0.5936 val_uar=0.6080 lr=9.80e-04
[08:06:07] INFO   ep11: train_loss=1.4682 val_acc=0.6210 val_f1=0.6121 val_uar=0.6210 lr=9.71e-04
[08:06:15] INFO   ep12: train_loss=1.4054 val_acc=0.6220 val_f1=0.6127 val_uar=0.6220 lr=9.61e-04
[08:06:23] INFO   ep13: train_loss=1.3195 val_acc=0.6360 val_f1=0.6276 val_uar=0.6360 lr=9.49e-04
[08:06:32] INFO   ep14: train_loss=1.2732 val_acc=0.6430 val_f1=0.6305 val_uar=0.6430 lr=9.35e-04
[08:06:40] INFO   ep15: train_loss=1.2435 val_acc=0.6370 val_f1=0.6327 val_uar=0.6370 lr=9.21e-04
[08:06:48] INFO   ep16: train_loss=1.2153 val_acc=0.6580 val_f1=0.6482 val_uar=0.6580 lr=9.05e-04
[08:06:57] INFO   ep17: train_loss=1.1748 val_acc=0.6560 val_f1=0.6480 val_uar=0.6560 lr=8.87e-04
[08:07:05] INFO   ep18: train_loss=1.1408 val_acc=0.6660 val_f1=0.6552 val_uar=0.6660 lr=8.68e-04
[08:07:13] INFO   ep19: train_loss=1.1226 val_acc=0.6980 val_f1=0.6902 val_uar=0.6980 lr=8.48e-04
[08:07:21] INFO   ep20: train_loss=1.0857 val_acc=0.7110 val_f1=0.7036 val_uar=0.7110 lr=8.27e-04
[08:07:30] INFO   ep21: train_loss=1.0670 val_acc=0.6920 val_f1=0.6886 val_uar=0.6920 lr=8.05e-04
[08:07:38] INFO   ep22: train_loss=1.0514 val_acc=0.7070 val_f1=0.6986 val_uar=0.7070 lr=7.82e-04
[08:07:47] INFO   ep23: train_loss=1.0301 val_acc=0.7150 val_f1=0.7049 val_uar=0.7150 lr=7.58e-04
[08:07:55] INFO   ep24: train_loss=1.0293 val_acc=0.7150 val_f1=0.7084 val_uar=0.7150 lr=7.33e-04
[08:08:03] INFO   ep25: train_loss=1.0125 val_acc=0.7290 val_f1=0.7231 val_uar=0.7290 lr=7.08e-04
[08:08:12] INFO   ep26: train_loss=1.0009 val_acc=0.7230 val_f1=0.7200 val_uar=0.7230 lr=6.81e-04
[08:08:20] INFO   ep27: train_loss=0.9819 val_acc=0.7450 val_f1=0.7399 val_uar=0.7450 lr=6.55e-04
[08:08:28] INFO   ep28: train_loss=0.9692 val_acc=0.7510 val_f1=0.7466 val_uar=0.7510 lr=6.27e-04
[08:08:36] INFO   ep29: train_loss=0.9548 val_acc=0.7670 val_f1=0.7604 val_uar=0.7670 lr=5.99e-04
[08:08:45] INFO   ep30: train_loss=0.9514 val_acc=0.7640 val_f1=0.7592 val_uar=0.7640 lr=5.71e-04
[08:08:53] INFO   ep31: train_loss=0.9414 val_acc=0.7550 val_f1=0.7432 val_uar=0.7550 lr=5.43e-04
[08:09:02] INFO   ep32: train_loss=0.9320 val_acc=0.7700 val_f1=0.7623 val_uar=0.7700 lr=5.14e-04
[08:09:10] INFO   ep33: train_loss=0.9303 val_acc=0.7630 val_f1=0.7558 val_uar=0.7630 lr=4.86e-04
[08:09:18] INFO   ep34: train_loss=0.9224 val_acc=0.7930 val_f1=0.7878 val_uar=0.7930 lr=4.57e-04
[08:09:26] INFO   ep35: train_loss=0.9189 val_acc=0.7670 val_f1=0.7576 val_uar=0.7670 lr=4.29e-04
[08:09:35] INFO   ep36: train_loss=0.9131 val_acc=0.7890 val_f1=0.7816 val_uar=0.7890 lr=4.01e-04
[08:09:43] INFO   ep37: train_loss=0.9086 val_acc=0.7870 val_f1=0.7802 val_uar=0.7870 lr=3.73e-04
[08:09:51] INFO   ep38: train_loss=0.9048 val_acc=0.7950 val_f1=0.7875 val_uar=0.7950 lr=3.45e-04
[08:10:00] INFO   ep39: train_loss=0.9024 val_acc=0.7930 val_f1=0.7855 val_uar=0.7930 lr=3.19e-04
[08:10:08] INFO   ep40: train_loss=0.9015 val_acc=0.7870 val_f1=0.7804 val_uar=0.7870 lr=2.92e-04
[08:10:17] INFO   ep41: train_loss=0.8993 val_acc=0.7910 val_f1=0.7849 val_uar=0.7910 lr=2.67e-04
[08:10:25] INFO   ep42: train_loss=0.8949 val_acc=0.7940 val_f1=0.7882 val_uar=0.7940 lr=2.42e-04
[08:10:33] INFO   ep43: train_loss=0.8940 val_acc=0.7980 val_f1=0.7922 val_uar=0.7980 lr=2.18e-04
[08:10:41] INFO   ep44: train_loss=0.8911 val_acc=0.8010 val_f1=0.7952 val_uar=0.8010 lr=1.95e-04
[08:10:50] INFO   ep45: train_loss=0.8878 val_acc=0.7860 val_f1=0.7772 val_uar=0.7860 lr=1.73e-04
[08:10:58] INFO   ep46: train_loss=0.8858 val_acc=0.7960 val_f1=0.7879 val_uar=0.7960 lr=1.52e-04
[08:11:07] INFO   ep47: train_loss=0.8840 val_acc=0.7980 val_f1=0.7930 val_uar=0.7980 lr=1.32e-04
[08:11:15] INFO   ep48: train_loss=0.8823 val_acc=0.8040 val_f1=0.7992 val_uar=0.8040 lr=1.13e-04
[08:11:23] INFO   ep49: train_loss=0.8806 val_acc=0.8040 val_f1=0.7992 val_uar=0.8040 lr=9.55e-05
[08:11:32] INFO   ep50: train_loss=0.8791 val_acc=0.8050 val_f1=0.7984 val_uar=0.8050 lr=7.94e-05
[08:11:40] INFO   ep51: train_loss=0.8816 val_acc=0.8000 val_f1=0.7930 val_uar=0.8000 lr=6.46e-05
[08:11:48] INFO   ep52: train_loss=0.8793 val_acc=0.8010 val_f1=0.7949 val_uar=0.8010 lr=5.13e-05
[08:11:57] INFO   ep53: train_loss=0.8792 val_acc=0.8020 val_f1=0.7962 val_uar=0.8020 lr=3.94e-05
[08:12:05] INFO   ep54: train_loss=0.8778 val_acc=0.8070 val_f1=0.8012 val_uar=0.8070 lr=2.91e-05
[08:12:13] INFO   ep55: train_loss=0.8769 val_acc=0.8130 val_f1=0.8074 val_uar=0.8130 lr=2.03e-05
[08:12:22] INFO   ep56: train_loss=0.8774 val_acc=0.8070 val_f1=0.8018 val_uar=0.8070 lr=1.30e-05
[08:12:30] INFO   ep57: train_loss=0.8785 val_acc=0.8100 val_f1=0.8045 val_uar=0.8100 lr=7.32e-06
[08:12:39] INFO   ep58: train_loss=0.8759 val_acc=0.8080 val_f1=0.8021 val_uar=0.8080 lr=3.26e-06
[08:12:47] INFO   ep59: train_loss=0.8775 val_acc=0.8080 val_f1=0.8014 val_uar=0.8080 lr=8.15e-07
[08:12:55] INFO   ep60: train_loss=0.8761 val_acc=0.8070 val_f1=0.8012 val_uar=0.8070 lr=0.00e+00
[08:12:55] INFO [done] resnet50_tv_adamw_lr1e3 best_val_acc=0.8130 lr_used=0.001 ckpt=checkpoints\cub200_resnet50_tv_adamw_lr1e3_seed1.pt time=8.6min
[08:12:57] INFO   [E1] eval clean + per colorfulness bin
[08:13:13] INFO   [E2] eval perturbasi warna
[08:17:32] INFO   done resnet50_tv_adamw_lr1e3 seed1
[08:17:32] INFO ==== cub200 / resnet50_tv_adamw_lr1e3 / seed2 (recipe=adamw_lr1e3 gray=False) ====
[08:17:33] INFO [train] cub200/resnet50_tv_adamw_lr1e3/seed2 recipe=adamw_lr1e3 opt=adamw lr=0.001 wd=0.05 grayscale=False epochs=60 device=cuda n_train=4994 n_val=1000 bs=64 accum=1
[08:17:56] INFO   ep1: train_loss=4.1643 val_acc=0.4500 val_f1=0.4064 val_uar=0.4500 lr=4.00e-04
[08:18:04] INFO   ep2: train_loss=2.6355 val_acc=0.4520 val_f1=0.4148 val_uar=0.4520 lr=6.00e-04
[08:18:12] INFO   ep3: train_loss=2.4177 val_acc=0.3800 val_f1=0.3532 val_uar=0.3800 lr=8.00e-04
[08:18:20] INFO   ep4: train_loss=2.4038 val_acc=0.3940 val_f1=0.3668 val_uar=0.3940 lr=1.00e-03
[08:18:28] INFO   ep5: train_loss=2.3998 val_acc=0.3900 val_f1=0.3666 val_uar=0.3900 lr=1.00e-03
[08:18:36] INFO   ep6: train_loss=2.1310 val_acc=0.4950 val_f1=0.4677 val_uar=0.4950 lr=9.99e-04
[08:18:45] INFO   ep7: train_loss=1.8786 val_acc=0.5210 val_f1=0.5007 val_uar=0.5210 lr=9.97e-04
[08:18:53] INFO   ep8: train_loss=1.7662 val_acc=0.5780 val_f1=0.5585 val_uar=0.5780 lr=9.93e-04
[08:19:02] INFO   ep9: train_loss=1.6542 val_acc=0.5870 val_f1=0.5717 val_uar=0.5870 lr=9.87e-04
[08:19:10] INFO   ep10: train_loss=1.5352 val_acc=0.5900 val_f1=0.5727 val_uar=0.5900 lr=9.80e-04
[08:19:18] INFO   ep11: train_loss=1.4760 val_acc=0.6020 val_f1=0.5827 val_uar=0.6020 lr=9.71e-04
[08:19:27] INFO   ep12: train_loss=1.3742 val_acc=0.6280 val_f1=0.6249 val_uar=0.6280 lr=9.61e-04
[08:19:35] INFO   ep13: train_loss=1.3073 val_acc=0.6340 val_f1=0.6220 val_uar=0.6340 lr=9.49e-04
[08:19:43] INFO   ep14: train_loss=1.2650 val_acc=0.6940 val_f1=0.6839 val_uar=0.6940 lr=9.35e-04
[08:19:52] INFO   ep15: train_loss=1.2343 val_acc=0.6520 val_f1=0.6460 val_uar=0.6520 lr=9.21e-04
[08:20:00] INFO   ep16: train_loss=1.2056 val_acc=0.6620 val_f1=0.6591 val_uar=0.6620 lr=9.05e-04
[08:20:08] INFO   ep17: train_loss=1.1907 val_acc=0.6870 val_f1=0.6760 val_uar=0.6870 lr=8.87e-04
[08:20:17] INFO   ep18: train_loss=1.1460 val_acc=0.6880 val_f1=0.6788 val_uar=0.6880 lr=8.68e-04
[08:20:25] INFO   ep19: train_loss=1.1167 val_acc=0.6860 val_f1=0.6845 val_uar=0.6860 lr=8.48e-04
[08:20:33] INFO   ep20: train_loss=1.0820 val_acc=0.7090 val_f1=0.7083 val_uar=0.7090 lr=8.27e-04
[08:20:41] INFO   ep21: train_loss=1.0675 val_acc=0.7030 val_f1=0.6993 val_uar=0.7030 lr=8.05e-04
[08:20:50] INFO   ep22: train_loss=1.0463 val_acc=0.7090 val_f1=0.7036 val_uar=0.7090 lr=7.82e-04
[08:20:58] INFO   ep23: train_loss=1.0335 val_acc=0.7290 val_f1=0.7260 val_uar=0.7290 lr=7.58e-04
[08:21:06] INFO   ep24: train_loss=1.0085 val_acc=0.7340 val_f1=0.7260 val_uar=0.7340 lr=7.33e-04
[08:21:15] INFO   ep25: train_loss=1.0000 val_acc=0.7320 val_f1=0.7308 val_uar=0.7320 lr=7.08e-04
[08:21:23] INFO   ep26: train_loss=0.9806 val_acc=0.7440 val_f1=0.7386 val_uar=0.7440 lr=6.81e-04
[08:21:31] INFO   ep27: train_loss=0.9780 val_acc=0.7370 val_f1=0.7356 val_uar=0.7370 lr=6.55e-04
[08:21:40] INFO   ep28: train_loss=0.9735 val_acc=0.7270 val_f1=0.7226 val_uar=0.7270 lr=6.27e-04
[08:21:48] INFO   ep29: train_loss=0.9581 val_acc=0.7450 val_f1=0.7434 val_uar=0.7450 lr=5.99e-04
[08:21:56] INFO   ep30: train_loss=0.9468 val_acc=0.7580 val_f1=0.7489 val_uar=0.7580 lr=5.71e-04
[08:22:05] INFO   ep31: train_loss=0.9440 val_acc=0.7640 val_f1=0.7607 val_uar=0.7640 lr=5.43e-04
[08:22:13] INFO   ep32: train_loss=0.9380 val_acc=0.7650 val_f1=0.7609 val_uar=0.7650 lr=5.14e-04
[08:22:22] INFO   ep33: train_loss=0.9268 val_acc=0.7740 val_f1=0.7697 val_uar=0.7740 lr=4.86e-04
[08:22:30] INFO   ep34: train_loss=0.9264 val_acc=0.7720 val_f1=0.7648 val_uar=0.7720 lr=4.57e-04
[08:22:38] INFO   ep35: train_loss=0.9171 val_acc=0.7660 val_f1=0.7601 val_uar=0.7660 lr=4.29e-04
[08:22:46] INFO   ep36: train_loss=0.9148 val_acc=0.7820 val_f1=0.7795 val_uar=0.7820 lr=4.01e-04
[08:22:55] INFO   ep37: train_loss=0.9057 val_acc=0.7720 val_f1=0.7674 val_uar=0.7720 lr=3.73e-04
[08:23:03] INFO   ep38: train_loss=0.9056 val_acc=0.7810 val_f1=0.7741 val_uar=0.7810 lr=3.45e-04
[08:23:12] INFO   ep39: train_loss=0.9032 val_acc=0.7770 val_f1=0.7716 val_uar=0.7770 lr=3.19e-04
[08:23:20] INFO   ep40: train_loss=0.8973 val_acc=0.7840 val_f1=0.7770 val_uar=0.7840 lr=2.92e-04
[08:23:28] INFO   ep41: train_loss=0.8941 val_acc=0.7910 val_f1=0.7848 val_uar=0.7910 lr=2.67e-04
[08:23:36] INFO   ep42: train_loss=0.8913 val_acc=0.7910 val_f1=0.7857 val_uar=0.7910 lr=2.42e-04
[08:23:45] INFO   ep43: train_loss=0.8898 val_acc=0.7970 val_f1=0.7915 val_uar=0.7970 lr=2.18e-04
[08:23:53] INFO   ep44: train_loss=0.8906 val_acc=0.7990 val_f1=0.7926 val_uar=0.7990 lr=1.95e-04
[08:24:01] INFO   ep45: train_loss=0.8861 val_acc=0.7920 val_f1=0.7859 val_uar=0.7920 lr=1.73e-04
[08:24:10] INFO   ep46: train_loss=0.8846 val_acc=0.8000 val_f1=0.7936 val_uar=0.8000 lr=1.52e-04
[08:24:18] INFO   ep47: train_loss=0.8838 val_acc=0.7950 val_f1=0.7915 val_uar=0.7950 lr=1.32e-04
[08:24:26] INFO   ep48: train_loss=0.8835 val_acc=0.8050 val_f1=0.7988 val_uar=0.8050 lr=1.13e-04
[08:24:35] INFO   ep49: train_loss=0.8822 val_acc=0.7960 val_f1=0.7894 val_uar=0.7960 lr=9.55e-05
[08:24:43] INFO   ep50: train_loss=0.8790 val_acc=0.8030 val_f1=0.7958 val_uar=0.8030 lr=7.94e-05
[08:24:51] INFO   ep51: train_loss=0.8781 val_acc=0.8040 val_f1=0.7959 val_uar=0.8040 lr=6.46e-05
[08:24:59] INFO   ep52: train_loss=0.8779 val_acc=0.8040 val_f1=0.7981 val_uar=0.8040 lr=5.13e-05
[08:25:08] INFO   ep53: train_loss=0.8776 val_acc=0.8020 val_f1=0.7961 val_uar=0.8020 lr=3.94e-05
[08:25:16] INFO   ep54: train_loss=0.8766 val_acc=0.8040 val_f1=0.7971 val_uar=0.8040 lr=2.91e-05
[08:25:24] INFO   ep55: train_loss=0.8757 val_acc=0.8090 val_f1=0.8011 val_uar=0.8090 lr=2.03e-05
[08:25:33] INFO   ep56: train_loss=0.8762 val_acc=0.8040 val_f1=0.7966 val_uar=0.8040 lr=1.30e-05
[08:25:41] INFO   ep57: train_loss=0.8745 val_acc=0.8040 val_f1=0.7970 val_uar=0.8040 lr=7.32e-06
[08:25:50] INFO   ep58: train_loss=0.8765 val_acc=0.8040 val_f1=0.7976 val_uar=0.8040 lr=3.26e-06
[08:25:58] INFO   ep59: train_loss=0.8771 val_acc=0.8070 val_f1=0.7990 val_uar=0.8070 lr=8.15e-07
[08:26:07] INFO   ep60: train_loss=0.8765 val_acc=0.8120 val_f1=0.8042 val_uar=0.8120 lr=0.00e+00
[08:26:07] INFO [done] resnet50_tv_adamw_lr1e3 best_val_acc=0.8120 lr_used=0.001 ckpt=checkpoints\cub200_resnet50_tv_adamw_lr1e3_seed2.pt time=8.6min
[08:26:08] INFO   [E1] eval clean + per colorfulness bin
[08:26:25] INFO   [E2] eval perturbasi warna
[08:30:44] INFO   done resnet50_tv_adamw_lr1e3 seed2
[08:30:44] INFO ==== cub200 / resnet50_tv_adamw_lr1e3 / seed3 (recipe=adamw_lr1e3 gray=False) ====
[08:30:45] INFO [train] cub200/resnet50_tv_adamw_lr1e3/seed3 recipe=adamw_lr1e3 opt=adamw lr=0.001 wd=0.05 grayscale=False epochs=60 device=cuda n_train=4994 n_val=1000 bs=64 accum=1
[08:31:08] INFO   ep1: train_loss=4.1925 val_acc=0.4210 val_f1=0.3733 val_uar=0.4210 lr=4.00e-04
[08:31:16] INFO   ep2: train_loss=2.7049 val_acc=0.4460 val_f1=0.4055 val_uar=0.4460 lr=6.00e-04
[08:31:24] INFO   ep3: train_loss=2.4072 val_acc=0.3760 val_f1=0.3273 val_uar=0.3760 lr=8.00e-04
[08:31:32] INFO   ep4: train_loss=2.4320 val_acc=0.4200 val_f1=0.3871 val_uar=0.4200 lr=1.00e-03
[08:31:40] INFO   ep5: train_loss=2.3729 val_acc=0.3890 val_f1=0.3602 val_uar=0.3890 lr=1.00e-03
[08:31:48] INFO   ep6: train_loss=2.1256 val_acc=0.4520 val_f1=0.4296 val_uar=0.4520 lr=9.99e-04
[08:31:57] INFO   ep7: train_loss=1.9183 val_acc=0.5420 val_f1=0.5271 val_uar=0.5420 lr=9.97e-04
[08:32:05] INFO   ep8: train_loss=1.7618 val_acc=0.5860 val_f1=0.5683 val_uar=0.5860 lr=9.93e-04
[08:32:13] INFO   ep9: train_loss=1.6498 val_acc=0.5610 val_f1=0.5457 val_uar=0.5610 lr=9.87e-04
[08:32:22] INFO   ep10: train_loss=1.5374 val_acc=0.5900 val_f1=0.5724 val_uar=0.5900 lr=9.80e-04
[08:32:30] INFO   ep11: train_loss=1.4673 val_acc=0.6180 val_f1=0.6023 val_uar=0.6180 lr=9.71e-04
[08:32:38] INFO   ep12: train_loss=1.4013 val_acc=0.6130 val_f1=0.5997 val_uar=0.6130 lr=9.61e-04
[08:32:47] INFO   ep13: train_loss=1.3208 val_acc=0.6320 val_f1=0.6316 val_uar=0.6320 lr=9.49e-04
[08:32:55] INFO   ep14: train_loss=1.2847 val_acc=0.6180 val_f1=0.6098 val_uar=0.6180 lr=9.35e-04
[08:33:03] INFO   ep15: train_loss=1.2360 val_acc=0.6560 val_f1=0.6563 val_uar=0.6560 lr=9.21e-04
[08:33:12] INFO   ep16: train_loss=1.1956 val_acc=0.6640 val_f1=0.6570 val_uar=0.6640 lr=9.05e-04
[08:33:20] INFO   ep17: train_loss=1.1926 val_acc=0.6350 val_f1=0.6320 val_uar=0.6350 lr=8.87e-04
[08:33:28] INFO   ep18: train_loss=1.1439 val_acc=0.6830 val_f1=0.6744 val_uar=0.6830 lr=8.68e-04
[08:33:37] INFO   ep19: train_loss=1.1240 val_acc=0.6760 val_f1=0.6728 val_uar=0.6760 lr=8.48e-04
[08:33:45] INFO   ep20: train_loss=1.1009 val_acc=0.6860 val_f1=0.6781 val_uar=0.6860 lr=8.27e-04
[08:33:53] INFO   ep21: train_loss=1.0723 val_acc=0.7210 val_f1=0.7095 val_uar=0.7210 lr=8.05e-04
[08:34:02] INFO   ep22: train_loss=1.0368 val_acc=0.7210 val_f1=0.7188 val_uar=0.7210 lr=7.82e-04
[08:34:10] INFO   ep23: train_loss=1.0093 val_acc=0.7180 val_f1=0.7077 val_uar=0.7180 lr=7.58e-04
[08:34:18] INFO   ep24: train_loss=0.9956 val_acc=0.7510 val_f1=0.7434 val_uar=0.7510 lr=7.33e-04
[08:34:27] INFO   ep25: train_loss=0.9897 val_acc=0.7390 val_f1=0.7375 val_uar=0.7390 lr=7.08e-04
[08:34:35] INFO   ep26: train_loss=0.9859 val_acc=0.7400 val_f1=0.7334 val_uar=0.7400 lr=6.81e-04
[08:34:43] INFO   ep27: train_loss=0.9704 val_acc=0.7450 val_f1=0.7421 val_uar=0.7450 lr=6.55e-04
[08:34:52] INFO   ep28: train_loss=0.9683 val_acc=0.7520 val_f1=0.7440 val_uar=0.7520 lr=6.27e-04
[08:35:00] INFO   ep29: train_loss=0.9626 val_acc=0.7730 val_f1=0.7676 val_uar=0.7730 lr=5.99e-04
[08:35:08] INFO   ep30: train_loss=0.9524 val_acc=0.7610 val_f1=0.7540 val_uar=0.7610 lr=5.71e-04
[08:35:17] INFO   ep31: train_loss=0.9413 val_acc=0.7780 val_f1=0.7749 val_uar=0.7780 lr=5.43e-04
[08:35:25] INFO   ep32: train_loss=0.9341 val_acc=0.7870 val_f1=0.7818 val_uar=0.7870 lr=5.14e-04
[08:35:33] INFO   ep33: train_loss=0.9286 val_acc=0.7790 val_f1=0.7738 val_uar=0.7790 lr=4.86e-04
[08:35:41] INFO   ep34: train_loss=0.9220 val_acc=0.7640 val_f1=0.7573 val_uar=0.7640 lr=4.57e-04
[08:35:50] INFO   ep35: train_loss=0.9234 val_acc=0.7740 val_f1=0.7704 val_uar=0.7740 lr=4.29e-04
[08:35:58] INFO   ep36: train_loss=0.9171 val_acc=0.7710 val_f1=0.7662 val_uar=0.7710 lr=4.01e-04
[08:36:06] INFO   ep37: train_loss=0.9146 val_acc=0.7980 val_f1=0.7940 val_uar=0.7980 lr=3.73e-04
[08:36:15] INFO   ep38: train_loss=0.9060 val_acc=0.8010 val_f1=0.7965 val_uar=0.8010 lr=3.45e-04
[08:36:23] INFO   ep39: train_loss=0.9009 val_acc=0.7990 val_f1=0.7934 val_uar=0.7990 lr=3.19e-04
[08:36:32] INFO   ep40: train_loss=0.9001 val_acc=0.7850 val_f1=0.7789 val_uar=0.7850 lr=2.92e-04
[08:36:40] INFO   ep41: train_loss=0.8986 val_acc=0.8010 val_f1=0.7968 val_uar=0.8010 lr=2.67e-04
[08:36:48] INFO   ep42: train_loss=0.8954 val_acc=0.7910 val_f1=0.7859 val_uar=0.7910 lr=2.42e-04
[08:36:56] INFO   ep43: train_loss=0.8907 val_acc=0.7870 val_f1=0.7836 val_uar=0.7870 lr=2.18e-04
[08:37:05] INFO   ep44: train_loss=0.8880 val_acc=0.7960 val_f1=0.7917 val_uar=0.7960 lr=1.95e-04
[08:37:13] INFO   ep45: train_loss=0.8872 val_acc=0.8040 val_f1=0.8007 val_uar=0.8040 lr=1.73e-04
[08:37:22] INFO   ep46: train_loss=0.8860 val_acc=0.7970 val_f1=0.7931 val_uar=0.7970 lr=1.52e-04
[08:37:30] INFO   ep47: train_loss=0.8850 val_acc=0.7980 val_f1=0.7928 val_uar=0.7980 lr=1.32e-04
[08:37:38] INFO   ep48: train_loss=0.8828 val_acc=0.8060 val_f1=0.8015 val_uar=0.8060 lr=1.13e-04
[08:37:47] INFO   ep49: train_loss=0.8804 val_acc=0.8100 val_f1=0.8064 val_uar=0.8100 lr=9.55e-05
[08:37:55] INFO   ep50: train_loss=0.8794 val_acc=0.8120 val_f1=0.8093 val_uar=0.8120 lr=7.94e-05
[08:38:03] INFO   ep51: train_loss=0.8779 val_acc=0.8110 val_f1=0.8068 val_uar=0.8110 lr=6.46e-05
[08:38:12] INFO   ep52: train_loss=0.8778 val_acc=0.8010 val_f1=0.7981 val_uar=0.8010 lr=5.13e-05
[08:38:20] INFO   ep53: train_loss=0.8764 val_acc=0.8170 val_f1=0.8128 val_uar=0.8170 lr=3.94e-05
[08:38:28] INFO   ep54: train_loss=0.8765 val_acc=0.8060 val_f1=0.8034 val_uar=0.8060 lr=2.91e-05
[08:38:37] INFO   ep55: train_loss=0.8763 val_acc=0.8170 val_f1=0.8127 val_uar=0.8170 lr=2.03e-05
[08:38:45] INFO   ep56: train_loss=0.8761 val_acc=0.8150 val_f1=0.8120 val_uar=0.8150 lr=1.30e-05
[08:38:53] INFO   ep57: train_loss=0.8770 val_acc=0.8170 val_f1=0.8139 val_uar=0.8170 lr=7.32e-06
[08:39:01] INFO   ep58: train_loss=0.8767 val_acc=0.8140 val_f1=0.8099 val_uar=0.8140 lr=3.26e-06
[08:39:10] INFO   ep59: train_loss=0.8763 val_acc=0.8170 val_f1=0.8133 val_uar=0.8170 lr=8.15e-07
[08:39:18] INFO   ep60: train_loss=0.8744 val_acc=0.8150 val_f1=0.8103 val_uar=0.8150 lr=0.00e+00
[08:39:18] INFO [done] resnet50_tv_adamw_lr1e3 best_val_acc=0.8170 lr_used=0.001 ckpt=checkpoints\cub200_resnet50_tv_adamw_lr1e3_seed3.pt time=8.6min
[08:39:20] INFO   [E1] eval clean + per colorfulness bin
[08:39:36] INFO   [E2] eval perturbasi warna
[08:43:59] INFO   done resnet50_tv_adamw_lr1e3 seed3
[08:43:59] INFO ==== cub200 / resnet50_tv_adamw_lr1e3 / seed4 (recipe=adamw_lr1e3 gray=False) ====
[08:43:59] INFO [train] cub200/resnet50_tv_adamw_lr1e3/seed4 recipe=adamw_lr1e3 opt=adamw lr=0.001 wd=0.05 grayscale=False epochs=60 device=cuda n_train=4994 n_val=1000 bs=64 accum=1
[08:44:22] INFO   ep1: train_loss=4.1686 val_acc=0.4310 val_f1=0.3840 val_uar=0.4310 lr=4.00e-04
[08:44:30] INFO   ep2: train_loss=2.6382 val_acc=0.4260 val_f1=0.3845 val_uar=0.4260 lr=6.00e-04
[08:44:38] INFO   ep3: train_loss=2.4088 val_acc=0.3320 val_f1=0.2949 val_uar=0.3320 lr=8.00e-04
[08:44:46] INFO   ep4: train_loss=2.4295 val_acc=0.3890 val_f1=0.3714 val_uar=0.3890 lr=1.00e-03
[08:44:55] INFO   ep5: train_loss=2.3918 val_acc=0.4310 val_f1=0.4021 val_uar=0.4310 lr=1.00e-03
[08:45:03] INFO   ep6: train_loss=2.1366 val_acc=0.4800 val_f1=0.4498 val_uar=0.4800 lr=9.99e-04
[08:45:11] INFO   ep7: train_loss=1.8632 val_acc=0.5250 val_f1=0.5124 val_uar=0.5250 lr=9.97e-04
[08:45:20] INFO   ep8: train_loss=1.7437 val_acc=0.5740 val_f1=0.5586 val_uar=0.5740 lr=9.93e-04
[08:45:28] INFO   ep9: train_loss=1.6446 val_acc=0.5830 val_f1=0.5678 val_uar=0.5830 lr=9.87e-04
[08:45:36] INFO   ep10: train_loss=1.5457 val_acc=0.5430 val_f1=0.5377 val_uar=0.5430 lr=9.80e-04
[08:45:45] INFO   ep11: train_loss=1.4445 val_acc=0.6040 val_f1=0.5926 val_uar=0.6040 lr=9.71e-04
[08:45:53] INFO   ep12: train_loss=1.4032 val_acc=0.6340 val_f1=0.6173 val_uar=0.6340 lr=9.61e-04
[08:46:02] INFO   ep13: train_loss=1.3309 val_acc=0.6140 val_f1=0.6037 val_uar=0.6140 lr=9.49e-04
[08:46:10] INFO   ep14: train_loss=1.2468 val_acc=0.6350 val_f1=0.6279 val_uar=0.6350 lr=9.35e-04
[08:46:19] INFO   ep15: train_loss=1.2207 val_acc=0.6580 val_f1=0.6517 val_uar=0.6580 lr=9.21e-04
[08:46:28] INFO   ep16: train_loss=1.2137 val_acc=0.6360 val_f1=0.6310 val_uar=0.6360 lr=9.05e-04
[08:46:36] INFO   ep17: train_loss=1.1647 val_acc=0.6690 val_f1=0.6600 val_uar=0.6690 lr=8.87e-04
[08:46:45] INFO   ep18: train_loss=1.1542 val_acc=0.6790 val_f1=0.6757 val_uar=0.6790 lr=8.68e-04
[08:46:54] INFO   ep19: train_loss=1.1115 val_acc=0.6770 val_f1=0.6684 val_uar=0.6770 lr=8.48e-04
[08:47:03] INFO   ep20: train_loss=1.0858 val_acc=0.7100 val_f1=0.6975 val_uar=0.7100 lr=8.27e-04
[08:47:12] INFO   ep21: train_loss=1.0678 val_acc=0.6890 val_f1=0.6782 val_uar=0.6890 lr=8.05e-04
[08:47:21] INFO   ep22: train_loss=1.0453 val_acc=0.6920 val_f1=0.6841 val_uar=0.6920 lr=7.82e-04
[08:47:30] INFO   ep23: train_loss=1.0325 val_acc=0.7100 val_f1=0.7071 val_uar=0.7100 lr=7.58e-04
[08:47:39] INFO   ep24: train_loss=1.0224 val_acc=0.6990 val_f1=0.6909 val_uar=0.6990 lr=7.33e-04
[08:47:48] INFO   ep25: train_loss=1.0070 val_acc=0.7210 val_f1=0.7181 val_uar=0.7210 lr=7.08e-04
[08:47:57] INFO   ep26: train_loss=1.0064 val_acc=0.7240 val_f1=0.7208 val_uar=0.7240 lr=6.81e-04
[08:48:06] INFO   ep27: train_loss=0.9845 val_acc=0.7330 val_f1=0.7229 val_uar=0.7330 lr=6.55e-04
[08:48:15] INFO   ep28: train_loss=0.9713 val_acc=0.7440 val_f1=0.7359 val_uar=0.7440 lr=6.27e-04
[08:48:24] INFO   ep29: train_loss=0.9580 val_acc=0.7470 val_f1=0.7380 val_uar=0.7470 lr=5.99e-04
[08:48:34] INFO   ep30: train_loss=0.9452 val_acc=0.7550 val_f1=0.7523 val_uar=0.7550 lr=5.71e-04
[08:48:43] INFO   ep31: train_loss=0.9388 val_acc=0.7550 val_f1=0.7517 val_uar=0.7550 lr=5.43e-04
[08:48:52] INFO   ep32: train_loss=0.9324 val_acc=0.7740 val_f1=0.7692 val_uar=0.7740 lr=5.14e-04
[08:49:01] INFO   ep33: train_loss=0.9252 val_acc=0.7710 val_f1=0.7639 val_uar=0.7710 lr=4.86e-04
[08:49:10] INFO   ep34: train_loss=0.9190 val_acc=0.7700 val_f1=0.7623 val_uar=0.7700 lr=4.57e-04
[08:49:19] INFO   ep35: train_loss=0.9131 val_acc=0.7780 val_f1=0.7724 val_uar=0.7780 lr=4.29e-04
[08:49:28] INFO   ep36: train_loss=0.9083 val_acc=0.7650 val_f1=0.7601 val_uar=0.7650 lr=4.01e-04
[08:49:37] INFO   ep37: train_loss=0.9072 val_acc=0.7790 val_f1=0.7735 val_uar=0.7790 lr=3.73e-04
[08:49:46] INFO   ep38: train_loss=0.9037 val_acc=0.7760 val_f1=0.7715 val_uar=0.7760 lr=3.45e-04
[08:49:54] INFO   ep39: train_loss=0.9029 val_acc=0.7700 val_f1=0.7644 val_uar=0.7700 lr=3.19e-04
[08:50:03] INFO   ep40: train_loss=0.9004 val_acc=0.7820 val_f1=0.7779 val_uar=0.7820 lr=2.92e-04
[08:50:12] INFO   ep41: train_loss=0.8989 val_acc=0.7650 val_f1=0.7630 val_uar=0.7650 lr=2.67e-04
[08:50:21] INFO   ep42: train_loss=0.8964 val_acc=0.7740 val_f1=0.7667 val_uar=0.7740 lr=2.42e-04
[08:50:30] INFO   ep43: train_loss=0.8902 val_acc=0.7780 val_f1=0.7731 val_uar=0.7780 lr=2.18e-04
[08:50:39] INFO   ep44: train_loss=0.8897 val_acc=0.7890 val_f1=0.7845 val_uar=0.7890 lr=1.95e-04
[08:50:48] INFO   ep45: train_loss=0.8843 val_acc=0.7860 val_f1=0.7801 val_uar=0.7860 lr=1.73e-04
[08:50:57] INFO   ep46: train_loss=0.8861 val_acc=0.7940 val_f1=0.7907 val_uar=0.7940 lr=1.52e-04
[08:51:06] INFO   ep47: train_loss=0.8823 val_acc=0.7820 val_f1=0.7763 val_uar=0.7820 lr=1.32e-04
[08:51:15] INFO   ep48: train_loss=0.8832 val_acc=0.7930 val_f1=0.7871 val_uar=0.7930 lr=1.13e-04
[08:51:24] INFO   ep49: train_loss=0.8798 val_acc=0.7890 val_f1=0.7828 val_uar=0.7890 lr=9.55e-05
[08:51:33] INFO   ep50: train_loss=0.8797 val_acc=0.7930 val_f1=0.7868 val_uar=0.7930 lr=7.94e-05
[08:51:42] INFO   ep51: train_loss=0.8794 val_acc=0.7900 val_f1=0.7848 val_uar=0.7900 lr=6.46e-05
[08:51:50] INFO   ep52: train_loss=0.8778 val_acc=0.7900 val_f1=0.7841 val_uar=0.7900 lr=5.13e-05
[08:51:59] INFO   ep53: train_loss=0.8762 val_acc=0.7910 val_f1=0.7856 val_uar=0.7910 lr=3.94e-05
[08:52:08] INFO   ep54: train_loss=0.8782 val_acc=0.7910 val_f1=0.7842 val_uar=0.7910 lr=2.91e-05
[08:52:17] INFO   ep55: train_loss=0.8752 val_acc=0.7890 val_f1=0.7826 val_uar=0.7890 lr=2.03e-05
[08:52:26] INFO   ep56: train_loss=0.8766 val_acc=0.7910 val_f1=0.7856 val_uar=0.7910 lr=1.30e-05
[08:52:35] INFO   ep57: train_loss=0.8760 val_acc=0.7960 val_f1=0.7897 val_uar=0.7960 lr=7.32e-06
[08:52:44] INFO   ep58: train_loss=0.8757 val_acc=0.7940 val_f1=0.7879 val_uar=0.7940 lr=3.26e-06
[08:52:53] INFO   ep59: train_loss=0.8744 val_acc=0.7940 val_f1=0.7873 val_uar=0.7940 lr=8.15e-07
[08:53:02] INFO   ep60: train_loss=0.8757 val_acc=0.7950 val_f1=0.7888 val_uar=0.7950 lr=0.00e+00
[08:53:02] INFO [done] resnet50_tv_adamw_lr1e3 best_val_acc=0.7960 lr_used=0.001 ckpt=checkpoints\cub200_resnet50_tv_adamw_lr1e3_seed4.pt time=9.1min
[08:53:03] INFO   [E1] eval clean + per colorfulness bin
[08:53:21] INFO   [E2] eval perturbasi warna
[08:57:45] INFO   done resnet50_tv_adamw_lr1e3 seed4
[08:57:45] INFO ALL DONE
