[10:13:49] INFO dataset=flowers102 models=['resnet50'] seeds=[0, 1, 2, 3, 4] epochs=None recipe=adamw_lr1e3
[10:13:49] INFO ==== flowers102 / resnet50_adamw_lr1e3 / seed0 (recipe=adamw_lr1e3 gray=False) ====
[10:13:51] INFO [train] flowers102/resnet50_adamw_lr1e3/seed0 recipe=adamw_lr1e3 opt=adamw lr=0.001 wd=0.05 grayscale=False epochs=60 device=cuda n_train=1020 n_val=1020 bs=64 accum=1
[10:14:22] INFO   ep1: train_loss=4.6139 val_acc=0.0480 val_f1=0.0369 val_uar=0.0480 lr=4.00e-04
[10:14:25] INFO   ep2: train_loss=4.4971 val_acc=0.1990 val_f1=0.1979 val_uar=0.1990 lr=6.00e-04
[10:14:28] INFO   ep3: train_loss=4.1726 val_acc=0.4676 val_f1=0.4531 val_uar=0.4676 lr=8.00e-04
[10:14:30] INFO   ep4: train_loss=3.2022 val_acc=0.6235 val_f1=0.5949 val_uar=0.6235 lr=1.00e-03
[10:14:33] INFO   ep5: train_loss=1.8565 val_acc=0.7490 val_f1=0.7328 val_uar=0.7490 lr=1.00e-03
[10:14:36] INFO   ep6: train_loss=1.2037 val_acc=0.7941 val_f1=0.7904 val_uar=0.7941 lr=9.99e-04
[10:14:38] INFO   ep7: train_loss=1.0138 val_acc=0.8422 val_f1=0.8387 val_uar=0.8422 lr=9.97e-04
[10:14:41] INFO   ep8: train_loss=0.9336 val_acc=0.8686 val_f1=0.8643 val_uar=0.8686 lr=9.93e-04
[10:14:44] INFO   ep9: train_loss=0.8879 val_acc=0.8873 val_f1=0.8830 val_uar=0.8873 lr=9.87e-04
[10:14:46] INFO   ep10: train_loss=0.8655 val_acc=0.8990 val_f1=0.8971 val_uar=0.8990 lr=9.80e-04
[10:14:49] INFO   ep11: train_loss=0.8510 val_acc=0.9049 val_f1=0.9027 val_uar=0.9049 lr=9.71e-04
[10:14:52] INFO   ep12: train_loss=0.8415 val_acc=0.9000 val_f1=0.8978 val_uar=0.9000 lr=9.61e-04
[10:14:54] INFO   ep13: train_loss=0.8312 val_acc=0.9098 val_f1=0.9078 val_uar=0.9098 lr=9.49e-04
[10:14:57] INFO   ep14: train_loss=0.8279 val_acc=0.9039 val_f1=0.9019 val_uar=0.9039 lr=9.35e-04
[10:15:00] INFO   ep15: train_loss=0.8223 val_acc=0.9127 val_f1=0.9107 val_uar=0.9127 lr=9.21e-04
[10:15:03] INFO   ep16: train_loss=0.8205 val_acc=0.9108 val_f1=0.9081 val_uar=0.9108 lr=9.05e-04
[10:15:05] INFO   ep17: train_loss=0.8166 val_acc=0.9206 val_f1=0.9190 val_uar=0.9206 lr=8.87e-04
[10:15:08] INFO   ep18: train_loss=0.8120 val_acc=0.9196 val_f1=0.9175 val_uar=0.9196 lr=8.68e-04
[10:15:11] INFO   ep19: train_loss=0.8100 val_acc=0.9176 val_f1=0.9142 val_uar=0.9176 lr=8.48e-04
[10:15:13] INFO   ep20: train_loss=0.8088 val_acc=0.9176 val_f1=0.9142 val_uar=0.9176 lr=8.27e-04
[10:15:16] INFO   ep21: train_loss=0.8071 val_acc=0.9078 val_f1=0.9056 val_uar=0.9078 lr=8.05e-04
[10:15:18] INFO   ep22: train_loss=0.8059 val_acc=0.9176 val_f1=0.9154 val_uar=0.9176 lr=7.82e-04
[10:15:21] INFO   ep23: train_loss=0.8033 val_acc=0.9186 val_f1=0.9158 val_uar=0.9186 lr=7.58e-04
[10:15:24] INFO   ep24: train_loss=0.8034 val_acc=0.9206 val_f1=0.9183 val_uar=0.9206 lr=7.33e-04
[10:15:26] INFO   ep25: train_loss=0.8017 val_acc=0.9176 val_f1=0.9165 val_uar=0.9176 lr=7.08e-04
[10:15:29] INFO   ep26: train_loss=0.8008 val_acc=0.9176 val_f1=0.9150 val_uar=0.9176 lr=6.81e-04
[10:15:31] INFO   ep27: train_loss=0.8009 val_acc=0.9186 val_f1=0.9161 val_uar=0.9186 lr=6.55e-04
[10:15:34] INFO   ep28: train_loss=0.7986 val_acc=0.9206 val_f1=0.9184 val_uar=0.9206 lr=6.27e-04
[10:15:37] INFO   ep29: train_loss=0.7972 val_acc=0.9245 val_f1=0.9217 val_uar=0.9245 lr=5.99e-04
[10:15:40] INFO   ep30: train_loss=0.7964 val_acc=0.9255 val_f1=0.9224 val_uar=0.9255 lr=5.71e-04
[10:15:42] INFO   ep31: train_loss=0.7967 val_acc=0.9216 val_f1=0.9187 val_uar=0.9216 lr=5.43e-04
[10:15:45] INFO   ep32: train_loss=0.7963 val_acc=0.9255 val_f1=0.9219 val_uar=0.9255 lr=5.14e-04
[10:15:48] INFO   ep33: train_loss=0.7953 val_acc=0.9284 val_f1=0.9254 val_uar=0.9284 lr=4.86e-04
[10:15:50] INFO   ep34: train_loss=0.7947 val_acc=0.9294 val_f1=0.9273 val_uar=0.9294 lr=4.57e-04
[10:15:53] INFO   ep35: train_loss=0.7942 val_acc=0.9314 val_f1=0.9289 val_uar=0.9314 lr=4.29e-04
[10:15:56] INFO   ep36: train_loss=0.7930 val_acc=0.9245 val_f1=0.9220 val_uar=0.9245 lr=4.01e-04
[10:15:58] INFO   ep37: train_loss=0.7930 val_acc=0.9265 val_f1=0.9235 val_uar=0.9265 lr=3.73e-04
[10:16:01] INFO   ep38: train_loss=0.7929 val_acc=0.9225 val_f1=0.9199 val_uar=0.9225 lr=3.45e-04
[10:16:04] INFO   ep39: train_loss=0.7924 val_acc=0.9245 val_f1=0.9218 val_uar=0.9245 lr=3.19e-04
[10:16:06] INFO   ep40: train_loss=0.7917 val_acc=0.9235 val_f1=0.9206 val_uar=0.9235 lr=2.92e-04
[10:16:09] INFO   ep41: train_loss=0.7910 val_acc=0.9265 val_f1=0.9237 val_uar=0.9265 lr=2.67e-04
[10:16:12] INFO   ep42: train_loss=0.7906 val_acc=0.9255 val_f1=0.9228 val_uar=0.9255 lr=2.42e-04
[10:16:14] INFO   ep43: train_loss=0.7903 val_acc=0.9255 val_f1=0.9229 val_uar=0.9255 lr=2.18e-04
[10:16:17] INFO   ep44: train_loss=0.7903 val_acc=0.9265 val_f1=0.9239 val_uar=0.9265 lr=1.95e-04
[10:16:20] INFO   ep45: train_loss=0.7905 val_acc=0.9275 val_f1=0.9250 val_uar=0.9275 lr=1.73e-04
[10:16:22] INFO   ep46: train_loss=0.7907 val_acc=0.9284 val_f1=0.9258 val_uar=0.9284 lr=1.52e-04
[10:16:25] INFO   ep47: train_loss=0.7899 val_acc=0.9275 val_f1=0.9249 val_uar=0.9275 lr=1.32e-04
[10:16:28] INFO   ep48: train_loss=0.7899 val_acc=0.9284 val_f1=0.9259 val_uar=0.9284 lr=1.13e-04
[10:16:30] INFO   ep49: train_loss=0.7902 val_acc=0.9284 val_f1=0.9259 val_uar=0.9284 lr=9.55e-05
[10:16:33] INFO   ep50: train_loss=0.7899 val_acc=0.9304 val_f1=0.9277 val_uar=0.9304 lr=7.94e-05
[10:16:36] INFO   ep51: train_loss=0.7889 val_acc=0.9304 val_f1=0.9277 val_uar=0.9304 lr=6.46e-05
[10:16:38] INFO   ep52: train_loss=0.7892 val_acc=0.9275 val_f1=0.9244 val_uar=0.9275 lr=5.13e-05
[10:16:41] INFO   ep53: train_loss=0.7891 val_acc=0.9275 val_f1=0.9246 val_uar=0.9275 lr=3.94e-05
[10:16:44] INFO   ep54: train_loss=0.7891 val_acc=0.9304 val_f1=0.9277 val_uar=0.9304 lr=2.91e-05
[10:16:46] INFO   ep55: train_loss=0.7893 val_acc=0.9304 val_f1=0.9280 val_uar=0.9304 lr=2.03e-05
[10:16:49] INFO   ep56: train_loss=0.7888 val_acc=0.9284 val_f1=0.9261 val_uar=0.9284 lr=1.30e-05
[10:16:52] INFO   ep57: train_loss=0.7888 val_acc=0.9284 val_f1=0.9260 val_uar=0.9284 lr=7.32e-06
[10:16:54] INFO   ep58: train_loss=0.7886 val_acc=0.9284 val_f1=0.9260 val_uar=0.9284 lr=3.26e-06
[10:16:57] INFO   ep59: train_loss=0.7891 val_acc=0.9294 val_f1=0.9270 val_uar=0.9294 lr=8.15e-07
[10:17:00] INFO   ep60: train_loss=0.7894 val_acc=0.9304 val_f1=0.9280 val_uar=0.9304 lr=0.00e+00
[10:17:00] INFO [done] resnet50_adamw_lr1e3 best_val_acc=0.9314 lr_used=0.001 ckpt=checkpoints\flowers102_resnet50_adamw_lr1e3_seed0.pt time=3.2min
[10:17:01] INFO   [E1] eval clean + per colorfulness bin
[10:17:22] INFO   [E2] eval perturbasi warna
[10:22:57] INFO   done resnet50_adamw_lr1e3 seed0
[10:22:57] INFO ==== flowers102 / resnet50_adamw_lr1e3 / seed1 (recipe=adamw_lr1e3 gray=False) ====
[10:22:57] INFO [train] flowers102/resnet50_adamw_lr1e3/seed1 recipe=adamw_lr1e3 opt=adamw lr=0.001 wd=0.05 grayscale=False epochs=60 device=cuda n_train=1020 n_val=1020 bs=64 accum=1
[10:23:28] INFO   ep1: train_loss=4.6224 val_acc=0.0382 val_f1=0.0240 val_uar=0.0382 lr=4.00e-04
[10:23:30] INFO   ep2: train_loss=4.5024 val_acc=0.1686 val_f1=0.1657 val_uar=0.1686 lr=6.00e-04
[10:23:33] INFO   ep3: train_loss=4.1764 val_acc=0.4559 val_f1=0.4396 val_uar=0.4559 lr=8.00e-04
[10:23:36] INFO   ep4: train_loss=3.2016 val_acc=0.5971 val_f1=0.5756 val_uar=0.5971 lr=1.00e-03
[10:23:38] INFO   ep5: train_loss=1.8300 val_acc=0.7637 val_f1=0.7509 val_uar=0.7637 lr=1.00e-03
[10:23:41] INFO   ep6: train_loss=1.2000 val_acc=0.8265 val_f1=0.8227 val_uar=0.8265 lr=9.99e-04
[10:23:44] INFO   ep7: train_loss=1.0046 val_acc=0.8755 val_f1=0.8757 val_uar=0.8755 lr=9.97e-04
[10:23:47] INFO   ep8: train_loss=0.9223 val_acc=0.9078 val_f1=0.9053 val_uar=0.9078 lr=9.93e-04
[10:23:49] INFO   ep9: train_loss=0.8854 val_acc=0.9069 val_f1=0.9044 val_uar=0.9069 lr=9.87e-04
[10:23:52] INFO   ep10: train_loss=0.8621 val_acc=0.9039 val_f1=0.9016 val_uar=0.9039 lr=9.80e-04
[10:23:54] INFO   ep11: train_loss=0.8498 val_acc=0.9118 val_f1=0.9101 val_uar=0.9118 lr=9.71e-04
[10:23:57] INFO   ep12: train_loss=0.8404 val_acc=0.9176 val_f1=0.9158 val_uar=0.9176 lr=9.61e-04
[10:24:00] INFO   ep13: train_loss=0.8333 val_acc=0.9176 val_f1=0.9167 val_uar=0.9176 lr=9.49e-04
[10:24:02] INFO   ep14: train_loss=0.8268 val_acc=0.9235 val_f1=0.9213 val_uar=0.9235 lr=9.35e-04
[10:24:05] INFO   ep15: train_loss=0.8236 val_acc=0.9235 val_f1=0.9220 val_uar=0.9235 lr=9.21e-04
[10:24:08] INFO   ep16: train_loss=0.8209 val_acc=0.9225 val_f1=0.9209 val_uar=0.9225 lr=9.05e-04
[10:24:10] INFO   ep17: train_loss=0.8153 val_acc=0.9284 val_f1=0.9267 val_uar=0.9284 lr=8.87e-04
[10:24:13] INFO   ep18: train_loss=0.8123 val_acc=0.9343 val_f1=0.9326 val_uar=0.9343 lr=8.68e-04
[10:24:16] INFO   ep19: train_loss=0.8115 val_acc=0.9324 val_f1=0.9306 val_uar=0.9324 lr=8.48e-04
[10:24:18] INFO   ep20: train_loss=0.8079 val_acc=0.9196 val_f1=0.9180 val_uar=0.9196 lr=8.27e-04
[10:24:21] INFO   ep21: train_loss=0.8059 val_acc=0.9245 val_f1=0.9224 val_uar=0.9245 lr=8.05e-04
[10:24:23] INFO   ep22: train_loss=0.8047 val_acc=0.9294 val_f1=0.9275 val_uar=0.9294 lr=7.82e-04
[10:24:26] INFO   ep23: train_loss=0.8029 val_acc=0.9304 val_f1=0.9292 val_uar=0.9304 lr=7.58e-04
[10:24:29] INFO   ep24: train_loss=0.8021 val_acc=0.9314 val_f1=0.9305 val_uar=0.9314 lr=7.33e-04
[10:24:31] INFO   ep25: train_loss=0.8011 val_acc=0.9284 val_f1=0.9276 val_uar=0.9284 lr=7.08e-04
[10:24:34] INFO   ep26: train_loss=0.8004 val_acc=0.9343 val_f1=0.9333 val_uar=0.9343 lr=6.81e-04
[10:24:37] INFO   ep27: train_loss=0.7999 val_acc=0.9353 val_f1=0.9342 val_uar=0.9353 lr=6.55e-04
[10:24:39] INFO   ep28: train_loss=0.7981 val_acc=0.9343 val_f1=0.9332 val_uar=0.9343 lr=6.27e-04
[10:24:42] INFO   ep29: train_loss=0.7970 val_acc=0.9353 val_f1=0.9348 val_uar=0.9353 lr=5.99e-04
[10:24:44] INFO   ep30: train_loss=0.7952 val_acc=0.9343 val_f1=0.9329 val_uar=0.9343 lr=5.71e-04
[10:24:47] INFO   ep31: train_loss=0.7956 val_acc=0.9382 val_f1=0.9370 val_uar=0.9382 lr=5.43e-04
[10:24:50] INFO   ep32: train_loss=0.7958 val_acc=0.9324 val_f1=0.9313 val_uar=0.9324 lr=5.14e-04
[10:24:53] INFO   ep33: train_loss=0.7950 val_acc=0.9353 val_f1=0.9344 val_uar=0.9353 lr=4.86e-04
[10:24:55] INFO   ep34: train_loss=0.7952 val_acc=0.9343 val_f1=0.9331 val_uar=0.9343 lr=4.57e-04
[10:24:58] INFO   ep35: train_loss=0.7935 val_acc=0.9343 val_f1=0.9328 val_uar=0.9343 lr=4.29e-04
[10:25:01] INFO   ep36: train_loss=0.7925 val_acc=0.9353 val_f1=0.9341 val_uar=0.9353 lr=4.01e-04
[10:25:03] INFO   ep37: train_loss=0.7921 val_acc=0.9363 val_f1=0.9348 val_uar=0.9363 lr=3.73e-04
[10:25:06] INFO   ep38: train_loss=0.7932 val_acc=0.9353 val_f1=0.9341 val_uar=0.9353 lr=3.45e-04
[10:25:08] INFO   ep39: train_loss=0.7919 val_acc=0.9343 val_f1=0.9330 val_uar=0.9343 lr=3.19e-04
[10:25:11] INFO   ep40: train_loss=0.7918 val_acc=0.9373 val_f1=0.9358 val_uar=0.9373 lr=2.92e-04
[10:25:14] INFO   ep41: train_loss=0.7904 val_acc=0.9343 val_f1=0.9332 val_uar=0.9343 lr=2.67e-04
[10:25:16] INFO   ep42: train_loss=0.7907 val_acc=0.9353 val_f1=0.9343 val_uar=0.9353 lr=2.42e-04
[10:25:19] INFO   ep43: train_loss=0.7904 val_acc=0.9333 val_f1=0.9322 val_uar=0.9333 lr=2.18e-04
[10:25:22] INFO   ep44: train_loss=0.7901 val_acc=0.9353 val_f1=0.9341 val_uar=0.9353 lr=1.95e-04
[10:25:24] INFO   ep45: train_loss=0.7900 val_acc=0.9353 val_f1=0.9343 val_uar=0.9353 lr=1.73e-04
[10:25:27] INFO   ep46: train_loss=0.7898 val_acc=0.9314 val_f1=0.9306 val_uar=0.9314 lr=1.52e-04
[10:25:29] INFO   ep47: train_loss=0.7892 val_acc=0.9382 val_f1=0.9371 val_uar=0.9382 lr=1.32e-04
[10:25:32] INFO   ep48: train_loss=0.7899 val_acc=0.9353 val_f1=0.9340 val_uar=0.9353 lr=1.13e-04
[10:25:35] INFO   ep49: train_loss=0.7889 val_acc=0.9333 val_f1=0.9322 val_uar=0.9333 lr=9.55e-05
[10:25:37] INFO   ep50: train_loss=0.7887 val_acc=0.9373 val_f1=0.9360 val_uar=0.9373 lr=7.94e-05
[10:25:40] INFO   ep51: train_loss=0.7890 val_acc=0.9382 val_f1=0.9369 val_uar=0.9382 lr=6.46e-05
[10:25:43] INFO   ep52: train_loss=0.7888 val_acc=0.9382 val_f1=0.9374 val_uar=0.9382 lr=5.13e-05
[10:25:45] INFO   ep53: train_loss=0.7889 val_acc=0.9382 val_f1=0.9374 val_uar=0.9382 lr=3.94e-05
[10:25:48] INFO   ep54: train_loss=0.7890 val_acc=0.9353 val_f1=0.9340 val_uar=0.9353 lr=2.91e-05
[10:25:51] INFO   ep55: train_loss=0.7884 val_acc=0.9392 val_f1=0.9378 val_uar=0.9392 lr=2.03e-05
[10:25:53] INFO   ep56: train_loss=0.7891 val_acc=0.9382 val_f1=0.9369 val_uar=0.9382 lr=1.30e-05
[10:25:56] INFO   ep57: train_loss=0.7888 val_acc=0.9392 val_f1=0.9379 val_uar=0.9392 lr=7.32e-06
[10:25:59] INFO   ep58: train_loss=0.7885 val_acc=0.9392 val_f1=0.9382 val_uar=0.9392 lr=3.26e-06
[10:26:01] INFO   ep59: train_loss=0.7898 val_acc=0.9382 val_f1=0.9369 val_uar=0.9382 lr=8.15e-07
[10:26:04] INFO   ep60: train_loss=0.7888 val_acc=0.9353 val_f1=0.9338 val_uar=0.9353 lr=0.00e+00
[10:26:04] INFO [done] resnet50_adamw_lr1e3 best_val_acc=0.9392 lr_used=0.001 ckpt=checkpoints\flowers102_resnet50_adamw_lr1e3_seed1.pt time=3.1min
[10:26:06] INFO   [E1] eval clean + per colorfulness bin
[10:26:26] INFO   [E2] eval perturbasi warna
[10:31:59] INFO   done resnet50_adamw_lr1e3 seed1
[10:31:59] INFO ==== flowers102 / resnet50_adamw_lr1e3 / seed2 (recipe=adamw_lr1e3 gray=False) ====
[10:32:00] INFO [train] flowers102/resnet50_adamw_lr1e3/seed2 recipe=adamw_lr1e3 opt=adamw lr=0.001 wd=0.05 grayscale=False epochs=60 device=cuda n_train=1020 n_val=1020 bs=64 accum=1
[10:32:30] INFO   ep1: train_loss=4.6184 val_acc=0.0480 val_f1=0.0315 val_uar=0.0480 lr=4.00e-04
[10:32:33] INFO   ep2: train_loss=4.4990 val_acc=0.2667 val_f1=0.2596 val_uar=0.2667 lr=6.00e-04
[10:32:36] INFO   ep3: train_loss=4.1835 val_acc=0.4588 val_f1=0.4457 val_uar=0.4588 lr=8.00e-04
[10:32:38] INFO   ep4: train_loss=3.2201 val_acc=0.5588 val_f1=0.5141 val_uar=0.5588 lr=1.00e-03
[10:32:41] INFO   ep5: train_loss=1.8440 val_acc=0.7618 val_f1=0.7485 val_uar=0.7618 lr=1.00e-03
[10:32:44] INFO   ep6: train_loss=1.2289 val_acc=0.7843 val_f1=0.7788 val_uar=0.7843 lr=9.99e-04
[10:32:47] INFO   ep7: train_loss=1.0259 val_acc=0.8382 val_f1=0.8344 val_uar=0.8382 lr=9.97e-04
[10:32:49] INFO   ep8: train_loss=0.9375 val_acc=0.8716 val_f1=0.8708 val_uar=0.8716 lr=9.93e-04
[10:32:52] INFO   ep9: train_loss=0.8904 val_acc=0.8971 val_f1=0.8955 val_uar=0.8971 lr=9.87e-04
[10:32:55] INFO   ep10: train_loss=0.8650 val_acc=0.9078 val_f1=0.9074 val_uar=0.9078 lr=9.80e-04
[10:32:57] INFO   ep11: train_loss=0.8491 val_acc=0.9157 val_f1=0.9143 val_uar=0.9157 lr=9.71e-04
[10:33:00] INFO   ep12: train_loss=0.8397 val_acc=0.9098 val_f1=0.9076 val_uar=0.9098 lr=9.61e-04
[10:33:03] INFO   ep13: train_loss=0.8312 val_acc=0.9196 val_f1=0.9180 val_uar=0.9196 lr=9.49e-04
[10:33:05] INFO   ep14: train_loss=0.8255 val_acc=0.9225 val_f1=0.9214 val_uar=0.9225 lr=9.35e-04
[10:33:08] INFO   ep15: train_loss=0.8205 val_acc=0.9176 val_f1=0.9164 val_uar=0.9176 lr=9.21e-04
[10:33:11] INFO   ep16: train_loss=0.8168 val_acc=0.9235 val_f1=0.9226 val_uar=0.9235 lr=9.05e-04
[10:33:13] INFO   ep17: train_loss=0.8159 val_acc=0.9196 val_f1=0.9183 val_uar=0.9196 lr=8.87e-04
[10:33:16] INFO   ep18: train_loss=0.8127 val_acc=0.9127 val_f1=0.9115 val_uar=0.9127 lr=8.68e-04
[10:33:19] INFO   ep19: train_loss=0.8124 val_acc=0.9275 val_f1=0.9264 val_uar=0.9275 lr=8.48e-04
[10:33:21] INFO   ep20: train_loss=0.8102 val_acc=0.9157 val_f1=0.9143 val_uar=0.9157 lr=8.27e-04
[10:33:24] INFO   ep21: train_loss=0.8073 val_acc=0.9225 val_f1=0.9210 val_uar=0.9225 lr=8.05e-04
[10:33:26] INFO   ep22: train_loss=0.8057 val_acc=0.9225 val_f1=0.9214 val_uar=0.9225 lr=7.82e-04
[10:33:29] INFO   ep23: train_loss=0.8039 val_acc=0.9245 val_f1=0.9230 val_uar=0.9245 lr=7.58e-04
[10:33:32] INFO   ep24: train_loss=0.8025 val_acc=0.9235 val_f1=0.9219 val_uar=0.9235 lr=7.33e-04
[10:33:34] INFO   ep25: train_loss=0.8014 val_acc=0.9245 val_f1=0.9233 val_uar=0.9245 lr=7.08e-04
[10:33:37] INFO   ep26: train_loss=0.7994 val_acc=0.9255 val_f1=0.9241 val_uar=0.9255 lr=6.81e-04
[10:33:40] INFO   ep27: train_loss=0.7986 val_acc=0.9186 val_f1=0.9171 val_uar=0.9186 lr=6.55e-04
[10:33:42] INFO   ep28: train_loss=0.7982 val_acc=0.9186 val_f1=0.9172 val_uar=0.9186 lr=6.27e-04
[10:33:45] INFO   ep29: train_loss=0.7964 val_acc=0.9196 val_f1=0.9183 val_uar=0.9196 lr=5.99e-04
[10:33:48] INFO   ep30: train_loss=0.7969 val_acc=0.9196 val_f1=0.9181 val_uar=0.9196 lr=5.71e-04
[10:33:50] INFO   ep31: train_loss=0.7951 val_acc=0.9216 val_f1=0.9205 val_uar=0.9216 lr=5.43e-04
[10:33:53] INFO   ep32: train_loss=0.7952 val_acc=0.9265 val_f1=0.9250 val_uar=0.9265 lr=5.14e-04
[10:33:55] INFO   ep33: train_loss=0.7938 val_acc=0.9255 val_f1=0.9238 val_uar=0.9255 lr=4.86e-04
[10:33:58] INFO   ep34: train_loss=0.7932 val_acc=0.9265 val_f1=0.9251 val_uar=0.9265 lr=4.57e-04
[10:34:01] INFO   ep35: train_loss=0.7934 val_acc=0.9235 val_f1=0.9221 val_uar=0.9235 lr=4.29e-04
[10:34:03] INFO   ep36: train_loss=0.7941 val_acc=0.9255 val_f1=0.9243 val_uar=0.9255 lr=4.01e-04
[10:34:06] INFO   ep37: train_loss=0.7923 val_acc=0.9255 val_f1=0.9241 val_uar=0.9255 lr=3.73e-04
[10:34:09] INFO   ep38: train_loss=0.7921 val_acc=0.9255 val_f1=0.9241 val_uar=0.9255 lr=3.45e-04
[10:34:12] INFO   ep39: train_loss=0.7930 val_acc=0.9255 val_f1=0.9243 val_uar=0.9255 lr=3.19e-04
[10:34:14] INFO   ep40: train_loss=0.7916 val_acc=0.9225 val_f1=0.9215 val_uar=0.9225 lr=2.92e-04
[10:34:17] INFO   ep41: train_loss=0.7910 val_acc=0.9275 val_f1=0.9262 val_uar=0.9275 lr=2.67e-04
[10:34:19] INFO   ep42: train_loss=0.7910 val_acc=0.9314 val_f1=0.9301 val_uar=0.9314 lr=2.42e-04
[10:34:22] INFO   ep43: train_loss=0.7908 val_acc=0.9284 val_f1=0.9275 val_uar=0.9284 lr=2.18e-04
[10:34:25] INFO   ep44: train_loss=0.7901 val_acc=0.9314 val_f1=0.9305 val_uar=0.9314 lr=1.95e-04
[10:34:27] INFO   ep45: train_loss=0.7902 val_acc=0.9314 val_f1=0.9304 val_uar=0.9314 lr=1.73e-04
[10:34:30] INFO   ep46: train_loss=0.7901 val_acc=0.9304 val_f1=0.9293 val_uar=0.9304 lr=1.52e-04
[10:34:33] INFO   ep47: train_loss=0.7902 val_acc=0.9333 val_f1=0.9323 val_uar=0.9333 lr=1.32e-04
[10:34:35] INFO   ep48: train_loss=0.7895 val_acc=0.9314 val_f1=0.9304 val_uar=0.9314 lr=1.13e-04
[10:34:38] INFO   ep49: train_loss=0.7897 val_acc=0.9324 val_f1=0.9313 val_uar=0.9324 lr=9.55e-05
[10:34:41] INFO   ep50: train_loss=0.7888 val_acc=0.9314 val_f1=0.9302 val_uar=0.9314 lr=7.94e-05
[10:34:43] INFO   ep51: train_loss=0.7887 val_acc=0.9284 val_f1=0.9274 val_uar=0.9284 lr=6.46e-05
[10:34:46] INFO   ep52: train_loss=0.7898 val_acc=0.9294 val_f1=0.9283 val_uar=0.9294 lr=5.13e-05
[10:34:49] INFO   ep53: train_loss=0.7888 val_acc=0.9314 val_f1=0.9302 val_uar=0.9314 lr=3.94e-05
[10:34:51] INFO   ep54: train_loss=0.7893 val_acc=0.9294 val_f1=0.9283 val_uar=0.9294 lr=2.91e-05
[10:34:54] INFO   ep55: train_loss=0.7885 val_acc=0.9284 val_f1=0.9275 val_uar=0.9284 lr=2.03e-05
[10:34:57] INFO   ep56: train_loss=0.7891 val_acc=0.9304 val_f1=0.9293 val_uar=0.9304 lr=1.30e-05
[10:34:59] INFO   ep57: train_loss=0.7886 val_acc=0.9294 val_f1=0.9284 val_uar=0.9294 lr=7.32e-06
[10:35:02] INFO   ep58: train_loss=0.7888 val_acc=0.9294 val_f1=0.9284 val_uar=0.9294 lr=3.26e-06
[10:35:05] INFO   ep59: train_loss=0.7895 val_acc=0.9304 val_f1=0.9292 val_uar=0.9304 lr=8.15e-07
[10:35:07] INFO   ep60: train_loss=0.7889 val_acc=0.9333 val_f1=0.9323 val_uar=0.9333 lr=0.00e+00
[10:35:07] INFO [done] resnet50_adamw_lr1e3 best_val_acc=0.9333 lr_used=0.001 ckpt=checkpoints\flowers102_resnet50_adamw_lr1e3_seed2.pt time=3.1min
[10:35:09] INFO   [E1] eval clean + per colorfulness bin
[10:35:29] INFO   [E2] eval perturbasi warna
[10:41:03] INFO   done resnet50_adamw_lr1e3 seed2
[10:41:03] INFO ==== flowers102 / resnet50_adamw_lr1e3 / seed3 (recipe=adamw_lr1e3 gray=False) ====
[10:41:04] INFO [train] flowers102/resnet50_adamw_lr1e3/seed3 recipe=adamw_lr1e3 opt=adamw lr=0.001 wd=0.05 grayscale=False epochs=60 device=cuda n_train=1020 n_val=1020 bs=64 accum=1
[10:41:34] INFO   ep1: train_loss=4.6152 val_acc=0.0343 val_f1=0.0208 val_uar=0.0343 lr=4.00e-04
[10:41:37] INFO   ep2: train_loss=4.4971 val_acc=0.2265 val_f1=0.2014 val_uar=0.2265 lr=6.00e-04
[10:41:40] INFO   ep3: train_loss=4.1686 val_acc=0.5520 val_f1=0.5340 val_uar=0.5520 lr=8.00e-04
[10:41:43] INFO   ep4: train_loss=3.1890 val_acc=0.5853 val_f1=0.5583 val_uar=0.5853 lr=1.00e-03
[10:41:45] INFO   ep5: train_loss=1.8233 val_acc=0.7853 val_f1=0.7754 val_uar=0.7853 lr=1.00e-03
[10:41:48] INFO   ep6: train_loss=1.1917 val_acc=0.8412 val_f1=0.8380 val_uar=0.8412 lr=9.99e-04
[10:41:51] INFO   ep7: train_loss=1.0021 val_acc=0.8618 val_f1=0.8598 val_uar=0.8618 lr=9.97e-04
[10:41:53] INFO   ep8: train_loss=0.9232 val_acc=0.8765 val_f1=0.8722 val_uar=0.8765 lr=9.93e-04
[10:41:56] INFO   ep9: train_loss=0.8854 val_acc=0.8971 val_f1=0.8950 val_uar=0.8971 lr=9.87e-04
[10:41:59] INFO   ep10: train_loss=0.8673 val_acc=0.8990 val_f1=0.8981 val_uar=0.8990 lr=9.80e-04
[10:42:01] INFO   ep11: train_loss=0.8536 val_acc=0.9235 val_f1=0.9220 val_uar=0.9235 lr=9.71e-04
[10:42:04] INFO   ep12: train_loss=0.8407 val_acc=0.9167 val_f1=0.9155 val_uar=0.9167 lr=9.61e-04
[10:42:07] INFO   ep13: train_loss=0.8305 val_acc=0.9137 val_f1=0.9123 val_uar=0.9137 lr=9.49e-04
[10:42:09] INFO   ep14: train_loss=0.8273 val_acc=0.9088 val_f1=0.9070 val_uar=0.9088 lr=9.35e-04
[10:42:12] INFO   ep15: train_loss=0.8239 val_acc=0.9157 val_f1=0.9145 val_uar=0.9157 lr=9.21e-04
[10:42:15] INFO   ep16: train_loss=0.8186 val_acc=0.9225 val_f1=0.9222 val_uar=0.9225 lr=9.05e-04
[10:42:17] INFO   ep17: train_loss=0.8179 val_acc=0.9167 val_f1=0.9143 val_uar=0.9167 lr=8.87e-04
[10:42:20] INFO   ep18: train_loss=0.8133 val_acc=0.9167 val_f1=0.9154 val_uar=0.9167 lr=8.68e-04
[10:42:22] INFO   ep19: train_loss=0.8106 val_acc=0.9176 val_f1=0.9169 val_uar=0.9176 lr=8.48e-04
[10:42:25] INFO   ep20: train_loss=0.8089 val_acc=0.9186 val_f1=0.9178 val_uar=0.9186 lr=8.27e-04
[10:42:28] INFO   ep21: train_loss=0.8081 val_acc=0.9216 val_f1=0.9204 val_uar=0.9216 lr=8.05e-04
[10:42:30] INFO   ep22: train_loss=0.8061 val_acc=0.9186 val_f1=0.9178 val_uar=0.9186 lr=7.82e-04
[10:42:33] INFO   ep23: train_loss=0.8042 val_acc=0.9157 val_f1=0.9140 val_uar=0.9157 lr=7.58e-04
[10:42:36] INFO   ep24: train_loss=0.8012 val_acc=0.9216 val_f1=0.9207 val_uar=0.9216 lr=7.33e-04
[10:42:38] INFO   ep25: train_loss=0.8014 val_acc=0.9275 val_f1=0.9264 val_uar=0.9275 lr=7.08e-04
[10:42:41] INFO   ep26: train_loss=0.8001 val_acc=0.9216 val_f1=0.9198 val_uar=0.9216 lr=6.81e-04
[10:42:44] INFO   ep27: train_loss=0.7986 val_acc=0.9216 val_f1=0.9204 val_uar=0.9216 lr=6.55e-04
[10:42:46] INFO   ep28: train_loss=0.7977 val_acc=0.9245 val_f1=0.9229 val_uar=0.9245 lr=6.27e-04
[10:42:49] INFO   ep29: train_loss=0.7974 val_acc=0.9216 val_f1=0.9196 val_uar=0.9216 lr=5.99e-04
[10:42:52] INFO   ep30: train_loss=0.7962 val_acc=0.9245 val_f1=0.9235 val_uar=0.9245 lr=5.71e-04
[10:42:54] INFO   ep31: train_loss=0.7957 val_acc=0.9196 val_f1=0.9182 val_uar=0.9196 lr=5.43e-04
[10:42:57] INFO   ep32: train_loss=0.7957 val_acc=0.9186 val_f1=0.9178 val_uar=0.9186 lr=5.14e-04
[10:43:00] INFO   ep33: train_loss=0.7942 val_acc=0.9225 val_f1=0.9218 val_uar=0.9225 lr=4.86e-04
[10:43:02] INFO   ep34: train_loss=0.7933 val_acc=0.9255 val_f1=0.9243 val_uar=0.9255 lr=4.57e-04
[10:43:05] INFO   ep35: train_loss=0.7939 val_acc=0.9255 val_f1=0.9237 val_uar=0.9255 lr=4.29e-04
[10:43:08] INFO   ep36: train_loss=0.7932 val_acc=0.9314 val_f1=0.9303 val_uar=0.9314 lr=4.01e-04
[10:43:10] INFO   ep37: train_loss=0.7932 val_acc=0.9314 val_f1=0.9302 val_uar=0.9314 lr=3.73e-04
[10:43:13] INFO   ep38: train_loss=0.7918 val_acc=0.9284 val_f1=0.9272 val_uar=0.9284 lr=3.45e-04
[10:43:16] INFO   ep39: train_loss=0.7916 val_acc=0.9284 val_f1=0.9275 val_uar=0.9284 lr=3.19e-04
[10:43:18] INFO   ep40: train_loss=0.7907 val_acc=0.9284 val_f1=0.9275 val_uar=0.9284 lr=2.92e-04
[10:43:21] INFO   ep41: train_loss=0.7912 val_acc=0.9255 val_f1=0.9244 val_uar=0.9255 lr=2.67e-04
[10:43:24] INFO   ep42: train_loss=0.7910 val_acc=0.9284 val_f1=0.9272 val_uar=0.9284 lr=2.42e-04
[10:43:26] INFO   ep43: train_loss=0.7903 val_acc=0.9353 val_f1=0.9343 val_uar=0.9353 lr=2.18e-04
[10:43:29] INFO   ep44: train_loss=0.7896 val_acc=0.9284 val_f1=0.9272 val_uar=0.9284 lr=1.95e-04
[10:43:32] INFO   ep45: train_loss=0.7908 val_acc=0.9265 val_f1=0.9251 val_uar=0.9265 lr=1.73e-04
[10:43:34] INFO   ep46: train_loss=0.7902 val_acc=0.9314 val_f1=0.9301 val_uar=0.9314 lr=1.52e-04
[10:43:37] INFO   ep47: train_loss=0.7903 val_acc=0.9333 val_f1=0.9323 val_uar=0.9333 lr=1.32e-04
[10:43:40] INFO   ep48: train_loss=0.7898 val_acc=0.9304 val_f1=0.9290 val_uar=0.9304 lr=1.13e-04
[10:43:42] INFO   ep49: train_loss=0.7894 val_acc=0.9304 val_f1=0.9287 val_uar=0.9304 lr=9.55e-05
[10:43:45] INFO   ep50: train_loss=0.7899 val_acc=0.9304 val_f1=0.9290 val_uar=0.9304 lr=7.94e-05
[10:43:48] INFO   ep51: train_loss=0.7890 val_acc=0.9265 val_f1=0.9253 val_uar=0.9265 lr=6.46e-05
[10:43:50] INFO   ep52: train_loss=0.7891 val_acc=0.9284 val_f1=0.9273 val_uar=0.9284 lr=5.13e-05
[10:43:53] INFO   ep53: train_loss=0.7883 val_acc=0.9284 val_f1=0.9273 val_uar=0.9284 lr=3.94e-05
[10:43:55] INFO   ep54: train_loss=0.7897 val_acc=0.9284 val_f1=0.9271 val_uar=0.9284 lr=2.91e-05
[10:43:58] INFO   ep55: train_loss=0.7888 val_acc=0.9284 val_f1=0.9272 val_uar=0.9284 lr=2.03e-05
[10:44:01] INFO   ep56: train_loss=0.7890 val_acc=0.9294 val_f1=0.9281 val_uar=0.9294 lr=1.30e-05
[10:44:03] INFO   ep57: train_loss=0.7887 val_acc=0.9304 val_f1=0.9291 val_uar=0.9304 lr=7.32e-06
[10:44:06] INFO   ep58: train_loss=0.7888 val_acc=0.9265 val_f1=0.9253 val_uar=0.9265 lr=3.26e-06
[10:44:09] INFO   ep59: train_loss=0.7886 val_acc=0.9294 val_f1=0.9281 val_uar=0.9294 lr=8.15e-07
[10:44:11] INFO   ep60: train_loss=0.7886 val_acc=0.9304 val_f1=0.9292 val_uar=0.9304 lr=0.00e+00
[10:44:11] INFO [done] resnet50_adamw_lr1e3 best_val_acc=0.9353 lr_used=0.001 ckpt=checkpoints\flowers102_resnet50_adamw_lr1e3_seed3.pt time=3.1min
[10:44:13] INFO   [E1] eval clean + per colorfulness bin
[10:44:33] INFO   [E2] eval perturbasi warna
[10:50:08] INFO   done resnet50_adamw_lr1e3 seed3
[10:50:08] INFO ==== flowers102 / resnet50_adamw_lr1e3 / seed4 (recipe=adamw_lr1e3 gray=False) ====
[10:50:08] INFO [train] flowers102/resnet50_adamw_lr1e3/seed4 recipe=adamw_lr1e3 opt=adamw lr=0.001 wd=0.05 grayscale=False epochs=60 device=cuda n_train=1020 n_val=1020 bs=64 accum=1
[10:50:39] INFO   ep1: train_loss=4.6187 val_acc=0.0510 val_f1=0.0323 val_uar=0.0510 lr=4.00e-04
[10:50:41] INFO   ep2: train_loss=4.4978 val_acc=0.2824 val_f1=0.2728 val_uar=0.2824 lr=6.00e-04
[10:50:44] INFO   ep3: train_loss=4.1692 val_acc=0.4637 val_f1=0.4493 val_uar=0.4637 lr=8.00e-04
[10:50:47] INFO   ep4: train_loss=3.1635 val_acc=0.6167 val_f1=0.5871 val_uar=0.6167 lr=1.00e-03
[10:50:49] INFO   ep5: train_loss=1.8261 val_acc=0.7471 val_f1=0.7357 val_uar=0.7471 lr=1.00e-03
[10:50:52] INFO   ep6: train_loss=1.1838 val_acc=0.8461 val_f1=0.8436 val_uar=0.8461 lr=9.99e-04
[10:50:55] INFO   ep7: train_loss=0.9930 val_acc=0.8520 val_f1=0.8483 val_uar=0.8520 lr=9.97e-04
[10:50:58] INFO   ep8: train_loss=0.9180 val_acc=0.8804 val_f1=0.8777 val_uar=0.8804 lr=9.93e-04
[10:51:00] INFO   ep9: train_loss=0.8849 val_acc=0.9049 val_f1=0.9040 val_uar=0.9049 lr=9.87e-04
[10:51:03] INFO   ep10: train_loss=0.8582 val_acc=0.8971 val_f1=0.8951 val_uar=0.8971 lr=9.80e-04
[10:51:06] INFO   ep11: train_loss=0.8478 val_acc=0.8980 val_f1=0.8975 val_uar=0.8980 lr=9.71e-04
[10:51:08] INFO   ep12: train_loss=0.8391 val_acc=0.9137 val_f1=0.9119 val_uar=0.9137 lr=9.61e-04
[10:51:11] INFO   ep13: train_loss=0.8326 val_acc=0.9108 val_f1=0.9090 val_uar=0.9108 lr=9.49e-04
[10:51:13] INFO   ep14: train_loss=0.8281 val_acc=0.9088 val_f1=0.9077 val_uar=0.9088 lr=9.35e-04
[10:51:16] INFO   ep15: train_loss=0.8266 val_acc=0.9088 val_f1=0.9070 val_uar=0.9088 lr=9.21e-04
[10:51:19] INFO   ep16: train_loss=0.8210 val_acc=0.9235 val_f1=0.9226 val_uar=0.9235 lr=9.05e-04
[10:51:22] INFO   ep17: train_loss=0.8180 val_acc=0.9206 val_f1=0.9193 val_uar=0.9206 lr=8.87e-04
[10:51:24] INFO   ep18: train_loss=0.8135 val_acc=0.9216 val_f1=0.9186 val_uar=0.9216 lr=8.68e-04
[10:51:27] INFO   ep19: train_loss=0.8107 val_acc=0.9245 val_f1=0.9222 val_uar=0.9245 lr=8.48e-04
[10:51:30] INFO   ep20: train_loss=0.8076 val_acc=0.9216 val_f1=0.9191 val_uar=0.9216 lr=8.27e-04
[10:51:32] INFO   ep21: train_loss=0.8071 val_acc=0.9196 val_f1=0.9180 val_uar=0.9196 lr=8.05e-04
[10:51:35] INFO   ep22: train_loss=0.8053 val_acc=0.9255 val_f1=0.9249 val_uar=0.9255 lr=7.82e-04
[10:51:38] INFO   ep23: train_loss=0.8024 val_acc=0.9265 val_f1=0.9256 val_uar=0.9265 lr=7.58e-04
[10:51:40] INFO   ep24: train_loss=0.8018 val_acc=0.9304 val_f1=0.9291 val_uar=0.9304 lr=7.33e-04
[10:51:43] INFO   ep25: train_loss=0.8007 val_acc=0.9245 val_f1=0.9237 val_uar=0.9245 lr=7.08e-04
[10:51:46] INFO   ep26: train_loss=0.7998 val_acc=0.9206 val_f1=0.9196 val_uar=0.9206 lr=6.81e-04
[10:51:48] INFO   ep27: train_loss=0.7978 val_acc=0.9216 val_f1=0.9199 val_uar=0.9216 lr=6.55e-04
[10:51:51] INFO   ep28: train_loss=0.7992 val_acc=0.9216 val_f1=0.9201 val_uar=0.9216 lr=6.27e-04
[10:51:54] INFO   ep29: train_loss=0.7979 val_acc=0.9216 val_f1=0.9200 val_uar=0.9216 lr=5.99e-04
[10:51:56] INFO   ep30: train_loss=0.7969 val_acc=0.9206 val_f1=0.9185 val_uar=0.9206 lr=5.71e-04
[10:51:59] INFO   ep31: train_loss=0.7958 val_acc=0.9245 val_f1=0.9228 val_uar=0.9245 lr=5.43e-04
[10:52:02] INFO   ep32: train_loss=0.7958 val_acc=0.9235 val_f1=0.9217 val_uar=0.9235 lr=5.14e-04
[10:52:04] INFO   ep33: train_loss=0.7952 val_acc=0.9265 val_f1=0.9247 val_uar=0.9265 lr=4.86e-04
[10:52:07] INFO   ep34: train_loss=0.7930 val_acc=0.9235 val_f1=0.9213 val_uar=0.9235 lr=4.57e-04
[10:52:10] INFO   ep35: train_loss=0.7931 val_acc=0.9275 val_f1=0.9259 val_uar=0.9275 lr=4.29e-04
[10:52:12] INFO   ep36: train_loss=0.7928 val_acc=0.9304 val_f1=0.9286 val_uar=0.9304 lr=4.01e-04
[10:52:15] INFO   ep37: train_loss=0.7923 val_acc=0.9324 val_f1=0.9308 val_uar=0.9324 lr=3.73e-04
[10:52:18] INFO   ep38: train_loss=0.7928 val_acc=0.9265 val_f1=0.9246 val_uar=0.9265 lr=3.45e-04
[10:52:20] INFO   ep39: train_loss=0.7916 val_acc=0.9284 val_f1=0.9272 val_uar=0.9284 lr=3.19e-04
[10:52:23] INFO   ep40: train_loss=0.7912 val_acc=0.9324 val_f1=0.9309 val_uar=0.9324 lr=2.92e-04
[10:52:26] INFO   ep41: train_loss=0.7907 val_acc=0.9314 val_f1=0.9294 val_uar=0.9314 lr=2.67e-04
[10:52:28] INFO   ep42: train_loss=0.7907 val_acc=0.9343 val_f1=0.9330 val_uar=0.9343 lr=2.42e-04
[10:52:31] INFO   ep43: train_loss=0.7905 val_acc=0.9314 val_f1=0.9303 val_uar=0.9314 lr=2.18e-04
[10:52:34] INFO   ep44: train_loss=0.7899 val_acc=0.9333 val_f1=0.9325 val_uar=0.9333 lr=1.95e-04
[10:52:37] INFO   ep45: train_loss=0.7901 val_acc=0.9333 val_f1=0.9322 val_uar=0.9333 lr=1.73e-04
[10:52:39] INFO   ep46: train_loss=0.7898 val_acc=0.9343 val_f1=0.9334 val_uar=0.9343 lr=1.52e-04
[10:52:42] INFO   ep47: train_loss=0.7896 val_acc=0.9353 val_f1=0.9343 val_uar=0.9353 lr=1.32e-04
[10:52:45] INFO   ep48: train_loss=0.7892 val_acc=0.9353 val_f1=0.9343 val_uar=0.9353 lr=1.13e-04
[10:52:47] INFO   ep49: train_loss=0.7896 val_acc=0.9324 val_f1=0.9314 val_uar=0.9324 lr=9.55e-05
[10:52:50] INFO   ep50: train_loss=0.7893 val_acc=0.9333 val_f1=0.9322 val_uar=0.9333 lr=7.94e-05
[10:52:53] INFO   ep51: train_loss=0.7889 val_acc=0.9333 val_f1=0.9322 val_uar=0.9333 lr=6.46e-05
[10:52:56] INFO   ep52: train_loss=0.7894 val_acc=0.9314 val_f1=0.9300 val_uar=0.9314 lr=5.13e-05
[10:52:58] INFO   ep53: train_loss=0.7887 val_acc=0.9363 val_f1=0.9353 val_uar=0.9363 lr=3.94e-05
[10:53:01] INFO   ep54: train_loss=0.7891 val_acc=0.9353 val_f1=0.9344 val_uar=0.9353 lr=2.91e-05
[10:53:04] INFO   ep55: train_loss=0.7886 val_acc=0.9324 val_f1=0.9311 val_uar=0.9324 lr=2.03e-05
[10:53:06] INFO   ep56: train_loss=0.7890 val_acc=0.9314 val_f1=0.9301 val_uar=0.9314 lr=1.30e-05
[10:53:09] INFO   ep57: train_loss=0.7891 val_acc=0.9353 val_f1=0.9342 val_uar=0.9353 lr=7.32e-06
[10:53:12] INFO   ep58: train_loss=0.7892 val_acc=0.9343 val_f1=0.9331 val_uar=0.9343 lr=3.26e-06
[10:53:14] INFO   ep59: train_loss=0.7883 val_acc=0.9373 val_f1=0.9364 val_uar=0.9373 lr=8.15e-07
[10:53:17] INFO   ep60: train_loss=0.7888 val_acc=0.9363 val_f1=0.9354 val_uar=0.9363 lr=0.00e+00
[10:53:17] INFO [done] resnet50_adamw_lr1e3 best_val_acc=0.9373 lr_used=0.001 ckpt=checkpoints\flowers102_resnet50_adamw_lr1e3_seed4.pt time=3.2min
[10:53:19] INFO   [E1] eval clean + per colorfulness bin
[10:53:39] INFO   [E2] eval perturbasi warna
[10:59:15] INFO   done resnet50_adamw_lr1e3 seed4
[10:59:15] INFO ALL DONE
[08:57:51] INFO dataset=flowers102 models=['resnet50_tv'] seeds=[0, 1, 2, 3, 4] epochs=None recipe=adamw_lr1e3
[08:57:51] INFO ==== flowers102 / resnet50_tv_adamw_lr1e3 / seed0 (recipe=adamw_lr1e3 gray=False) ====
[08:57:53] INFO [train] flowers102/resnet50_tv_adamw_lr1e3/seed0 recipe=adamw_lr1e3 opt=adamw lr=0.001 wd=0.05 grayscale=False epochs=60 device=cuda n_train=1020 n_val=1020 bs=64 accum=1
[08:58:12] INFO   ep1: train_loss=4.0916 val_acc=0.5382 val_f1=0.4839 val_uar=0.5382 lr=4.00e-04
[08:58:15] INFO   ep2: train_loss=2.2642 val_acc=0.7431 val_f1=0.7261 val_uar=0.7431 lr=6.00e-04
[08:58:19] INFO   ep3: train_loss=1.3451 val_acc=0.6735 val_f1=0.6614 val_uar=0.6735 lr=8.00e-04
[08:58:22] INFO   ep4: train_loss=1.3102 val_acc=0.4902 val_f1=0.4698 val_uar=0.4902 lr=1.00e-03
[08:58:25] INFO   ep5: train_loss=1.5535 val_acc=0.2461 val_f1=0.2218 val_uar=0.2461 lr=1.00e-03
[08:58:29] INFO   ep6: train_loss=1.5303 val_acc=0.4353 val_f1=0.4268 val_uar=0.4353 lr=9.99e-04
[08:58:32] INFO   ep7: train_loss=1.4942 val_acc=0.4794 val_f1=0.4532 val_uar=0.4794 lr=9.97e-04
[08:58:35] INFO   ep8: train_loss=1.3468 val_acc=0.6608 val_f1=0.6549 val_uar=0.6608 lr=9.93e-04
[08:58:39] INFO   ep9: train_loss=1.1894 val_acc=0.6863 val_f1=0.6797 val_uar=0.6863 lr=9.87e-04
[08:58:42] INFO   ep10: train_loss=1.0905 val_acc=0.6951 val_f1=0.6864 val_uar=0.6951 lr=9.80e-04
[08:58:45] INFO   ep11: train_loss=1.0220 val_acc=0.7912 val_f1=0.7851 val_uar=0.7912 lr=9.71e-04
[08:58:49] INFO   ep12: train_loss=0.9965 val_acc=0.7598 val_f1=0.7689 val_uar=0.7598 lr=9.61e-04
[08:58:52] INFO   ep13: train_loss=0.9778 val_acc=0.8324 val_f1=0.8370 val_uar=0.8324 lr=9.49e-04
[08:58:56] INFO   ep14: train_loss=0.9238 val_acc=0.8373 val_f1=0.8397 val_uar=0.8373 lr=9.35e-04
[08:58:59] INFO   ep15: train_loss=0.9103 val_acc=0.8637 val_f1=0.8617 val_uar=0.8637 lr=9.21e-04
[08:59:03] INFO   ep16: train_loss=0.8993 val_acc=0.8775 val_f1=0.8778 val_uar=0.8775 lr=9.05e-04
[08:59:06] INFO   ep17: train_loss=0.8857 val_acc=0.8882 val_f1=0.8880 val_uar=0.8882 lr=8.87e-04
[08:59:10] INFO   ep18: train_loss=0.8638 val_acc=0.8912 val_f1=0.8913 val_uar=0.8912 lr=8.68e-04
[08:59:13] INFO   ep19: train_loss=0.8605 val_acc=0.8971 val_f1=0.8960 val_uar=0.8971 lr=8.48e-04
[08:59:17] INFO   ep20: train_loss=0.8565 val_acc=0.9108 val_f1=0.9111 val_uar=0.9108 lr=8.27e-04
[08:59:20] INFO   ep21: train_loss=0.8453 val_acc=0.8990 val_f1=0.8983 val_uar=0.8990 lr=8.05e-04
[08:59:24] INFO   ep22: train_loss=0.8428 val_acc=0.9167 val_f1=0.9164 val_uar=0.9167 lr=7.82e-04
[08:59:27] INFO   ep23: train_loss=0.8351 val_acc=0.9206 val_f1=0.9191 val_uar=0.9206 lr=7.58e-04
[08:59:31] INFO   ep24: train_loss=0.8316 val_acc=0.9225 val_f1=0.9225 val_uar=0.9225 lr=7.33e-04
[08:59:34] INFO   ep25: train_loss=0.8273 val_acc=0.9216 val_f1=0.9192 val_uar=0.9216 lr=7.08e-04
[08:59:38] INFO   ep26: train_loss=0.8227 val_acc=0.9294 val_f1=0.9288 val_uar=0.9294 lr=6.81e-04
[08:59:41] INFO   ep27: train_loss=0.8235 val_acc=0.9294 val_f1=0.9279 val_uar=0.9294 lr=6.55e-04
[08:59:44] INFO   ep28: train_loss=0.8200 val_acc=0.9275 val_f1=0.9278 val_uar=0.9275 lr=6.27e-04
[08:59:48] INFO   ep29: train_loss=0.8171 val_acc=0.9382 val_f1=0.9374 val_uar=0.9382 lr=5.99e-04
[08:59:51] INFO   ep30: train_loss=0.8188 val_acc=0.9324 val_f1=0.9301 val_uar=0.9324 lr=5.71e-04
[08:59:55] INFO   ep31: train_loss=0.8145 val_acc=0.9353 val_f1=0.9333 val_uar=0.9353 lr=5.43e-04
[08:59:58] INFO   ep32: train_loss=0.8151 val_acc=0.9294 val_f1=0.9280 val_uar=0.9294 lr=5.14e-04
[09:00:02] INFO   ep33: train_loss=0.8137 val_acc=0.9363 val_f1=0.9346 val_uar=0.9363 lr=4.86e-04
[09:00:05] INFO   ep34: train_loss=0.8111 val_acc=0.9422 val_f1=0.9409 val_uar=0.9422 lr=4.57e-04
[09:00:09] INFO   ep35: train_loss=0.8109 val_acc=0.9431 val_f1=0.9421 val_uar=0.9431 lr=4.29e-04
[09:00:12] INFO   ep36: train_loss=0.8098 val_acc=0.9412 val_f1=0.9404 val_uar=0.9412 lr=4.01e-04
[09:00:16] INFO   ep37: train_loss=0.8087 val_acc=0.9402 val_f1=0.9389 val_uar=0.9402 lr=3.73e-04
[09:00:19] INFO   ep38: train_loss=0.8073 val_acc=0.9373 val_f1=0.9353 val_uar=0.9373 lr=3.45e-04
[09:00:23] INFO   ep39: train_loss=0.8037 val_acc=0.9402 val_f1=0.9382 val_uar=0.9402 lr=3.19e-04
[09:00:26] INFO   ep40: train_loss=0.8036 val_acc=0.9382 val_f1=0.9361 val_uar=0.9382 lr=2.92e-04
[09:00:30] INFO   ep41: train_loss=0.8042 val_acc=0.9353 val_f1=0.9329 val_uar=0.9353 lr=2.67e-04
[09:00:33] INFO   ep42: train_loss=0.8014 val_acc=0.9363 val_f1=0.9344 val_uar=0.9363 lr=2.42e-04
[09:00:37] INFO   ep43: train_loss=0.8022 val_acc=0.9402 val_f1=0.9388 val_uar=0.9402 lr=2.18e-04
[09:00:40] INFO   ep44: train_loss=0.8010 val_acc=0.9402 val_f1=0.9387 val_uar=0.9402 lr=1.95e-04
[09:00:44] INFO   ep45: train_loss=0.7993 val_acc=0.9422 val_f1=0.9417 val_uar=0.9422 lr=1.73e-04
[09:00:47] INFO   ep46: train_loss=0.8011 val_acc=0.9422 val_f1=0.9415 val_uar=0.9422 lr=1.52e-04
[09:00:50] INFO   ep47: train_loss=0.8002 val_acc=0.9431 val_f1=0.9426 val_uar=0.9431 lr=1.32e-04
[09:00:54] INFO   ep48: train_loss=0.7993 val_acc=0.9441 val_f1=0.9437 val_uar=0.9441 lr=1.13e-04
[09:00:57] INFO   ep49: train_loss=0.7997 val_acc=0.9441 val_f1=0.9433 val_uar=0.9441 lr=9.55e-05
[09:01:01] INFO   ep50: train_loss=0.7984 val_acc=0.9402 val_f1=0.9392 val_uar=0.9402 lr=7.94e-05
[09:01:04] INFO   ep51: train_loss=0.7976 val_acc=0.9392 val_f1=0.9383 val_uar=0.9392 lr=6.46e-05
[09:01:08] INFO   ep52: train_loss=0.7971 val_acc=0.9402 val_f1=0.9393 val_uar=0.9402 lr=5.13e-05
[09:01:11] INFO   ep53: train_loss=0.7988 val_acc=0.9422 val_f1=0.9413 val_uar=0.9422 lr=3.94e-05
[09:01:15] INFO   ep54: train_loss=0.7966 val_acc=0.9402 val_f1=0.9393 val_uar=0.9402 lr=2.91e-05
[09:01:18] INFO   ep55: train_loss=0.7974 val_acc=0.9402 val_f1=0.9395 val_uar=0.9402 lr=2.03e-05
[09:01:22] INFO   ep56: train_loss=0.7968 val_acc=0.9412 val_f1=0.9407 val_uar=0.9412 lr=1.30e-05
[09:01:25] INFO   ep57: train_loss=0.7974 val_acc=0.9402 val_f1=0.9396 val_uar=0.9402 lr=7.32e-06
[09:01:29] INFO   ep58: train_loss=0.7961 val_acc=0.9402 val_f1=0.9393 val_uar=0.9402 lr=3.26e-06
[09:01:32] INFO   ep59: train_loss=0.7982 val_acc=0.9422 val_f1=0.9415 val_uar=0.9422 lr=8.15e-07
[09:01:36] INFO   ep60: train_loss=0.7962 val_acc=0.9382 val_f1=0.9367 val_uar=0.9382 lr=0.00e+00
[09:01:36] INFO [done] resnet50_tv_adamw_lr1e3 best_val_acc=0.9441 lr_used=0.001 ckpt=checkpoints\flowers102_resnet50_tv_adamw_lr1e3_seed0.pt time=3.7min
[09:01:37] INFO   [E1] eval clean + per colorfulness bin
[09:01:56] INFO   [E2] eval perturbasi warna
[09:06:56] INFO   done resnet50_tv_adamw_lr1e3 seed0
[09:06:56] INFO ==== flowers102 / resnet50_tv_adamw_lr1e3 / seed1 (recipe=adamw_lr1e3 gray=False) ====
[09:06:57] INFO [train] flowers102/resnet50_tv_adamw_lr1e3/seed1 recipe=adamw_lr1e3 opt=adamw lr=0.001 wd=0.05 grayscale=False epochs=60 device=cuda n_train=1020 n_val=1020 bs=64 accum=1
[09:07:16] INFO   ep1: train_loss=4.1269 val_acc=0.5176 val_f1=0.4639 val_uar=0.5176 lr=4.00e-04
[09:07:20] INFO   ep2: train_loss=2.3525 val_acc=0.7304 val_f1=0.7234 val_uar=0.7304 lr=6.00e-04
[09:07:23] INFO   ep3: train_loss=1.3305 val_acc=0.7373 val_f1=0.7268 val_uar=0.7373 lr=8.00e-04
[09:07:27] INFO   ep4: train_loss=1.3072 val_acc=0.5843 val_f1=0.5730 val_uar=0.5843 lr=1.00e-03
[09:07:30] INFO   ep5: train_loss=1.4967 val_acc=0.1343 val_f1=0.1199 val_uar=0.1343 lr=1.00e-03
[09:07:33] INFO   ep6: train_loss=1.5763 val_acc=0.5000 val_f1=0.4832 val_uar=0.5000 lr=9.99e-04
[09:07:37] INFO   ep7: train_loss=1.3795 val_acc=0.5902 val_f1=0.5786 val_uar=0.5902 lr=9.97e-04
[09:07:40] INFO   ep8: train_loss=1.3122 val_acc=0.5765 val_f1=0.5540 val_uar=0.5765 lr=9.93e-04
[09:07:44] INFO   ep9: train_loss=1.2401 val_acc=0.6490 val_f1=0.6276 val_uar=0.6490 lr=9.87e-04
[09:07:47] INFO   ep10: train_loss=1.1397 val_acc=0.7098 val_f1=0.7087 val_uar=0.7098 lr=9.80e-04
[09:07:50] INFO   ep11: train_loss=1.0940 val_acc=0.7382 val_f1=0.7447 val_uar=0.7382 lr=9.71e-04
[09:07:54] INFO   ep12: train_loss=1.0100 val_acc=0.7843 val_f1=0.7836 val_uar=0.7843 lr=9.61e-04
[09:07:57] INFO   ep13: train_loss=0.9728 val_acc=0.7961 val_f1=0.7975 val_uar=0.7961 lr=9.49e-04
[09:08:01] INFO   ep14: train_loss=0.9263 val_acc=0.8225 val_f1=0.8197 val_uar=0.8225 lr=9.35e-04
[09:08:04] INFO   ep15: train_loss=0.9083 val_acc=0.8647 val_f1=0.8643 val_uar=0.8647 lr=9.21e-04
[09:08:08] INFO   ep16: train_loss=0.8949 val_acc=0.8745 val_f1=0.8741 val_uar=0.8745 lr=9.05e-04
[09:08:12] INFO   ep17: train_loss=0.8778 val_acc=0.8755 val_f1=0.8746 val_uar=0.8755 lr=8.87e-04
[09:08:15] INFO   ep18: train_loss=0.8633 val_acc=0.9088 val_f1=0.9088 val_uar=0.9088 lr=8.68e-04
[09:08:19] INFO   ep19: train_loss=0.8614 val_acc=0.9049 val_f1=0.9046 val_uar=0.9049 lr=8.48e-04
[09:08:22] INFO   ep20: train_loss=0.8496 val_acc=0.9059 val_f1=0.9065 val_uar=0.9059 lr=8.27e-04
[09:08:26] INFO   ep21: train_loss=0.8443 val_acc=0.9000 val_f1=0.8986 val_uar=0.9000 lr=8.05e-04
[09:08:29] INFO   ep22: train_loss=0.8399 val_acc=0.9137 val_f1=0.9116 val_uar=0.9137 lr=7.82e-04
[09:08:32] INFO   ep23: train_loss=0.8354 val_acc=0.9108 val_f1=0.9088 val_uar=0.9108 lr=7.58e-04
[09:08:36] INFO   ep24: train_loss=0.8308 val_acc=0.9137 val_f1=0.9120 val_uar=0.9137 lr=7.33e-04
[09:08:40] INFO   ep25: train_loss=0.8286 val_acc=0.9186 val_f1=0.9178 val_uar=0.9186 lr=7.08e-04
[09:08:43] INFO   ep26: train_loss=0.8251 val_acc=0.9225 val_f1=0.9208 val_uar=0.9225 lr=6.81e-04
[09:08:47] INFO   ep27: train_loss=0.8248 val_acc=0.9314 val_f1=0.9302 val_uar=0.9314 lr=6.55e-04
[09:08:51] INFO   ep28: train_loss=0.8224 val_acc=0.9235 val_f1=0.9231 val_uar=0.9235 lr=6.27e-04
[09:08:55] INFO   ep29: train_loss=0.8191 val_acc=0.9275 val_f1=0.9270 val_uar=0.9275 lr=5.99e-04
[09:09:00] INFO   ep30: train_loss=0.8174 val_acc=0.9304 val_f1=0.9300 val_uar=0.9304 lr=5.71e-04
[09:09:05] INFO   ep31: train_loss=0.8159 val_acc=0.9294 val_f1=0.9282 val_uar=0.9294 lr=5.43e-04
[09:09:09] INFO   ep32: train_loss=0.8138 val_acc=0.9333 val_f1=0.9317 val_uar=0.9333 lr=5.14e-04
[09:09:13] INFO   ep33: train_loss=0.8136 val_acc=0.9275 val_f1=0.9268 val_uar=0.9275 lr=4.86e-04
[09:09:17] INFO   ep34: train_loss=0.8128 val_acc=0.9363 val_f1=0.9341 val_uar=0.9363 lr=4.57e-04
[09:09:20] INFO   ep35: train_loss=0.8092 val_acc=0.9373 val_f1=0.9357 val_uar=0.9373 lr=4.29e-04
[09:09:24] INFO   ep36: train_loss=0.8082 val_acc=0.9363 val_f1=0.9344 val_uar=0.9363 lr=4.01e-04
[09:09:28] INFO   ep37: train_loss=0.8049 val_acc=0.9353 val_f1=0.9335 val_uar=0.9353 lr=3.73e-04
[09:09:31] INFO   ep38: train_loss=0.8065 val_acc=0.9353 val_f1=0.9338 val_uar=0.9353 lr=3.45e-04
[09:09:35] INFO   ep39: train_loss=0.8059 val_acc=0.9343 val_f1=0.9334 val_uar=0.9343 lr=3.19e-04
[09:09:38] INFO   ep40: train_loss=0.8061 val_acc=0.9333 val_f1=0.9316 val_uar=0.9333 lr=2.92e-04
[09:09:42] INFO   ep41: train_loss=0.8025 val_acc=0.9343 val_f1=0.9322 val_uar=0.9343 lr=2.67e-04
[09:09:45] INFO   ep42: train_loss=0.8043 val_acc=0.9294 val_f1=0.9276 val_uar=0.9294 lr=2.42e-04
[09:09:49] INFO   ep43: train_loss=0.8053 val_acc=0.9353 val_f1=0.9335 val_uar=0.9353 lr=2.18e-04
[09:09:52] INFO   ep44: train_loss=0.8020 val_acc=0.9353 val_f1=0.9336 val_uar=0.9353 lr=1.95e-04
[09:09:56] INFO   ep45: train_loss=0.8013 val_acc=0.9422 val_f1=0.9408 val_uar=0.9422 lr=1.73e-04
[09:09:59] INFO   ep46: train_loss=0.8007 val_acc=0.9402 val_f1=0.9383 val_uar=0.9402 lr=1.52e-04
[09:10:03] INFO   ep47: train_loss=0.7993 val_acc=0.9412 val_f1=0.9395 val_uar=0.9412 lr=1.32e-04
[09:10:06] INFO   ep48: train_loss=0.8000 val_acc=0.9382 val_f1=0.9365 val_uar=0.9382 lr=1.13e-04
[09:10:10] INFO   ep49: train_loss=0.7987 val_acc=0.9392 val_f1=0.9374 val_uar=0.9392 lr=9.55e-05
[09:10:13] INFO   ep50: train_loss=0.7975 val_acc=0.9402 val_f1=0.9384 val_uar=0.9402 lr=7.94e-05
[09:10:17] INFO   ep51: train_loss=0.7984 val_acc=0.9412 val_f1=0.9392 val_uar=0.9412 lr=6.46e-05
[09:10:21] INFO   ep52: train_loss=0.7979 val_acc=0.9392 val_f1=0.9374 val_uar=0.9392 lr=5.13e-05
[09:10:24] INFO   ep53: train_loss=0.7978 val_acc=0.9382 val_f1=0.9365 val_uar=0.9382 lr=3.94e-05
[09:10:28] INFO   ep54: train_loss=0.7989 val_acc=0.9373 val_f1=0.9355 val_uar=0.9373 lr=2.91e-05
[09:10:31] INFO   ep55: train_loss=0.7978 val_acc=0.9382 val_f1=0.9364 val_uar=0.9382 lr=2.03e-05
[09:10:35] INFO   ep56: train_loss=0.7972 val_acc=0.9382 val_f1=0.9365 val_uar=0.9382 lr=1.30e-05
[09:10:38] INFO   ep57: train_loss=0.7975 val_acc=0.9392 val_f1=0.9375 val_uar=0.9392 lr=7.32e-06
[09:10:42] INFO   ep58: train_loss=0.7980 val_acc=0.9392 val_f1=0.9374 val_uar=0.9392 lr=3.26e-06
[09:10:46] INFO   ep59: train_loss=0.7989 val_acc=0.9382 val_f1=0.9364 val_uar=0.9382 lr=8.15e-07
[09:10:49] INFO   ep60: train_loss=0.7973 val_acc=0.9382 val_f1=0.9362 val_uar=0.9382 lr=0.00e+00
[09:10:49] INFO [done] resnet50_tv_adamw_lr1e3 best_val_acc=0.9422 lr_used=0.001 ckpt=checkpoints\flowers102_resnet50_tv_adamw_lr1e3_seed1.pt time=3.9min
[09:10:51] INFO   [E1] eval clean + per colorfulness bin
[09:11:10] INFO   [E2] eval perturbasi warna
[09:16:20] INFO   done resnet50_tv_adamw_lr1e3 seed1
[09:16:20] INFO ==== flowers102 / resnet50_tv_adamw_lr1e3 / seed2 (recipe=adamw_lr1e3 gray=False) ====
[09:16:21] INFO [train] flowers102/resnet50_tv_adamw_lr1e3/seed2 recipe=adamw_lr1e3 opt=adamw lr=0.001 wd=0.05 grayscale=False epochs=60 device=cuda n_train=1020 n_val=1020 bs=64 accum=1
[09:16:40] INFO   ep1: train_loss=4.1377 val_acc=0.5402 val_f1=0.4919 val_uar=0.5402 lr=4.00e-04
[09:16:43] INFO   ep2: train_loss=2.2878 val_acc=0.7627 val_f1=0.7452 val_uar=0.7627 lr=6.00e-04
[09:16:47] INFO   ep3: train_loss=1.3295 val_acc=0.7098 val_f1=0.7125 val_uar=0.7098 lr=8.00e-04
[09:16:50] INFO   ep4: train_loss=1.2720 val_acc=0.5510 val_f1=0.5294 val_uar=0.5510 lr=1.00e-03
[09:16:54] INFO   ep5: train_loss=1.4367 val_acc=0.3745 val_f1=0.3278 val_uar=0.3745 lr=1.00e-03
[09:16:57] INFO   ep6: train_loss=1.6193 val_acc=0.4059 val_f1=0.3580 val_uar=0.4059 lr=9.99e-04
[09:17:01] INFO   ep7: train_loss=1.4655 val_acc=0.5225 val_f1=0.4937 val_uar=0.5225 lr=9.97e-04
[09:17:04] INFO   ep8: train_loss=1.3534 val_acc=0.5539 val_f1=0.5479 val_uar=0.5539 lr=9.93e-04
[09:17:08] INFO   ep9: train_loss=1.2502 val_acc=0.6500 val_f1=0.6453 val_uar=0.6500 lr=9.87e-04
[09:17:11] INFO   ep10: train_loss=1.1163 val_acc=0.7490 val_f1=0.7450 val_uar=0.7490 lr=9.80e-04
[09:17:15] INFO   ep11: train_loss=1.0643 val_acc=0.7559 val_f1=0.7607 val_uar=0.7559 lr=9.71e-04
[09:17:19] INFO   ep12: train_loss=1.0161 val_acc=0.8098 val_f1=0.8115 val_uar=0.8098 lr=9.61e-04
[09:17:22] INFO   ep13: train_loss=0.9511 val_acc=0.8382 val_f1=0.8388 val_uar=0.8382 lr=9.49e-04
[09:17:26] INFO   ep14: train_loss=0.9279 val_acc=0.8706 val_f1=0.8733 val_uar=0.8706 lr=9.35e-04
[09:17:29] INFO   ep15: train_loss=0.8975 val_acc=0.8725 val_f1=0.8713 val_uar=0.8725 lr=9.21e-04
[09:17:33] INFO   ep16: train_loss=0.8895 val_acc=0.8804 val_f1=0.8806 val_uar=0.8804 lr=9.05e-04
[09:17:37] INFO   ep17: train_loss=0.8744 val_acc=0.8863 val_f1=0.8840 val_uar=0.8863 lr=8.87e-04
[09:17:40] INFO   ep18: train_loss=0.8688 val_acc=0.8980 val_f1=0.8983 val_uar=0.8980 lr=8.68e-04
[09:17:44] INFO   ep19: train_loss=0.8634 val_acc=0.9098 val_f1=0.9094 val_uar=0.9098 lr=8.48e-04
[09:17:47] INFO   ep20: train_loss=0.8542 val_acc=0.9088 val_f1=0.9098 val_uar=0.9088 lr=8.27e-04
[09:17:51] INFO   ep21: train_loss=0.8449 val_acc=0.9186 val_f1=0.9163 val_uar=0.9186 lr=8.05e-04
[09:17:55] INFO   ep22: train_loss=0.8413 val_acc=0.9186 val_f1=0.9184 val_uar=0.9186 lr=7.82e-04
[09:17:58] INFO   ep23: train_loss=0.8359 val_acc=0.9275 val_f1=0.9270 val_uar=0.9275 lr=7.58e-04
[09:18:02] INFO   ep24: train_loss=0.8369 val_acc=0.9275 val_f1=0.9261 val_uar=0.9275 lr=7.33e-04
[09:18:05] INFO   ep25: train_loss=0.8335 val_acc=0.9294 val_f1=0.9290 val_uar=0.9294 lr=7.08e-04
[09:18:09] INFO   ep26: train_loss=0.8256 val_acc=0.9353 val_f1=0.9342 val_uar=0.9353 lr=6.81e-04
[09:18:13] INFO   ep27: train_loss=0.8228 val_acc=0.9353 val_f1=0.9347 val_uar=0.9353 lr=6.55e-04
[09:18:16] INFO   ep28: train_loss=0.8212 val_acc=0.9304 val_f1=0.9306 val_uar=0.9304 lr=6.27e-04
[09:18:20] INFO   ep29: train_loss=0.8194 val_acc=0.9363 val_f1=0.9359 val_uar=0.9363 lr=5.99e-04
[09:18:24] INFO   ep30: train_loss=0.8200 val_acc=0.9314 val_f1=0.9296 val_uar=0.9314 lr=5.71e-04
[09:18:27] INFO   ep31: train_loss=0.8176 val_acc=0.9382 val_f1=0.9376 val_uar=0.9382 lr=5.43e-04
[09:18:31] INFO   ep32: train_loss=0.8163 val_acc=0.9373 val_f1=0.9366 val_uar=0.9373 lr=5.14e-04
[09:18:34] INFO   ep33: train_loss=0.8111 val_acc=0.9373 val_f1=0.9361 val_uar=0.9373 lr=4.86e-04
[09:18:38] INFO   ep34: train_loss=0.8112 val_acc=0.9373 val_f1=0.9361 val_uar=0.9373 lr=4.57e-04
[09:18:41] INFO   ep35: train_loss=0.8109 val_acc=0.9373 val_f1=0.9363 val_uar=0.9373 lr=4.29e-04
[09:18:45] INFO   ep36: train_loss=0.8109 val_acc=0.9422 val_f1=0.9418 val_uar=0.9422 lr=4.01e-04
[09:18:48] INFO   ep37: train_loss=0.8091 val_acc=0.9402 val_f1=0.9396 val_uar=0.9402 lr=3.73e-04
[09:18:52] INFO   ep38: train_loss=0.8090 val_acc=0.9392 val_f1=0.9375 val_uar=0.9392 lr=3.45e-04
[09:18:56] INFO   ep39: train_loss=0.8074 val_acc=0.9471 val_f1=0.9459 val_uar=0.9471 lr=3.19e-04
[09:18:59] INFO   ep40: train_loss=0.8077 val_acc=0.9441 val_f1=0.9431 val_uar=0.9441 lr=2.92e-04
[09:19:03] INFO   ep41: train_loss=0.8041 val_acc=0.9451 val_f1=0.9437 val_uar=0.9451 lr=2.67e-04
[09:19:06] INFO   ep42: train_loss=0.8040 val_acc=0.9441 val_f1=0.9428 val_uar=0.9441 lr=2.42e-04
[09:19:10] INFO   ep43: train_loss=0.8037 val_acc=0.9422 val_f1=0.9414 val_uar=0.9422 lr=2.18e-04
[09:19:13] INFO   ep44: train_loss=0.8022 val_acc=0.9422 val_f1=0.9407 val_uar=0.9422 lr=1.95e-04
[09:19:17] INFO   ep45: train_loss=0.8015 val_acc=0.9461 val_f1=0.9445 val_uar=0.9461 lr=1.73e-04
[09:19:20] INFO   ep46: train_loss=0.8006 val_acc=0.9441 val_f1=0.9428 val_uar=0.9441 lr=1.52e-04
[09:19:24] INFO   ep47: train_loss=0.7996 val_acc=0.9422 val_f1=0.9409 val_uar=0.9422 lr=1.32e-04
[09:19:27] INFO   ep48: train_loss=0.7993 val_acc=0.9422 val_f1=0.9409 val_uar=0.9422 lr=1.13e-04
[09:19:31] INFO   ep49: train_loss=0.8003 val_acc=0.9422 val_f1=0.9404 val_uar=0.9422 lr=9.55e-05
[09:19:34] INFO   ep50: train_loss=0.7975 val_acc=0.9431 val_f1=0.9416 val_uar=0.9431 lr=7.94e-05
[09:19:38] INFO   ep51: train_loss=0.7976 val_acc=0.9441 val_f1=0.9425 val_uar=0.9441 lr=6.46e-05
[09:19:41] INFO   ep52: train_loss=0.7988 val_acc=0.9431 val_f1=0.9418 val_uar=0.9431 lr=5.13e-05
[09:19:45] INFO   ep53: train_loss=0.7970 val_acc=0.9461 val_f1=0.9446 val_uar=0.9461 lr=3.94e-05
[09:19:49] INFO   ep54: train_loss=0.7976 val_acc=0.9441 val_f1=0.9426 val_uar=0.9441 lr=2.91e-05
[09:19:52] INFO   ep55: train_loss=0.7971 val_acc=0.9451 val_f1=0.9436 val_uar=0.9451 lr=2.03e-05
[09:19:56] INFO   ep56: train_loss=0.7970 val_acc=0.9422 val_f1=0.9407 val_uar=0.9422 lr=1.30e-05
[09:19:59] INFO   ep57: train_loss=0.7966 val_acc=0.9431 val_f1=0.9416 val_uar=0.9431 lr=7.32e-06
[09:20:03] INFO   ep58: train_loss=0.7962 val_acc=0.9431 val_f1=0.9418 val_uar=0.9431 lr=3.26e-06
[09:20:06] INFO   ep59: train_loss=0.7977 val_acc=0.9431 val_f1=0.9416 val_uar=0.9431 lr=8.15e-07
[09:20:10] INFO   ep60: train_loss=0.7968 val_acc=0.9431 val_f1=0.9416 val_uar=0.9431 lr=0.00e+00
[09:20:10] INFO [done] resnet50_tv_adamw_lr1e3 best_val_acc=0.9471 lr_used=0.001 ckpt=checkpoints\flowers102_resnet50_tv_adamw_lr1e3_seed2.pt time=3.8min
[09:20:12] INFO   [E1] eval clean + per colorfulness bin
[09:20:31] INFO   [E2] eval perturbasi warna
[09:25:39] INFO   done resnet50_tv_adamw_lr1e3 seed2
[09:25:39] INFO ==== flowers102 / resnet50_tv_adamw_lr1e3 / seed3 (recipe=adamw_lr1e3 gray=False) ====
[09:25:40] INFO [train] flowers102/resnet50_tv_adamw_lr1e3/seed3 recipe=adamw_lr1e3 opt=adamw lr=0.001 wd=0.05 grayscale=False epochs=60 device=cuda n_train=1020 n_val=1020 bs=64 accum=1
[09:25:59] INFO   ep1: train_loss=4.1099 val_acc=0.5176 val_f1=0.4564 val_uar=0.5176 lr=4.00e-04
[09:26:02] INFO   ep2: train_loss=2.2375 val_acc=0.7559 val_f1=0.7426 val_uar=0.7559 lr=6.00e-04
[09:26:06] INFO   ep3: train_loss=1.2868 val_acc=0.7569 val_f1=0.7449 val_uar=0.7569 lr=8.00e-04
[09:26:09] INFO   ep4: train_loss=1.2590 val_acc=0.5676 val_f1=0.5515 val_uar=0.5676 lr=1.00e-03
[09:26:13] INFO   ep5: train_loss=1.4267 val_acc=0.3324 val_f1=0.2902 val_uar=0.3324 lr=1.00e-03
[09:26:16] INFO   ep6: train_loss=1.5956 val_acc=0.3833 val_f1=0.3326 val_uar=0.3833 lr=9.99e-04
[09:26:19] INFO   ep7: train_loss=1.4640 val_acc=0.4882 val_f1=0.4649 val_uar=0.4882 lr=9.97e-04
[09:26:23] INFO   ep8: train_loss=1.2649 val_acc=0.6422 val_f1=0.6397 val_uar=0.6422 lr=9.93e-04
[09:26:26] INFO   ep9: train_loss=1.1950 val_acc=0.6539 val_f1=0.6365 val_uar=0.6539 lr=9.87e-04
[09:26:29] INFO   ep10: train_loss=1.1025 val_acc=0.7137 val_f1=0.7053 val_uar=0.7137 lr=9.80e-04
[09:26:33] INFO   ep11: train_loss=1.0658 val_acc=0.7706 val_f1=0.7705 val_uar=0.7706 lr=9.71e-04
[09:26:36] INFO   ep12: train_loss=1.0043 val_acc=0.7784 val_f1=0.7810 val_uar=0.7784 lr=9.61e-04
[09:26:40] INFO   ep13: train_loss=0.9455 val_acc=0.8255 val_f1=0.8242 val_uar=0.8255 lr=9.49e-04
[09:26:43] INFO   ep14: train_loss=0.9375 val_acc=0.8392 val_f1=0.8417 val_uar=0.8392 lr=9.35e-04
[09:26:47] INFO   ep15: train_loss=0.9166 val_acc=0.8569 val_f1=0.8567 val_uar=0.8569 lr=9.21e-04
[09:26:50] INFO   ep16: train_loss=0.8975 val_acc=0.8755 val_f1=0.8745 val_uar=0.8755 lr=9.05e-04
[09:26:54] INFO   ep17: train_loss=0.8793 val_acc=0.8804 val_f1=0.8786 val_uar=0.8804 lr=8.87e-04
[09:26:57] INFO   ep18: train_loss=0.8711 val_acc=0.8804 val_f1=0.8794 val_uar=0.8804 lr=8.68e-04
[09:27:01] INFO   ep19: train_loss=0.8568 val_acc=0.9069 val_f1=0.9078 val_uar=0.9069 lr=8.48e-04
[09:27:05] INFO   ep20: train_loss=0.8541 val_acc=0.9118 val_f1=0.9121 val_uar=0.9118 lr=8.27e-04
[09:27:08] INFO   ep21: train_loss=0.8449 val_acc=0.9157 val_f1=0.9157 val_uar=0.9157 lr=8.05e-04
[09:27:12] INFO   ep22: train_loss=0.8408 val_acc=0.9108 val_f1=0.9111 val_uar=0.9108 lr=7.82e-04
[09:27:15] INFO   ep23: train_loss=0.8360 val_acc=0.9118 val_f1=0.9119 val_uar=0.9118 lr=7.58e-04
[09:27:18] INFO   ep24: train_loss=0.8299 val_acc=0.9157 val_f1=0.9155 val_uar=0.9157 lr=7.33e-04
[09:27:22] INFO   ep25: train_loss=0.8283 val_acc=0.9284 val_f1=0.9274 val_uar=0.9284 lr=7.08e-04
[09:27:26] INFO   ep26: train_loss=0.8302 val_acc=0.9324 val_f1=0.9323 val_uar=0.9324 lr=6.81e-04
[09:27:29] INFO   ep27: train_loss=0.8263 val_acc=0.9304 val_f1=0.9290 val_uar=0.9304 lr=6.55e-04
[09:27:32] INFO   ep28: train_loss=0.8236 val_acc=0.9294 val_f1=0.9292 val_uar=0.9294 lr=6.27e-04
[09:27:36] INFO   ep29: train_loss=0.8217 val_acc=0.9333 val_f1=0.9324 val_uar=0.9333 lr=5.99e-04
[09:27:39] INFO   ep30: train_loss=0.8210 val_acc=0.9382 val_f1=0.9366 val_uar=0.9382 lr=5.71e-04
[09:27:43] INFO   ep31: train_loss=0.8156 val_acc=0.9333 val_f1=0.9328 val_uar=0.9333 lr=5.43e-04
[09:27:46] INFO   ep32: train_loss=0.8128 val_acc=0.9353 val_f1=0.9357 val_uar=0.9353 lr=5.14e-04
[09:27:50] INFO   ep33: train_loss=0.8128 val_acc=0.9275 val_f1=0.9277 val_uar=0.9275 lr=4.86e-04
[09:27:53] INFO   ep34: train_loss=0.8080 val_acc=0.9392 val_f1=0.9386 val_uar=0.9392 lr=4.57e-04
[09:27:57] INFO   ep35: train_loss=0.8086 val_acc=0.9314 val_f1=0.9311 val_uar=0.9314 lr=4.29e-04
[09:28:00] INFO   ep36: train_loss=0.8073 val_acc=0.9333 val_f1=0.9341 val_uar=0.9333 lr=4.01e-04
[09:28:04] INFO   ep37: train_loss=0.8070 val_acc=0.9382 val_f1=0.9384 val_uar=0.9382 lr=3.73e-04
[09:28:07] INFO   ep38: train_loss=0.8044 val_acc=0.9343 val_f1=0.9338 val_uar=0.9343 lr=3.45e-04
[09:28:11] INFO   ep39: train_loss=0.8043 val_acc=0.9363 val_f1=0.9369 val_uar=0.9363 lr=3.19e-04
[09:28:14] INFO   ep40: train_loss=0.8023 val_acc=0.9402 val_f1=0.9399 val_uar=0.9402 lr=2.92e-04
[09:28:18] INFO   ep41: train_loss=0.8013 val_acc=0.9363 val_f1=0.9357 val_uar=0.9363 lr=2.67e-04
[09:28:21] INFO   ep42: train_loss=0.8039 val_acc=0.9294 val_f1=0.9297 val_uar=0.9294 lr=2.42e-04
[09:28:25] INFO   ep43: train_loss=0.8025 val_acc=0.9373 val_f1=0.9367 val_uar=0.9373 lr=2.18e-04
[09:28:28] INFO   ep44: train_loss=0.7995 val_acc=0.9314 val_f1=0.9312 val_uar=0.9314 lr=1.95e-04
[09:28:32] INFO   ep45: train_loss=0.8014 val_acc=0.9363 val_f1=0.9358 val_uar=0.9363 lr=1.73e-04
[09:28:35] INFO   ep46: train_loss=0.8003 val_acc=0.9392 val_f1=0.9387 val_uar=0.9392 lr=1.52e-04
[09:28:39] INFO   ep47: train_loss=0.7999 val_acc=0.9382 val_f1=0.9382 val_uar=0.9382 lr=1.32e-04
[09:28:42] INFO   ep48: train_loss=0.7995 val_acc=0.9412 val_f1=0.9409 val_uar=0.9412 lr=1.13e-04
[09:28:46] INFO   ep49: train_loss=0.7978 val_acc=0.9412 val_f1=0.9403 val_uar=0.9412 lr=9.55e-05
[09:28:49] INFO   ep50: train_loss=0.7968 val_acc=0.9392 val_f1=0.9389 val_uar=0.9392 lr=7.94e-05
[09:28:53] INFO   ep51: train_loss=0.7971 val_acc=0.9382 val_f1=0.9383 val_uar=0.9382 lr=6.46e-05
[09:28:56] INFO   ep52: train_loss=0.7970 val_acc=0.9402 val_f1=0.9397 val_uar=0.9402 lr=5.13e-05
[09:28:59] INFO   ep53: train_loss=0.7968 val_acc=0.9431 val_f1=0.9427 val_uar=0.9431 lr=3.94e-05
[09:29:03] INFO   ep54: train_loss=0.7978 val_acc=0.9422 val_f1=0.9416 val_uar=0.9422 lr=2.91e-05
[09:29:07] INFO   ep55: train_loss=0.7962 val_acc=0.9431 val_f1=0.9426 val_uar=0.9431 lr=2.03e-05
[09:29:10] INFO   ep56: train_loss=0.7966 val_acc=0.9422 val_f1=0.9417 val_uar=0.9422 lr=1.30e-05
[09:29:13] INFO   ep57: train_loss=0.7969 val_acc=0.9402 val_f1=0.9401 val_uar=0.9402 lr=7.32e-06
[09:29:17] INFO   ep58: train_loss=0.7961 val_acc=0.9412 val_f1=0.9408 val_uar=0.9412 lr=3.26e-06
[09:29:20] INFO   ep59: train_loss=0.7964 val_acc=0.9392 val_f1=0.9388 val_uar=0.9392 lr=8.15e-07
[09:29:24] INFO   ep60: train_loss=0.7959 val_acc=0.9422 val_f1=0.9416 val_uar=0.9422 lr=0.00e+00
[09:29:24] INFO [done] resnet50_tv_adamw_lr1e3 best_val_acc=0.9431 lr_used=0.001 ckpt=checkpoints\flowers102_resnet50_tv_adamw_lr1e3_seed3.pt time=3.7min
[09:29:26] INFO   [E1] eval clean + per colorfulness bin
[09:29:44] INFO   [E2] eval perturbasi warna
[09:34:47] INFO   done resnet50_tv_adamw_lr1e3 seed3
[09:34:47] INFO ==== flowers102 / resnet50_tv_adamw_lr1e3 / seed4 (recipe=adamw_lr1e3 gray=False) ====
[09:34:48] INFO [train] flowers102/resnet50_tv_adamw_lr1e3/seed4 recipe=adamw_lr1e3 opt=adamw lr=0.001 wd=0.05 grayscale=False epochs=60 device=cuda n_train=1020 n_val=1020 bs=64 accum=1
[09:35:07] INFO   ep1: train_loss=4.1119 val_acc=0.5245 val_f1=0.4672 val_uar=0.5245 lr=4.00e-04
[09:35:10] INFO   ep2: train_loss=2.2873 val_acc=0.7569 val_f1=0.7330 val_uar=0.7569 lr=6.00e-04
[09:35:14] INFO   ep3: train_loss=1.3406 val_acc=0.6186 val_f1=0.5937 val_uar=0.6186 lr=8.00e-04
[09:35:17] INFO   ep4: train_loss=1.3787 val_acc=0.4706 val_f1=0.4579 val_uar=0.4706 lr=1.00e-03
[09:35:21] INFO   ep5: train_loss=1.5029 val_acc=0.3078 val_f1=0.2490 val_uar=0.3078 lr=1.00e-03
[09:35:24] INFO   ep6: train_loss=1.5363 val_acc=0.4627 val_f1=0.4393 val_uar=0.4627 lr=9.99e-04
[09:35:27] INFO   ep7: train_loss=1.4145 val_acc=0.6000 val_f1=0.5892 val_uar=0.6000 lr=9.97e-04
[09:35:31] INFO   ep8: train_loss=1.2155 val_acc=0.5824 val_f1=0.5680 val_uar=0.5824 lr=9.93e-04
[09:35:34] INFO   ep9: train_loss=1.1739 val_acc=0.7304 val_f1=0.7305 val_uar=0.7304 lr=9.87e-04
[09:35:37] INFO   ep10: train_loss=1.1010 val_acc=0.7755 val_f1=0.7714 val_uar=0.7755 lr=9.80e-04
[09:35:40] INFO   ep11: train_loss=1.0104 val_acc=0.7549 val_f1=0.7457 val_uar=0.7549 lr=9.71e-04
[09:35:43] INFO   ep12: train_loss=1.0015 val_acc=0.7755 val_f1=0.7834 val_uar=0.7755 lr=9.61e-04
[09:35:47] INFO   ep13: train_loss=0.9693 val_acc=0.8118 val_f1=0.8092 val_uar=0.8118 lr=9.49e-04
[09:35:50] INFO   ep14: train_loss=0.9452 val_acc=0.8490 val_f1=0.8472 val_uar=0.8490 lr=9.35e-04
[09:35:53] INFO   ep15: train_loss=0.9140 val_acc=0.8696 val_f1=0.8708 val_uar=0.8696 lr=9.21e-04
[09:35:57] INFO   ep16: train_loss=0.8991 val_acc=0.8814 val_f1=0.8819 val_uar=0.8814 lr=9.05e-04
[09:36:00] INFO   ep17: train_loss=0.8926 val_acc=0.9000 val_f1=0.9007 val_uar=0.9000 lr=8.87e-04
[09:36:03] INFO   ep18: train_loss=0.8712 val_acc=0.8853 val_f1=0.8859 val_uar=0.8853 lr=8.68e-04
[09:36:06] INFO   ep19: train_loss=0.8576 val_acc=0.9039 val_f1=0.9041 val_uar=0.9039 lr=8.48e-04
[09:36:10] INFO   ep20: train_loss=0.8481 val_acc=0.9118 val_f1=0.9122 val_uar=0.9118 lr=8.27e-04
[09:36:13] INFO   ep21: train_loss=0.8503 val_acc=0.9059 val_f1=0.9062 val_uar=0.9059 lr=8.05e-04
[09:36:16] INFO   ep22: train_loss=0.8467 val_acc=0.9176 val_f1=0.9163 val_uar=0.9176 lr=7.82e-04
[09:36:20] INFO   ep23: train_loss=0.8437 val_acc=0.9186 val_f1=0.9178 val_uar=0.9186 lr=7.58e-04
[09:36:23] INFO   ep24: train_loss=0.8386 val_acc=0.9235 val_f1=0.9245 val_uar=0.9235 lr=7.33e-04
[09:36:26] INFO   ep25: train_loss=0.8303 val_acc=0.9118 val_f1=0.9116 val_uar=0.9118 lr=7.08e-04
[09:36:29] INFO   ep26: train_loss=0.8298 val_acc=0.9176 val_f1=0.9175 val_uar=0.9176 lr=6.81e-04
[09:36:33] INFO   ep27: train_loss=0.8244 val_acc=0.9167 val_f1=0.9163 val_uar=0.9167 lr=6.55e-04
[09:36:36] INFO   ep28: train_loss=0.8218 val_acc=0.9265 val_f1=0.9264 val_uar=0.9265 lr=6.27e-04
[09:36:39] INFO   ep29: train_loss=0.8174 val_acc=0.9275 val_f1=0.9273 val_uar=0.9275 lr=5.99e-04
[09:36:43] INFO   ep30: train_loss=0.8182 val_acc=0.9304 val_f1=0.9310 val_uar=0.9304 lr=5.71e-04
[09:36:46] INFO   ep31: train_loss=0.8177 val_acc=0.9314 val_f1=0.9321 val_uar=0.9314 lr=5.43e-04
[09:36:50] INFO   ep32: train_loss=0.8137 val_acc=0.9333 val_f1=0.9326 val_uar=0.9333 lr=5.14e-04
[09:36:53] INFO   ep33: train_loss=0.8135 val_acc=0.9314 val_f1=0.9304 val_uar=0.9314 lr=4.86e-04
[09:36:57] INFO   ep34: train_loss=0.8107 val_acc=0.9294 val_f1=0.9285 val_uar=0.9294 lr=4.57e-04
[09:37:00] INFO   ep35: train_loss=0.8113 val_acc=0.9333 val_f1=0.9326 val_uar=0.9333 lr=4.29e-04
[09:37:03] INFO   ep36: train_loss=0.8111 val_acc=0.9343 val_f1=0.9329 val_uar=0.9343 lr=4.01e-04
[09:37:07] INFO   ep37: train_loss=0.8084 val_acc=0.9422 val_f1=0.9409 val_uar=0.9422 lr=3.73e-04
[09:37:10] INFO   ep38: train_loss=0.8061 val_acc=0.9382 val_f1=0.9361 val_uar=0.9382 lr=3.45e-04
[09:37:14] INFO   ep39: train_loss=0.8064 val_acc=0.9402 val_f1=0.9380 val_uar=0.9402 lr=3.19e-04
[09:37:17] INFO   ep40: train_loss=0.8050 val_acc=0.9343 val_f1=0.9333 val_uar=0.9343 lr=2.92e-04
[09:37:20] INFO   ep41: train_loss=0.8032 val_acc=0.9343 val_f1=0.9332 val_uar=0.9343 lr=2.67e-04
[09:37:24] INFO   ep42: train_loss=0.8021 val_acc=0.9392 val_f1=0.9379 val_uar=0.9392 lr=2.42e-04
[09:37:27] INFO   ep43: train_loss=0.8017 val_acc=0.9373 val_f1=0.9360 val_uar=0.9373 lr=2.18e-04
[09:37:30] INFO   ep44: train_loss=0.8014 val_acc=0.9382 val_f1=0.9366 val_uar=0.9382 lr=1.95e-04
[09:37:34] INFO   ep45: train_loss=0.7996 val_acc=0.9402 val_f1=0.9389 val_uar=0.9402 lr=1.73e-04
[09:37:37] INFO   ep46: train_loss=0.7987 val_acc=0.9402 val_f1=0.9385 val_uar=0.9402 lr=1.52e-04
[09:37:41] INFO   ep47: train_loss=0.8003 val_acc=0.9431 val_f1=0.9419 val_uar=0.9431 lr=1.32e-04
[09:37:44] INFO   ep48: train_loss=0.7991 val_acc=0.9431 val_f1=0.9420 val_uar=0.9431 lr=1.13e-04
[09:37:47] INFO   ep49: train_loss=0.7990 val_acc=0.9441 val_f1=0.9431 val_uar=0.9441 lr=9.55e-05
[09:37:51] INFO   ep50: train_loss=0.7976 val_acc=0.9441 val_f1=0.9429 val_uar=0.9441 lr=7.94e-05
[09:37:54] INFO   ep51: train_loss=0.7964 val_acc=0.9431 val_f1=0.9417 val_uar=0.9431 lr=6.46e-05
[09:37:57] INFO   ep52: train_loss=0.7974 val_acc=0.9422 val_f1=0.9410 val_uar=0.9422 lr=5.13e-05
[09:38:01] INFO   ep53: train_loss=0.7978 val_acc=0.9441 val_f1=0.9430 val_uar=0.9441 lr=3.94e-05
[09:38:04] INFO   ep54: train_loss=0.7974 val_acc=0.9392 val_f1=0.9377 val_uar=0.9392 lr=2.91e-05
[09:38:08] INFO   ep55: train_loss=0.7974 val_acc=0.9412 val_f1=0.9400 val_uar=0.9412 lr=2.03e-05
[09:38:11] INFO   ep56: train_loss=0.7997 val_acc=0.9412 val_f1=0.9400 val_uar=0.9412 lr=1.30e-05
[09:38:14] INFO   ep57: train_loss=0.7976 val_acc=0.9402 val_f1=0.9391 val_uar=0.9402 lr=7.32e-06
[09:38:18] INFO   ep58: train_loss=0.7974 val_acc=0.9412 val_f1=0.9397 val_uar=0.9412 lr=3.26e-06
[09:38:21] INFO   ep59: train_loss=0.7970 val_acc=0.9402 val_f1=0.9385 val_uar=0.9402 lr=8.15e-07
[09:38:24] INFO   ep60: train_loss=0.7972 val_acc=0.9402 val_f1=0.9387 val_uar=0.9402 lr=0.00e+00
[09:38:24] INFO [done] resnet50_tv_adamw_lr1e3 best_val_acc=0.9441 lr_used=0.001 ckpt=checkpoints\flowers102_resnet50_tv_adamw_lr1e3_seed4.pt time=3.6min
[09:38:26] INFO   [E1] eval clean + per colorfulness bin
[09:38:43] INFO   [E2] eval perturbasi warna
[09:43:34] INFO   done resnet50_tv_adamw_lr1e3 seed4
[09:43:34] INFO ALL DONE
