[21:15:55] INFO dataset=cub200 models=['resnet50'] seeds=[0, 1, 2, 3, 4] epochs=None recipe=sgd
[21:15:55] INFO ==== cub200 / resnet50_sgd / seed0 (recipe=sgd) ====
[21:15:57] INFO [train] cub200/resnet50_sgd/seed0 recipe=sgd opt=sgd lr=0.01 wd=0.0001 epochs=60 device=cuda n_train=5994 n_val=5794 bs=64 accum=1
[21:16:47] INFO   ep1: train_loss=5.2946 val_acc=0.0081 val_f1=0.0051 val_uar=0.0081 lr=4.00e-03
[21:16:58] INFO   ep2: train_loss=5.2666 val_acc=0.0338 val_f1=0.0282 val_uar=0.0334 lr=6.00e-03
[21:17:09] INFO   ep3: train_loss=5.2130 val_acc=0.0956 val_f1=0.0852 val_uar=0.0960 lr=8.00e-03
[21:17:20] INFO   ep4: train_loss=5.1202 val_acc=0.1757 val_f1=0.1541 val_uar=0.1790 lr=1.00e-02
[21:17:31] INFO   ep5: train_loss=4.9602 val_acc=0.2746 val_f1=0.2513 val_uar=0.2773 lr=1.00e-02
[21:17:42] INFO   ep6: train_loss=4.6935 val_acc=0.3177 val_f1=0.2884 val_uar=0.3220 lr=9.99e-03
[21:17:54] INFO   ep7: train_loss=4.2981 val_acc=0.3883 val_f1=0.3607 val_uar=0.3916 lr=9.97e-03
[21:18:05] INFO   ep8: train_loss=3.8095 val_acc=0.4320 val_f1=0.4086 val_uar=0.4343 lr=9.93e-03
[21:18:16] INFO   ep9: train_loss=3.3083 val_acc=0.4843 val_f1=0.4556 val_uar=0.4867 lr=9.87e-03
[21:18:28] INFO   ep10: train_loss=2.9081 val_acc=0.5463 val_f1=0.5304 val_uar=0.5499 lr=9.80e-03
[21:18:40] INFO   ep11: train_loss=2.6113 val_acc=0.5872 val_f1=0.5737 val_uar=0.5900 lr=9.71e-03
[21:18:52] INFO   ep12: train_loss=2.3969 val_acc=0.5998 val_f1=0.5856 val_uar=0.6031 lr=9.61e-03
[21:19:03] INFO   ep13: train_loss=2.2448 val_acc=0.6155 val_f1=0.6071 val_uar=0.6185 lr=9.49e-03
[21:19:14] INFO   ep14: train_loss=2.1054 val_acc=0.6358 val_f1=0.6285 val_uar=0.6378 lr=9.35e-03
[21:19:26] INFO   ep15: train_loss=2.0028 val_acc=0.6643 val_f1=0.6599 val_uar=0.6661 lr=9.21e-03
[21:19:37] INFO   ep16: train_loss=1.9210 val_acc=0.6731 val_f1=0.6689 val_uar=0.6754 lr=9.05e-03
[21:19:49] INFO   ep17: train_loss=1.8462 val_acc=0.6805 val_f1=0.6762 val_uar=0.6829 lr=8.87e-03
[21:20:00] INFO   ep18: train_loss=1.7879 val_acc=0.6724 val_f1=0.6707 val_uar=0.6749 lr=8.68e-03
[21:20:12] INFO   ep19: train_loss=1.7331 val_acc=0.7030 val_f1=0.7001 val_uar=0.7051 lr=8.48e-03
[21:20:23] INFO   ep20: train_loss=1.6891 val_acc=0.7204 val_f1=0.7170 val_uar=0.7223 lr=8.27e-03
[21:20:35] INFO   ep21: train_loss=1.6497 val_acc=0.7220 val_f1=0.7193 val_uar=0.7241 lr=8.05e-03
[21:20:46] INFO   ep22: train_loss=1.6127 val_acc=0.7245 val_f1=0.7213 val_uar=0.7263 lr=7.82e-03
[21:20:58] INFO   ep23: train_loss=1.5781 val_acc=0.7351 val_f1=0.7314 val_uar=0.7370 lr=7.58e-03
[21:21:09] INFO   ep24: train_loss=1.5491 val_acc=0.7356 val_f1=0.7331 val_uar=0.7372 lr=7.33e-03
[21:21:21] INFO   ep25: train_loss=1.5184 val_acc=0.7439 val_f1=0.7420 val_uar=0.7458 lr=7.08e-03
[21:21:32] INFO   ep26: train_loss=1.4883 val_acc=0.7465 val_f1=0.7456 val_uar=0.7486 lr=6.81e-03
[21:21:44] INFO   ep27: train_loss=1.4763 val_acc=0.7508 val_f1=0.7499 val_uar=0.7528 lr=6.55e-03
[21:21:56] INFO   ep28: train_loss=1.4634 val_acc=0.7556 val_f1=0.7543 val_uar=0.7575 lr=6.27e-03
[21:22:08] INFO   ep29: train_loss=1.4368 val_acc=0.7499 val_f1=0.7472 val_uar=0.7517 lr=5.99e-03
[21:22:19] INFO   ep30: train_loss=1.4157 val_acc=0.7516 val_f1=0.7495 val_uar=0.7529 lr=5.71e-03
[21:22:31] INFO   ep31: train_loss=1.4012 val_acc=0.7584 val_f1=0.7573 val_uar=0.7598 lr=5.43e-03
[21:22:43] INFO   ep32: train_loss=1.3865 val_acc=0.7585 val_f1=0.7575 val_uar=0.7605 lr=5.14e-03
[21:22:55] INFO   ep33: train_loss=1.3802 val_acc=0.7596 val_f1=0.7583 val_uar=0.7617 lr=4.86e-03
[21:23:07] INFO   ep34: train_loss=1.3657 val_acc=0.7630 val_f1=0.7617 val_uar=0.7642 lr=4.57e-03
[21:23:20] INFO   ep35: train_loss=1.3622 val_acc=0.7635 val_f1=0.7625 val_uar=0.7654 lr=4.29e-03
[21:23:32] INFO   ep36: train_loss=1.3501 val_acc=0.7653 val_f1=0.7634 val_uar=0.7668 lr=4.01e-03
[21:23:44] INFO   ep37: train_loss=1.3400 val_acc=0.7646 val_f1=0.7637 val_uar=0.7662 lr=3.73e-03
[21:23:56] INFO   ep38: train_loss=1.3339 val_acc=0.7663 val_f1=0.7650 val_uar=0.7675 lr=3.45e-03
[21:24:08] INFO   ep39: train_loss=1.3280 val_acc=0.7668 val_f1=0.7661 val_uar=0.7682 lr=3.19e-03
[21:24:20] INFO   ep40: train_loss=1.3100 val_acc=0.7686 val_f1=0.7680 val_uar=0.7702 lr=2.92e-03
[21:24:31] INFO   ep41: train_loss=1.3110 val_acc=0.7694 val_f1=0.7684 val_uar=0.7711 lr=2.67e-03
[21:24:43] INFO   ep42: train_loss=1.3080 val_acc=0.7680 val_f1=0.7675 val_uar=0.7697 lr=2.42e-03
[21:24:55] INFO   ep43: train_loss=1.3048 val_acc=0.7692 val_f1=0.7688 val_uar=0.7711 lr=2.18e-03
[21:25:06] INFO   ep44: train_loss=1.3004 val_acc=0.7727 val_f1=0.7725 val_uar=0.7745 lr=1.95e-03
[21:25:18] INFO   ep45: train_loss=1.2948 val_acc=0.7715 val_f1=0.7704 val_uar=0.7732 lr=1.73e-03
[21:25:29] INFO   ep46: train_loss=1.2902 val_acc=0.7687 val_f1=0.7676 val_uar=0.7704 lr=1.52e-03
[21:25:41] INFO   ep47: train_loss=1.2797 val_acc=0.7729 val_f1=0.7718 val_uar=0.7746 lr=1.32e-03
[21:25:52] INFO   ep48: train_loss=1.2817 val_acc=0.7732 val_f1=0.7725 val_uar=0.7746 lr=1.13e-03
[21:26:04] INFO   ep49: train_loss=1.2809 val_acc=0.7701 val_f1=0.7694 val_uar=0.7717 lr=9.55e-04
[21:26:16] INFO   ep50: train_loss=1.2762 val_acc=0.7734 val_f1=0.7722 val_uar=0.7749 lr=7.94e-04
[21:26:27] INFO   ep51: train_loss=1.2796 val_acc=0.7713 val_f1=0.7704 val_uar=0.7730 lr=6.46e-04
[21:26:39] INFO   ep52: train_loss=1.2793 val_acc=0.7686 val_f1=0.7673 val_uar=0.7703 lr=5.13e-04
[21:26:50] INFO   ep53: train_loss=1.2735 val_acc=0.7732 val_f1=0.7724 val_uar=0.7745 lr=3.94e-04
[21:27:01] INFO   ep54: train_loss=1.2736 val_acc=0.7732 val_f1=0.7719 val_uar=0.7747 lr=2.91e-04
[21:27:12] INFO   ep55: train_loss=1.2655 val_acc=0.7722 val_f1=0.7704 val_uar=0.7738 lr=2.03e-04
[21:27:24] INFO   ep56: train_loss=1.2721 val_acc=0.7715 val_f1=0.7703 val_uar=0.7730 lr=1.30e-04
[21:27:35] INFO   ep57: train_loss=1.2740 val_acc=0.7744 val_f1=0.7739 val_uar=0.7762 lr=7.32e-05
[21:27:46] INFO   ep58: train_loss=1.2732 val_acc=0.7724 val_f1=0.7720 val_uar=0.7739 lr=3.26e-05
[21:27:57] INFO   ep59: train_loss=1.2702 val_acc=0.7732 val_f1=0.7726 val_uar=0.7747 lr=8.15e-06
[21:28:09] INFO   ep60: train_loss=1.2703 val_acc=0.7730 val_f1=0.7721 val_uar=0.7744 lr=0.00e+00
[21:28:09] INFO [done] resnet50_sgd best_val_acc=0.7744 lr_used=0.01 ckpt=checkpoints\cub200_resnet50_sgd_seed0.pt time=12.2min
[21:28:10] INFO   [E1] eval clean + per colorfulness bin
[21:28:28] INFO   [E2] eval perturbasi warna
[21:33:25] INFO   done resnet50_sgd seed0
[21:33:25] INFO ==== cub200 / resnet50_sgd / seed1 (recipe=sgd) ====
[21:33:25] INFO [train] cub200/resnet50_sgd/seed1 recipe=sgd opt=sgd lr=0.01 wd=0.0001 epochs=60 device=cuda n_train=5994 n_val=5794 bs=64 accum=1
[21:34:02] INFO   ep1: train_loss=5.2943 val_acc=0.0102 val_f1=0.0072 val_uar=0.0102 lr=4.00e-03
[21:34:13] INFO   ep2: train_loss=5.2660 val_acc=0.0402 val_f1=0.0314 val_uar=0.0401 lr=6.00e-03
[21:34:24] INFO   ep3: train_loss=5.2103 val_acc=0.1096 val_f1=0.1002 val_uar=0.1099 lr=8.00e-03
[21:34:35] INFO   ep4: train_loss=5.1161 val_acc=0.1842 val_f1=0.1638 val_uar=0.1854 lr=1.00e-02
[21:34:47] INFO   ep5: train_loss=4.9543 val_acc=0.2957 val_f1=0.2628 val_uar=0.2958 lr=1.00e-02
[21:34:58] INFO   ep6: train_loss=4.6816 val_acc=0.3497 val_f1=0.3166 val_uar=0.3513 lr=9.99e-03
[21:35:09] INFO   ep7: train_loss=4.2743 val_acc=0.3621 val_f1=0.3293 val_uar=0.3630 lr=9.97e-03
[21:35:20] INFO   ep8: train_loss=3.7721 val_acc=0.4430 val_f1=0.4139 val_uar=0.4457 lr=9.93e-03
[21:35:32] INFO   ep9: train_loss=3.2876 val_acc=0.4845 val_f1=0.4580 val_uar=0.4877 lr=9.87e-03
[21:35:43] INFO   ep10: train_loss=2.8898 val_acc=0.5312 val_f1=0.5122 val_uar=0.5350 lr=9.80e-03
[21:35:54] INFO   ep11: train_loss=2.5933 val_acc=0.5538 val_f1=0.5395 val_uar=0.5569 lr=9.71e-03
[21:36:06] INFO   ep12: train_loss=2.3788 val_acc=0.6130 val_f1=0.6038 val_uar=0.6143 lr=9.61e-03
[21:36:18] INFO   ep13: train_loss=2.2197 val_acc=0.6177 val_f1=0.6073 val_uar=0.6205 lr=9.49e-03
[21:36:30] INFO   ep14: train_loss=2.0916 val_acc=0.6562 val_f1=0.6493 val_uar=0.6575 lr=9.35e-03
[21:36:41] INFO   ep15: train_loss=1.9957 val_acc=0.6569 val_f1=0.6484 val_uar=0.6592 lr=9.21e-03
[21:36:52] INFO   ep16: train_loss=1.9186 val_acc=0.6714 val_f1=0.6659 val_uar=0.6729 lr=9.05e-03
[21:37:04] INFO   ep17: train_loss=1.8418 val_acc=0.6914 val_f1=0.6884 val_uar=0.6936 lr=8.87e-03
[21:37:15] INFO   ep18: train_loss=1.7733 val_acc=0.7011 val_f1=0.6977 val_uar=0.7038 lr=8.68e-03
[21:37:26] INFO   ep19: train_loss=1.7272 val_acc=0.7190 val_f1=0.7171 val_uar=0.7204 lr=8.48e-03
[21:37:38] INFO   ep20: train_loss=1.6778 val_acc=0.7239 val_f1=0.7220 val_uar=0.7257 lr=8.27e-03
[21:37:49] INFO   ep21: train_loss=1.6436 val_acc=0.7249 val_f1=0.7232 val_uar=0.7271 lr=8.05e-03
[21:38:00] INFO   ep22: train_loss=1.6029 val_acc=0.7182 val_f1=0.7142 val_uar=0.7204 lr=7.82e-03
[21:38:12] INFO   ep23: train_loss=1.5668 val_acc=0.7316 val_f1=0.7288 val_uar=0.7337 lr=7.58e-03
[21:38:23] INFO   ep24: train_loss=1.5372 val_acc=0.7382 val_f1=0.7367 val_uar=0.7398 lr=7.33e-03
[21:38:34] INFO   ep25: train_loss=1.5203 val_acc=0.7456 val_f1=0.7436 val_uar=0.7476 lr=7.08e-03
[21:38:46] INFO   ep26: train_loss=1.4886 val_acc=0.7444 val_f1=0.7422 val_uar=0.7465 lr=6.81e-03
[21:38:58] INFO   ep27: train_loss=1.4677 val_acc=0.7506 val_f1=0.7495 val_uar=0.7526 lr=6.55e-03
[21:39:09] INFO   ep28: train_loss=1.4481 val_acc=0.7509 val_f1=0.7491 val_uar=0.7528 lr=6.27e-03
[21:39:21] INFO   ep29: train_loss=1.4339 val_acc=0.7535 val_f1=0.7528 val_uar=0.7556 lr=5.99e-03
[21:39:32] INFO   ep30: train_loss=1.4164 val_acc=0.7523 val_f1=0.7517 val_uar=0.7544 lr=5.71e-03
[21:39:43] INFO   ep31: train_loss=1.4068 val_acc=0.7620 val_f1=0.7611 val_uar=0.7640 lr=5.43e-03
[21:39:55] INFO   ep32: train_loss=1.3930 val_acc=0.7580 val_f1=0.7565 val_uar=0.7599 lr=5.14e-03
[21:40:06] INFO   ep33: train_loss=1.3745 val_acc=0.7606 val_f1=0.7590 val_uar=0.7627 lr=4.86e-03
[21:40:17] INFO   ep34: train_loss=1.3615 val_acc=0.7601 val_f1=0.7591 val_uar=0.7621 lr=4.57e-03
[21:40:29] INFO   ep35: train_loss=1.3553 val_acc=0.7642 val_f1=0.7625 val_uar=0.7661 lr=4.29e-03
[21:40:40] INFO   ep36: train_loss=1.3453 val_acc=0.7701 val_f1=0.7689 val_uar=0.7718 lr=4.01e-03
[21:40:51] INFO   ep37: train_loss=1.3339 val_acc=0.7699 val_f1=0.7677 val_uar=0.7714 lr=3.73e-03
[21:41:02] INFO   ep38: train_loss=1.3276 val_acc=0.7661 val_f1=0.7648 val_uar=0.7675 lr=3.45e-03
[21:41:14] INFO   ep39: train_loss=1.3178 val_acc=0.7651 val_f1=0.7636 val_uar=0.7667 lr=3.19e-03
[21:41:25] INFO   ep40: train_loss=1.3184 val_acc=0.7711 val_f1=0.7690 val_uar=0.7730 lr=2.92e-03
[21:41:36] INFO   ep41: train_loss=1.3100 val_acc=0.7705 val_f1=0.7697 val_uar=0.7722 lr=2.67e-03
[21:41:47] INFO   ep42: train_loss=1.3029 val_acc=0.7732 val_f1=0.7722 val_uar=0.7749 lr=2.42e-03
[21:41:59] INFO   ep43: train_loss=1.2995 val_acc=0.7722 val_f1=0.7714 val_uar=0.7737 lr=2.18e-03
[21:42:10] INFO   ep44: train_loss=1.2989 val_acc=0.7748 val_f1=0.7739 val_uar=0.7760 lr=1.95e-03
[21:42:21] INFO   ep45: train_loss=1.2907 val_acc=0.7713 val_f1=0.7706 val_uar=0.7729 lr=1.73e-03
[21:42:32] INFO   ep46: train_loss=1.2904 val_acc=0.7739 val_f1=0.7726 val_uar=0.7754 lr=1.52e-03
[21:42:44] INFO   ep47: train_loss=1.2822 val_acc=0.7748 val_f1=0.7737 val_uar=0.7765 lr=1.32e-03
[21:42:55] INFO   ep48: train_loss=1.2859 val_acc=0.7739 val_f1=0.7725 val_uar=0.7754 lr=1.13e-03
[21:43:06] INFO   ep49: train_loss=1.2786 val_acc=0.7718 val_f1=0.7709 val_uar=0.7733 lr=9.55e-04
[21:43:17] INFO   ep50: train_loss=1.2770 val_acc=0.7742 val_f1=0.7733 val_uar=0.7757 lr=7.94e-04
[21:43:29] INFO   ep51: train_loss=1.2743 val_acc=0.7744 val_f1=0.7730 val_uar=0.7758 lr=6.46e-04
[21:43:40] INFO   ep52: train_loss=1.2733 val_acc=0.7751 val_f1=0.7743 val_uar=0.7764 lr=5.13e-04
[21:43:51] INFO   ep53: train_loss=1.2734 val_acc=0.7701 val_f1=0.7689 val_uar=0.7715 lr=3.94e-04
[21:44:02] INFO   ep54: train_loss=1.2747 val_acc=0.7732 val_f1=0.7719 val_uar=0.7745 lr=2.91e-04
[21:44:14] INFO   ep55: train_loss=1.2668 val_acc=0.7767 val_f1=0.7752 val_uar=0.7782 lr=2.03e-04
[21:44:25] INFO   ep56: train_loss=1.2708 val_acc=0.7744 val_f1=0.7730 val_uar=0.7759 lr=1.30e-04
[21:44:36] INFO   ep57: train_loss=1.2741 val_acc=0.7725 val_f1=0.7712 val_uar=0.7739 lr=7.32e-05
[21:44:47] INFO   ep58: train_loss=1.2666 val_acc=0.7753 val_f1=0.7737 val_uar=0.7766 lr=3.26e-05
[21:44:59] INFO   ep59: train_loss=1.2689 val_acc=0.7765 val_f1=0.7757 val_uar=0.7780 lr=8.15e-06
[21:45:10] INFO   ep60: train_loss=1.2757 val_acc=0.7737 val_f1=0.7725 val_uar=0.7752 lr=0.00e+00
[21:45:10] INFO [done] resnet50_sgd best_val_acc=0.7767 lr_used=0.01 ckpt=checkpoints\cub200_resnet50_sgd_seed1.pt time=11.8min
[21:45:11] INFO   [E1] eval clean + per colorfulness bin
[21:45:29] INFO   [E2] eval perturbasi warna
[21:50:24] INFO   done resnet50_sgd seed1
[21:50:24] INFO ==== cub200 / resnet50_sgd / seed2 (recipe=sgd) ====
[21:50:24] INFO [train] cub200/resnet50_sgd/seed2 recipe=sgd opt=sgd lr=0.01 wd=0.0001 epochs=60 device=cuda n_train=5994 n_val=5794 bs=64 accum=1
[21:51:01] INFO   ep1: train_loss=5.2937 val_acc=0.0126 val_f1=0.0082 val_uar=0.0129 lr=4.00e-03
[21:51:12] INFO   ep2: train_loss=5.2647 val_acc=0.0463 val_f1=0.0386 val_uar=0.0468 lr=6.00e-03
[21:51:23] INFO   ep3: train_loss=5.2112 val_acc=0.0970 val_f1=0.0885 val_uar=0.0984 lr=8.00e-03
[21:51:34] INFO   ep4: train_loss=5.1187 val_acc=0.1876 val_f1=0.1697 val_uar=0.1898 lr=1.00e-02
[21:51:46] INFO   ep5: train_loss=4.9548 val_acc=0.2958 val_f1=0.2631 val_uar=0.2984 lr=1.00e-02
[21:51:57] INFO   ep6: train_loss=4.6803 val_acc=0.3417 val_f1=0.3052 val_uar=0.3438 lr=9.99e-03
[21:52:08] INFO   ep7: train_loss=4.2677 val_acc=0.3725 val_f1=0.3402 val_uar=0.3767 lr=9.97e-03
[21:52:19] INFO   ep8: train_loss=3.7520 val_acc=0.4358 val_f1=0.4067 val_uar=0.4382 lr=9.93e-03
[21:52:30] INFO   ep9: train_loss=3.2579 val_acc=0.4967 val_f1=0.4705 val_uar=0.4991 lr=9.87e-03
[21:52:42] INFO   ep10: train_loss=2.8720 val_acc=0.5354 val_f1=0.5151 val_uar=0.5384 lr=9.80e-03
[21:52:53] INFO   ep11: train_loss=2.5838 val_acc=0.5858 val_f1=0.5718 val_uar=0.5875 lr=9.71e-03
[21:53:04] INFO   ep12: train_loss=2.3708 val_acc=0.6124 val_f1=0.6009 val_uar=0.6148 lr=9.61e-03
[21:53:15] INFO   ep13: train_loss=2.2116 val_acc=0.6377 val_f1=0.6306 val_uar=0.6397 lr=9.49e-03
[21:53:27] INFO   ep14: train_loss=2.0928 val_acc=0.6265 val_f1=0.6207 val_uar=0.6292 lr=9.35e-03
[21:53:38] INFO   ep15: train_loss=1.9828 val_acc=0.6603 val_f1=0.6536 val_uar=0.6629 lr=9.21e-03
[21:53:49] INFO   ep16: train_loss=1.9076 val_acc=0.6679 val_f1=0.6624 val_uar=0.6698 lr=9.05e-03
[21:54:01] INFO   ep17: train_loss=1.8326 val_acc=0.6859 val_f1=0.6814 val_uar=0.6876 lr=8.87e-03
[21:54:12] INFO   ep18: train_loss=1.7744 val_acc=0.6990 val_f1=0.6948 val_uar=0.7005 lr=8.68e-03
[21:54:23] INFO   ep19: train_loss=1.7200 val_acc=0.6985 val_f1=0.6948 val_uar=0.7010 lr=8.48e-03
[21:54:35] INFO   ep20: train_loss=1.6743 val_acc=0.7173 val_f1=0.7150 val_uar=0.7190 lr=8.27e-03
[21:54:46] INFO   ep21: train_loss=1.6309 val_acc=0.7138 val_f1=0.7110 val_uar=0.7159 lr=8.05e-03
[21:54:57] INFO   ep22: train_loss=1.5959 val_acc=0.7261 val_f1=0.7246 val_uar=0.7287 lr=7.82e-03
[21:55:08] INFO   ep23: train_loss=1.5683 val_acc=0.7220 val_f1=0.7194 val_uar=0.7244 lr=7.58e-03
[21:55:20] INFO   ep24: train_loss=1.5381 val_acc=0.7335 val_f1=0.7332 val_uar=0.7359 lr=7.33e-03
[21:55:31] INFO   ep25: train_loss=1.5109 val_acc=0.7389 val_f1=0.7378 val_uar=0.7411 lr=7.08e-03
[21:55:43] INFO   ep26: train_loss=1.4917 val_acc=0.7408 val_f1=0.7386 val_uar=0.7426 lr=6.81e-03
[21:55:54] INFO   ep27: train_loss=1.4701 val_acc=0.7472 val_f1=0.7463 val_uar=0.7492 lr=6.55e-03
[21:56:05] INFO   ep28: train_loss=1.4493 val_acc=0.7515 val_f1=0.7513 val_uar=0.7535 lr=6.27e-03
[21:56:16] INFO   ep29: train_loss=1.4367 val_acc=0.7497 val_f1=0.7488 val_uar=0.7520 lr=5.99e-03
[21:56:28] INFO   ep30: train_loss=1.4189 val_acc=0.7515 val_f1=0.7500 val_uar=0.7537 lr=5.71e-03
[21:56:39] INFO   ep31: train_loss=1.4004 val_acc=0.7582 val_f1=0.7566 val_uar=0.7601 lr=5.43e-03
[21:56:50] INFO   ep32: train_loss=1.3867 val_acc=0.7587 val_f1=0.7573 val_uar=0.7606 lr=5.14e-03
[21:57:02] INFO   ep33: train_loss=1.3821 val_acc=0.7616 val_f1=0.7607 val_uar=0.7635 lr=4.86e-03
[21:57:13] INFO   ep34: train_loss=1.3626 val_acc=0.7596 val_f1=0.7583 val_uar=0.7613 lr=4.57e-03
[21:57:24] INFO   ep35: train_loss=1.3569 val_acc=0.7639 val_f1=0.7628 val_uar=0.7656 lr=4.29e-03
[21:57:35] INFO   ep36: train_loss=1.3427 val_acc=0.7648 val_f1=0.7633 val_uar=0.7667 lr=4.01e-03
[21:57:47] INFO   ep37: train_loss=1.3337 val_acc=0.7654 val_f1=0.7648 val_uar=0.7672 lr=3.73e-03
[21:57:58] INFO   ep38: train_loss=1.3309 val_acc=0.7651 val_f1=0.7643 val_uar=0.7666 lr=3.45e-03
[21:58:09] INFO   ep39: train_loss=1.3219 val_acc=0.7684 val_f1=0.7673 val_uar=0.7700 lr=3.19e-03
[21:58:21] INFO   ep40: train_loss=1.3141 val_acc=0.7680 val_f1=0.7671 val_uar=0.7697 lr=2.92e-03
[21:58:32] INFO   ep41: train_loss=1.3040 val_acc=0.7686 val_f1=0.7674 val_uar=0.7704 lr=2.67e-03
[21:58:43] INFO   ep42: train_loss=1.3075 val_acc=0.7706 val_f1=0.7696 val_uar=0.7724 lr=2.42e-03
[21:58:55] INFO   ep43: train_loss=1.2992 val_acc=0.7715 val_f1=0.7710 val_uar=0.7733 lr=2.18e-03
[21:59:06] INFO   ep44: train_loss=1.2909 val_acc=0.7677 val_f1=0.7666 val_uar=0.7694 lr=1.95e-03
[21:59:17] INFO   ep45: train_loss=1.2901 val_acc=0.7715 val_f1=0.7702 val_uar=0.7733 lr=1.73e-03
[21:59:28] INFO   ep46: train_loss=1.2878 val_acc=0.7739 val_f1=0.7732 val_uar=0.7755 lr=1.52e-03
[21:59:40] INFO   ep47: train_loss=1.2798 val_acc=0.7722 val_f1=0.7710 val_uar=0.7742 lr=1.32e-03
[21:59:51] INFO   ep48: train_loss=1.2854 val_acc=0.7734 val_f1=0.7721 val_uar=0.7748 lr=1.13e-03
[22:00:02] INFO   ep49: train_loss=1.2774 val_acc=0.7732 val_f1=0.7721 val_uar=0.7749 lr=9.55e-04
[22:00:14] INFO   ep50: train_loss=1.2725 val_acc=0.7730 val_f1=0.7721 val_uar=0.7747 lr=7.94e-04
[22:00:25] INFO   ep51: train_loss=1.2765 val_acc=0.7760 val_f1=0.7747 val_uar=0.7775 lr=6.46e-04
[22:00:36] INFO   ep52: train_loss=1.2693 val_acc=0.7749 val_f1=0.7742 val_uar=0.7766 lr=5.13e-04
[22:00:48] INFO   ep53: train_loss=1.2684 val_acc=0.7746 val_f1=0.7737 val_uar=0.7763 lr=3.94e-04
[22:00:59] INFO   ep54: train_loss=1.2701 val_acc=0.7765 val_f1=0.7756 val_uar=0.7781 lr=2.91e-04
[22:01:10] INFO   ep55: train_loss=1.2726 val_acc=0.7749 val_f1=0.7742 val_uar=0.7765 lr=2.03e-04
[22:01:22] INFO   ep56: train_loss=1.2718 val_acc=0.7732 val_f1=0.7729 val_uar=0.7750 lr=1.30e-04
[22:01:33] INFO   ep57: train_loss=1.2693 val_acc=0.7746 val_f1=0.7734 val_uar=0.7761 lr=7.32e-05
[22:01:46] INFO   ep58: train_loss=1.2699 val_acc=0.7753 val_f1=0.7743 val_uar=0.7769 lr=3.26e-05
[22:01:58] INFO   ep59: train_loss=1.2729 val_acc=0.7761 val_f1=0.7747 val_uar=0.7776 lr=8.15e-06
[22:02:10] INFO   ep60: train_loss=1.2677 val_acc=0.7730 val_f1=0.7718 val_uar=0.7746 lr=0.00e+00
[22:02:10] INFO [done] resnet50_sgd best_val_acc=0.7765 lr_used=0.01 ckpt=checkpoints\cub200_resnet50_sgd_seed2.pt time=11.8min
[22:02:11] INFO   [E1] eval clean + per colorfulness bin
[22:02:30] INFO   [E2] eval perturbasi warna
[22:07:26] INFO   done resnet50_sgd seed2
[22:07:26] INFO ==== cub200 / resnet50_sgd / seed3 (recipe=sgd) ====
[22:07:27] INFO [train] cub200/resnet50_sgd/seed3 recipe=sgd opt=sgd lr=0.01 wd=0.0001 epochs=60 device=cuda n_train=5994 n_val=5794 bs=64 accum=1
[22:08:04] INFO   ep1: train_loss=5.2949 val_acc=0.0121 val_f1=0.0061 val_uar=0.0120 lr=4.00e-03
[22:08:15] INFO   ep2: train_loss=5.2655 val_acc=0.0435 val_f1=0.0396 val_uar=0.0430 lr=6.00e-03
[22:08:26] INFO   ep3: train_loss=5.2112 val_acc=0.1177 val_f1=0.1112 val_uar=0.1176 lr=8.00e-03
[22:08:37] INFO   ep4: train_loss=5.1198 val_acc=0.2254 val_f1=0.2049 val_uar=0.2272 lr=1.00e-02
[22:08:49] INFO   ep5: train_loss=4.9526 val_acc=0.3074 val_f1=0.2764 val_uar=0.3075 lr=1.00e-02
[22:09:00] INFO   ep6: train_loss=4.6720 val_acc=0.3673 val_f1=0.3320 val_uar=0.3683 lr=9.99e-03
[22:09:11] INFO   ep7: train_loss=4.2411 val_acc=0.4040 val_f1=0.3663 val_uar=0.4068 lr=9.97e-03
[22:09:22] INFO   ep8: train_loss=3.7113 val_acc=0.4399 val_f1=0.4047 val_uar=0.4427 lr=9.93e-03
[22:09:34] INFO   ep9: train_loss=3.2198 val_acc=0.4967 val_f1=0.4751 val_uar=0.4981 lr=9.87e-03
[22:09:45] INFO   ep10: train_loss=2.8358 val_acc=0.5480 val_f1=0.5324 val_uar=0.5504 lr=9.80e-03
[22:09:56] INFO   ep11: train_loss=2.5549 val_acc=0.5816 val_f1=0.5696 val_uar=0.5842 lr=9.71e-03
[22:10:07] INFO   ep12: train_loss=2.3434 val_acc=0.5846 val_f1=0.5757 val_uar=0.5876 lr=9.61e-03
[22:10:19] INFO   ep13: train_loss=2.1888 val_acc=0.6251 val_f1=0.6158 val_uar=0.6267 lr=9.49e-03
[22:10:30] INFO   ep14: train_loss=2.0648 val_acc=0.6550 val_f1=0.6504 val_uar=0.6575 lr=9.35e-03
[22:10:41] INFO   ep15: train_loss=1.9789 val_acc=0.6802 val_f1=0.6756 val_uar=0.6825 lr=9.21e-03
[22:10:53] INFO   ep16: train_loss=1.8936 val_acc=0.6726 val_f1=0.6689 val_uar=0.6751 lr=9.05e-03
[22:11:04] INFO   ep17: train_loss=1.8197 val_acc=0.6990 val_f1=0.6960 val_uar=0.7009 lr=8.87e-03
[22:11:16] INFO   ep18: train_loss=1.7546 val_acc=0.6912 val_f1=0.6871 val_uar=0.6936 lr=8.68e-03
[22:11:27] INFO   ep19: train_loss=1.7113 val_acc=0.7052 val_f1=0.7039 val_uar=0.7079 lr=8.48e-03
[22:11:38] INFO   ep20: train_loss=1.6675 val_acc=0.7180 val_f1=0.7141 val_uar=0.7205 lr=8.27e-03
[22:11:50] INFO   ep21: train_loss=1.6205 val_acc=0.7311 val_f1=0.7290 val_uar=0.7335 lr=8.05e-03
[22:12:01] INFO   ep22: train_loss=1.5945 val_acc=0.7256 val_f1=0.7233 val_uar=0.7285 lr=7.82e-03
[22:12:13] INFO   ep23: train_loss=1.5549 val_acc=0.7335 val_f1=0.7312 val_uar=0.7352 lr=7.58e-03
[22:12:24] INFO   ep24: train_loss=1.5269 val_acc=0.7301 val_f1=0.7275 val_uar=0.7323 lr=7.33e-03
[22:12:35] INFO   ep25: train_loss=1.5141 val_acc=0.7446 val_f1=0.7431 val_uar=0.7468 lr=7.08e-03
[22:12:47] INFO   ep26: train_loss=1.4874 val_acc=0.7444 val_f1=0.7432 val_uar=0.7465 lr=6.81e-03
[22:12:58] INFO   ep27: train_loss=1.4612 val_acc=0.7456 val_f1=0.7436 val_uar=0.7472 lr=6.55e-03
[22:13:09] INFO   ep28: train_loss=1.4450 val_acc=0.7480 val_f1=0.7458 val_uar=0.7509 lr=6.27e-03
[22:13:21] INFO   ep29: train_loss=1.4257 val_acc=0.7532 val_f1=0.7518 val_uar=0.7556 lr=5.99e-03
[22:13:32] INFO   ep30: train_loss=1.4103 val_acc=0.7589 val_f1=0.7577 val_uar=0.7610 lr=5.71e-03
[22:13:44] INFO   ep31: train_loss=1.3940 val_acc=0.7599 val_f1=0.7585 val_uar=0.7620 lr=5.43e-03
[22:13:55] INFO   ep32: train_loss=1.3822 val_acc=0.7599 val_f1=0.7589 val_uar=0.7623 lr=5.14e-03
[22:14:06] INFO   ep33: train_loss=1.3618 val_acc=0.7637 val_f1=0.7628 val_uar=0.7660 lr=4.86e-03
[22:14:18] INFO   ep34: train_loss=1.3572 val_acc=0.7579 val_f1=0.7568 val_uar=0.7599 lr=4.57e-03
[22:14:29] INFO   ep35: train_loss=1.3469 val_acc=0.7658 val_f1=0.7651 val_uar=0.7676 lr=4.29e-03
[22:14:40] INFO   ep36: train_loss=1.3463 val_acc=0.7625 val_f1=0.7619 val_uar=0.7645 lr=4.01e-03
[22:14:52] INFO   ep37: train_loss=1.3297 val_acc=0.7684 val_f1=0.7669 val_uar=0.7705 lr=3.73e-03
[22:15:03] INFO   ep38: train_loss=1.3299 val_acc=0.7672 val_f1=0.7663 val_uar=0.7696 lr=3.45e-03
[22:15:14] INFO   ep39: train_loss=1.3193 val_acc=0.7703 val_f1=0.7688 val_uar=0.7725 lr=3.19e-03
[22:15:26] INFO   ep40: train_loss=1.3116 val_acc=0.7687 val_f1=0.7683 val_uar=0.7706 lr=2.92e-03
[22:15:37] INFO   ep41: train_loss=1.3020 val_acc=0.7708 val_f1=0.7701 val_uar=0.7731 lr=2.67e-03
[22:15:48] INFO   ep42: train_loss=1.2972 val_acc=0.7708 val_f1=0.7700 val_uar=0.7730 lr=2.42e-03
[22:16:00] INFO   ep43: train_loss=1.2949 val_acc=0.7724 val_f1=0.7720 val_uar=0.7743 lr=2.18e-03
[22:16:11] INFO   ep44: train_loss=1.2918 val_acc=0.7710 val_f1=0.7713 val_uar=0.7731 lr=1.95e-03
[22:16:23] INFO   ep45: train_loss=1.2913 val_acc=0.7753 val_f1=0.7748 val_uar=0.7773 lr=1.73e-03
[22:16:34] INFO   ep46: train_loss=1.2831 val_acc=0.7737 val_f1=0.7730 val_uar=0.7757 lr=1.52e-03
[22:16:45] INFO   ep47: train_loss=1.2819 val_acc=0.7739 val_f1=0.7731 val_uar=0.7762 lr=1.32e-03
[22:16:57] INFO   ep48: train_loss=1.2781 val_acc=0.7760 val_f1=0.7751 val_uar=0.7781 lr=1.13e-03
[22:17:08] INFO   ep49: train_loss=1.2769 val_acc=0.7744 val_f1=0.7742 val_uar=0.7764 lr=9.55e-04
[22:17:20] INFO   ep50: train_loss=1.2742 val_acc=0.7758 val_f1=0.7752 val_uar=0.7777 lr=7.94e-04
[22:17:31] INFO   ep51: train_loss=1.2690 val_acc=0.7751 val_f1=0.7739 val_uar=0.7770 lr=6.46e-04
[22:17:42] INFO   ep52: train_loss=1.2643 val_acc=0.7786 val_f1=0.7780 val_uar=0.7807 lr=5.13e-04
[22:17:54] INFO   ep53: train_loss=1.2693 val_acc=0.7784 val_f1=0.7778 val_uar=0.7803 lr=3.94e-04
[22:18:06] INFO   ep54: train_loss=1.2638 val_acc=0.7779 val_f1=0.7770 val_uar=0.7798 lr=2.91e-04
[22:18:17] INFO   ep55: train_loss=1.2629 val_acc=0.7780 val_f1=0.7770 val_uar=0.7799 lr=2.03e-04
[22:18:28] INFO   ep56: train_loss=1.2652 val_acc=0.7775 val_f1=0.7765 val_uar=0.7795 lr=1.30e-04
[22:18:40] INFO   ep57: train_loss=1.2630 val_acc=0.7793 val_f1=0.7781 val_uar=0.7812 lr=7.32e-05
[22:18:51] INFO   ep58: train_loss=1.2664 val_acc=0.7779 val_f1=0.7770 val_uar=0.7799 lr=3.26e-05
[22:19:02] INFO   ep59: train_loss=1.2639 val_acc=0.7748 val_f1=0.7744 val_uar=0.7768 lr=8.15e-06
[22:19:14] INFO   ep60: train_loss=1.2684 val_acc=0.7760 val_f1=0.7757 val_uar=0.7779 lr=0.00e+00
[22:19:14] INFO [done] resnet50_sgd best_val_acc=0.7793 lr_used=0.01 ckpt=checkpoints\cub200_resnet50_sgd_seed3.pt time=11.8min
[22:19:16] INFO   [E1] eval clean + per colorfulness bin
[22:19:34] INFO   [E2] eval perturbasi warna
[22:24:42] INFO   done resnet50_sgd seed3
[22:24:42] INFO ==== cub200 / resnet50_sgd / seed4 (recipe=sgd) ====
[22:24:42] INFO [train] cub200/resnet50_sgd/seed4 recipe=sgd opt=sgd lr=0.01 wd=0.0001 epochs=60 device=cuda n_train=5994 n_val=5794 bs=64 accum=1
[22:25:21] INFO   ep1: train_loss=5.2971 val_acc=0.0104 val_f1=0.0070 val_uar=0.0102 lr=4.00e-03
[22:25:33] INFO   ep2: train_loss=5.2683 val_acc=0.0409 val_f1=0.0328 val_uar=0.0404 lr=6.00e-03
[22:25:44] INFO   ep3: train_loss=5.2144 val_acc=0.0996 val_f1=0.0850 val_uar=0.1002 lr=8.00e-03
[22:25:56] INFO   ep4: train_loss=5.1233 val_acc=0.1838 val_f1=0.1624 val_uar=0.1845 lr=1.00e-02
[22:26:08] INFO   ep5: train_loss=4.9597 val_acc=0.2837 val_f1=0.2525 val_uar=0.2850 lr=1.00e-02
[22:26:19] INFO   ep6: train_loss=4.6862 val_acc=0.3443 val_f1=0.3099 val_uar=0.3466 lr=9.99e-03
[22:26:30] INFO   ep7: train_loss=4.2747 val_acc=0.3880 val_f1=0.3530 val_uar=0.3899 lr=9.97e-03
[22:26:42] INFO   ep8: train_loss=3.7633 val_acc=0.4472 val_f1=0.4097 val_uar=0.4507 lr=9.93e-03
[22:26:53] INFO   ep9: train_loss=3.2767 val_acc=0.4905 val_f1=0.4660 val_uar=0.4929 lr=9.87e-03
[22:27:04] INFO   ep10: train_loss=2.8766 val_acc=0.5283 val_f1=0.5095 val_uar=0.5310 lr=9.80e-03
[22:27:16] INFO   ep11: train_loss=2.5872 val_acc=0.5749 val_f1=0.5577 val_uar=0.5771 lr=9.71e-03
[22:27:27] INFO   ep12: train_loss=2.3876 val_acc=0.6167 val_f1=0.6072 val_uar=0.6188 lr=9.61e-03
[22:27:38] INFO   ep13: train_loss=2.2096 val_acc=0.6312 val_f1=0.6210 val_uar=0.6339 lr=9.49e-03
[22:27:50] INFO   ep14: train_loss=2.0870 val_acc=0.6282 val_f1=0.6204 val_uar=0.6307 lr=9.35e-03
[22:28:01] INFO   ep15: train_loss=2.0017 val_acc=0.6672 val_f1=0.6622 val_uar=0.6686 lr=9.21e-03
[22:28:13] INFO   ep16: train_loss=1.9151 val_acc=0.6769 val_f1=0.6707 val_uar=0.6789 lr=9.05e-03
[22:28:24] INFO   ep17: train_loss=1.8328 val_acc=0.6930 val_f1=0.6900 val_uar=0.6956 lr=8.87e-03
[22:28:37] INFO   ep18: train_loss=1.7800 val_acc=0.7083 val_f1=0.7037 val_uar=0.7103 lr=8.68e-03
[22:28:49] INFO   ep19: train_loss=1.7262 val_acc=0.7066 val_f1=0.7028 val_uar=0.7091 lr=8.48e-03
[22:29:01] INFO   ep20: train_loss=1.6718 val_acc=0.7004 val_f1=0.6971 val_uar=0.7027 lr=8.27e-03
[22:29:13] INFO   ep21: train_loss=1.6421 val_acc=0.7337 val_f1=0.7305 val_uar=0.7357 lr=8.05e-03
[22:29:25] INFO   ep22: train_loss=1.5977 val_acc=0.7149 val_f1=0.7108 val_uar=0.7172 lr=7.82e-03
[22:29:36] INFO   ep23: train_loss=1.5715 val_acc=0.7314 val_f1=0.7302 val_uar=0.7338 lr=7.58e-03
[22:29:48] INFO   ep24: train_loss=1.5365 val_acc=0.7440 val_f1=0.7419 val_uar=0.7463 lr=7.33e-03
[22:29:59] INFO   ep25: train_loss=1.5120 val_acc=0.7418 val_f1=0.7402 val_uar=0.7433 lr=7.08e-03
[22:30:11] INFO   ep26: train_loss=1.4976 val_acc=0.7485 val_f1=0.7464 val_uar=0.7508 lr=6.81e-03
[22:30:23] INFO   ep27: train_loss=1.4648 val_acc=0.7532 val_f1=0.7508 val_uar=0.7554 lr=6.55e-03
[22:30:35] INFO   ep28: train_loss=1.4523 val_acc=0.7561 val_f1=0.7550 val_uar=0.7576 lr=6.27e-03
[22:30:46] INFO   ep29: train_loss=1.4347 val_acc=0.7570 val_f1=0.7542 val_uar=0.7588 lr=5.99e-03
[22:30:58] INFO   ep30: train_loss=1.4165 val_acc=0.7560 val_f1=0.7549 val_uar=0.7580 lr=5.71e-03
[22:31:10] INFO   ep31: train_loss=1.4018 val_acc=0.7616 val_f1=0.7601 val_uar=0.7633 lr=5.43e-03
[22:31:22] INFO   ep32: train_loss=1.3890 val_acc=0.7603 val_f1=0.7588 val_uar=0.7620 lr=5.14e-03
[22:31:33] INFO   ep33: train_loss=1.3709 val_acc=0.7639 val_f1=0.7630 val_uar=0.7660 lr=4.86e-03
[22:31:45] INFO   ep34: train_loss=1.3652 val_acc=0.7692 val_f1=0.7675 val_uar=0.7710 lr=4.57e-03
[22:31:57] INFO   ep35: train_loss=1.3538 val_acc=0.7680 val_f1=0.7665 val_uar=0.7696 lr=4.29e-03
[22:32:10] INFO   ep36: train_loss=1.3465 val_acc=0.7656 val_f1=0.7642 val_uar=0.7675 lr=4.01e-03
[22:32:21] INFO   ep37: train_loss=1.3383 val_acc=0.7680 val_f1=0.7669 val_uar=0.7699 lr=3.73e-03
[22:32:33] INFO   ep38: train_loss=1.3293 val_acc=0.7701 val_f1=0.7697 val_uar=0.7720 lr=3.45e-03
[22:32:44] INFO   ep39: train_loss=1.3241 val_acc=0.7756 val_f1=0.7746 val_uar=0.7770 lr=3.19e-03
[22:32:56] INFO   ep40: train_loss=1.3167 val_acc=0.7746 val_f1=0.7736 val_uar=0.7762 lr=2.92e-03
[22:33:08] INFO   ep41: train_loss=1.3098 val_acc=0.7734 val_f1=0.7728 val_uar=0.7754 lr=2.67e-03
[22:33:20] INFO   ep42: train_loss=1.3001 val_acc=0.7744 val_f1=0.7734 val_uar=0.7758 lr=2.42e-03
[22:33:32] INFO   ep43: train_loss=1.3014 val_acc=0.7746 val_f1=0.7734 val_uar=0.7763 lr=2.18e-03
[22:33:44] INFO   ep44: train_loss=1.2909 val_acc=0.7761 val_f1=0.7749 val_uar=0.7779 lr=1.95e-03
[22:33:55] INFO   ep45: train_loss=1.2845 val_acc=0.7722 val_f1=0.7707 val_uar=0.7738 lr=1.73e-03
[22:34:07] INFO   ep46: train_loss=1.2859 val_acc=0.7763 val_f1=0.7750 val_uar=0.7780 lr=1.52e-03
[22:34:19] INFO   ep47: train_loss=1.2780 val_acc=0.7763 val_f1=0.7751 val_uar=0.7779 lr=1.32e-03
[22:34:30] INFO   ep48: train_loss=1.2781 val_acc=0.7748 val_f1=0.7741 val_uar=0.7763 lr=1.13e-03
[22:34:42] INFO   ep49: train_loss=1.2825 val_acc=0.7741 val_f1=0.7725 val_uar=0.7755 lr=9.55e-04
[22:34:54] INFO   ep50: train_loss=1.2722 val_acc=0.7775 val_f1=0.7766 val_uar=0.7793 lr=7.94e-04
[22:35:06] INFO   ep51: train_loss=1.2720 val_acc=0.7753 val_f1=0.7743 val_uar=0.7770 lr=6.46e-04
[22:35:18] INFO   ep52: train_loss=1.2746 val_acc=0.7770 val_f1=0.7761 val_uar=0.7786 lr=5.13e-04
[22:35:29] INFO   ep53: train_loss=1.2754 val_acc=0.7780 val_f1=0.7772 val_uar=0.7798 lr=3.94e-04
[22:35:41] INFO   ep54: train_loss=1.2704 val_acc=0.7756 val_f1=0.7743 val_uar=0.7773 lr=2.91e-04
[22:35:53] INFO   ep55: train_loss=1.2699 val_acc=0.7761 val_f1=0.7750 val_uar=0.7778 lr=2.03e-04
[22:36:05] INFO   ep56: train_loss=1.2701 val_acc=0.7761 val_f1=0.7753 val_uar=0.7779 lr=1.30e-04
[22:36:16] INFO   ep57: train_loss=1.2679 val_acc=0.7730 val_f1=0.7718 val_uar=0.7749 lr=7.32e-05
[22:36:28] INFO   ep58: train_loss=1.2676 val_acc=0.7739 val_f1=0.7729 val_uar=0.7756 lr=3.26e-05
[22:36:40] INFO   ep59: train_loss=1.2650 val_acc=0.7806 val_f1=0.7794 val_uar=0.7820 lr=8.15e-06
[22:36:52] INFO   ep60: train_loss=1.2639 val_acc=0.7777 val_f1=0.7764 val_uar=0.7794 lr=0.00e+00
[22:36:52] INFO [done] resnet50_sgd best_val_acc=0.7806 lr_used=0.01 ckpt=checkpoints\cub200_resnet50_sgd_seed4.pt time=12.2min
[22:36:54] INFO   [E1] eval clean + per colorfulness bin
[22:37:13] INFO   [E2] eval perturbasi warna
[22:42:25] INFO   done resnet50_sgd seed4
[22:42:25] INFO ALL DONE
[07:55:01] INFO dataset=cub200 models=['resnet50'] seeds=[0, 1, 2, 3, 4] epochs=None recipe=sgd
[07:55:01] INFO ==== cub200 / resnet50_sgd / seed0 (recipe=sgd gray=False) ====
[07:55:02] INFO [train] cub200/resnet50_sgd/seed0 recipe=sgd opt=sgd lr=0.01 wd=0.0001 grayscale=False epochs=60 device=cuda n_train=4994 n_val=1000 bs=64 accum=1
[07:55:38] INFO   ep1: train_loss=5.2967 val_acc=0.0100 val_f1=0.0053 val_uar=0.0100 lr=4.00e-03
[07:55:46] INFO   ep2: train_loss=5.2719 val_acc=0.0230 val_f1=0.0141 val_uar=0.0230 lr=6.00e-03
[07:55:53] INFO   ep3: train_loss=5.2264 val_acc=0.0820 val_f1=0.0648 val_uar=0.0820 lr=8.00e-03
[07:56:01] INFO   ep4: train_loss=5.1544 val_acc=0.1510 val_f1=0.1292 val_uar=0.1510 lr=1.00e-02
[07:56:08] INFO   ep5: train_loss=5.0333 val_acc=0.2350 val_f1=0.2036 val_uar=0.2350 lr=1.00e-02
[07:56:16] INFO   ep6: train_loss=4.8475 val_acc=0.1920 val_f1=0.1716 val_uar=0.1920 lr=9.99e-03
[07:56:23] INFO   ep7: train_loss=4.5890 val_acc=0.3630 val_f1=0.3163 val_uar=0.3630 lr=9.97e-03
[07:56:31] INFO   ep8: train_loss=4.2251 val_acc=0.3810 val_f1=0.3440 val_uar=0.3810 lr=9.93e-03
[07:56:39] INFO   ep9: train_loss=3.7944 val_acc=0.4160 val_f1=0.3775 val_uar=0.4160 lr=9.87e-03
[07:56:46] INFO   ep10: train_loss=3.3697 val_acc=0.4750 val_f1=0.4406 val_uar=0.4750 lr=9.80e-03
[07:56:54] INFO   ep11: train_loss=3.0074 val_acc=0.5270 val_f1=0.5033 val_uar=0.5270 lr=9.71e-03
[07:57:02] INFO   ep12: train_loss=2.7220 val_acc=0.5470 val_f1=0.5256 val_uar=0.5470 lr=9.61e-03
[07:57:09] INFO   ep13: train_loss=2.5015 val_acc=0.5640 val_f1=0.5426 val_uar=0.5640 lr=9.49e-03
[07:57:17] INFO   ep14: train_loss=2.3413 val_acc=0.5940 val_f1=0.5723 val_uar=0.5940 lr=9.35e-03
[07:57:25] INFO   ep15: train_loss=2.2014 val_acc=0.6050 val_f1=0.5935 val_uar=0.6050 lr=9.21e-03
[07:57:33] INFO   ep16: train_loss=2.0882 val_acc=0.6220 val_f1=0.6092 val_uar=0.6220 lr=9.05e-03
[07:57:40] INFO   ep17: train_loss=2.0037 val_acc=0.6420 val_f1=0.6335 val_uar=0.6420 lr=8.87e-03
[07:57:48] INFO   ep18: train_loss=1.9188 val_acc=0.6470 val_f1=0.6340 val_uar=0.6470 lr=8.68e-03
[07:57:56] INFO   ep19: train_loss=1.8607 val_acc=0.6470 val_f1=0.6381 val_uar=0.6470 lr=8.48e-03
[07:58:03] INFO   ep20: train_loss=1.7998 val_acc=0.6680 val_f1=0.6606 val_uar=0.6680 lr=8.27e-03
[07:58:11] INFO   ep21: train_loss=1.7477 val_acc=0.6720 val_f1=0.6609 val_uar=0.6720 lr=8.05e-03
[07:58:19] INFO   ep22: train_loss=1.7047 val_acc=0.6740 val_f1=0.6685 val_uar=0.6740 lr=7.82e-03
[07:58:26] INFO   ep23: train_loss=1.6712 val_acc=0.6840 val_f1=0.6776 val_uar=0.6840 lr=7.58e-03
[07:58:34] INFO   ep24: train_loss=1.6345 val_acc=0.7010 val_f1=0.6963 val_uar=0.7010 lr=7.33e-03
[07:58:42] INFO   ep25: train_loss=1.5982 val_acc=0.7010 val_f1=0.6935 val_uar=0.7010 lr=7.08e-03
[07:58:50] INFO   ep26: train_loss=1.5669 val_acc=0.6940 val_f1=0.6866 val_uar=0.6940 lr=6.81e-03
[07:58:57] INFO   ep27: train_loss=1.5456 val_acc=0.7200 val_f1=0.7156 val_uar=0.7200 lr=6.55e-03
[07:59:05] INFO   ep28: train_loss=1.5217 val_acc=0.7180 val_f1=0.7115 val_uar=0.7180 lr=6.27e-03
[07:59:13] INFO   ep29: train_loss=1.4986 val_acc=0.7160 val_f1=0.7096 val_uar=0.7160 lr=5.99e-03
[07:59:21] INFO   ep30: train_loss=1.4803 val_acc=0.7200 val_f1=0.7136 val_uar=0.7200 lr=5.71e-03
[07:59:29] INFO   ep31: train_loss=1.4666 val_acc=0.7300 val_f1=0.7250 val_uar=0.7300 lr=5.43e-03
[07:59:36] INFO   ep32: train_loss=1.4500 val_acc=0.7350 val_f1=0.7321 val_uar=0.7350 lr=5.14e-03
[07:59:44] INFO   ep33: train_loss=1.4362 val_acc=0.7320 val_f1=0.7251 val_uar=0.7320 lr=4.86e-03
[07:59:52] INFO   ep34: train_loss=1.4218 val_acc=0.7260 val_f1=0.7210 val_uar=0.7260 lr=4.57e-03
[08:00:00] INFO   ep35: train_loss=1.4034 val_acc=0.7430 val_f1=0.7363 val_uar=0.7430 lr=4.29e-03
[08:00:07] INFO   ep36: train_loss=1.3976 val_acc=0.7370 val_f1=0.7321 val_uar=0.7370 lr=4.01e-03
[08:00:15] INFO   ep37: train_loss=1.3854 val_acc=0.7510 val_f1=0.7469 val_uar=0.7510 lr=3.73e-03
[08:00:23] INFO   ep38: train_loss=1.3784 val_acc=0.7380 val_f1=0.7333 val_uar=0.7380 lr=3.45e-03
[08:00:31] INFO   ep39: train_loss=1.3806 val_acc=0.7380 val_f1=0.7319 val_uar=0.7380 lr=3.19e-03
[08:00:39] INFO   ep40: train_loss=1.3634 val_acc=0.7380 val_f1=0.7332 val_uar=0.7380 lr=2.92e-03
[08:00:46] INFO   ep41: train_loss=1.3549 val_acc=0.7370 val_f1=0.7319 val_uar=0.7370 lr=2.67e-03
[08:00:54] INFO   ep42: train_loss=1.3493 val_acc=0.7460 val_f1=0.7403 val_uar=0.7460 lr=2.42e-03
[08:01:02] INFO   ep43: train_loss=1.3444 val_acc=0.7460 val_f1=0.7410 val_uar=0.7460 lr=2.18e-03
[08:01:10] INFO   ep44: train_loss=1.3336 val_acc=0.7560 val_f1=0.7515 val_uar=0.7560 lr=1.95e-03
[08:01:17] INFO   ep45: train_loss=1.3300 val_acc=0.7400 val_f1=0.7356 val_uar=0.7400 lr=1.73e-03
[08:01:25] INFO   ep46: train_loss=1.3328 val_acc=0.7480 val_f1=0.7435 val_uar=0.7480 lr=1.52e-03
[08:01:33] INFO   ep47: train_loss=1.3266 val_acc=0.7440 val_f1=0.7383 val_uar=0.7440 lr=1.32e-03
[08:01:41] INFO   ep48: train_loss=1.3205 val_acc=0.7400 val_f1=0.7368 val_uar=0.7400 lr=1.13e-03
[08:01:49] INFO   ep49: train_loss=1.3126 val_acc=0.7510 val_f1=0.7476 val_uar=0.7510 lr=9.55e-04
[08:01:57] INFO   ep50: train_loss=1.3199 val_acc=0.7480 val_f1=0.7443 val_uar=0.7480 lr=7.94e-04
[08:02:04] INFO   ep51: train_loss=1.3144 val_acc=0.7470 val_f1=0.7421 val_uar=0.7470 lr=6.46e-04
[08:02:12] INFO   ep52: train_loss=1.3143 val_acc=0.7410 val_f1=0.7364 val_uar=0.7410 lr=5.13e-04
[08:02:20] INFO   ep53: train_loss=1.3123 val_acc=0.7450 val_f1=0.7402 val_uar=0.7450 lr=3.94e-04
[08:02:28] INFO   ep54: train_loss=1.3065 val_acc=0.7370 val_f1=0.7323 val_uar=0.7370 lr=2.91e-04
[08:02:36] INFO   ep55: train_loss=1.3107 val_acc=0.7470 val_f1=0.7427 val_uar=0.7470 lr=2.03e-04
[08:02:43] INFO   ep56: train_loss=1.3111 val_acc=0.7460 val_f1=0.7412 val_uar=0.7460 lr=1.30e-04
[08:02:51] INFO   ep57: train_loss=1.3095 val_acc=0.7500 val_f1=0.7457 val_uar=0.7500 lr=7.32e-05
[08:02:59] INFO   ep58: train_loss=1.3117 val_acc=0.7450 val_f1=0.7410 val_uar=0.7450 lr=3.26e-05
[08:03:07] INFO   ep59: train_loss=1.3075 val_acc=0.7490 val_f1=0.7442 val_uar=0.7490 lr=8.15e-06
[08:03:15] INFO   ep60: train_loss=1.3111 val_acc=0.7540 val_f1=0.7495 val_uar=0.7540 lr=0.00e+00
[08:03:15] INFO [done] resnet50_sgd best_val_acc=0.7560 lr_used=0.01 ckpt=checkpoints\cub200_resnet50_sgd_seed0.pt time=8.2min
[08:03:16] INFO   [E1] eval clean + per colorfulness bin
[08:03:36] INFO   [E2] eval perturbasi warna
[08:08:49] INFO   done resnet50_sgd seed0
[08:08:49] INFO ==== cub200 / resnet50_sgd / seed1 (recipe=sgd gray=False) ====
[08:08:50] INFO [train] cub200/resnet50_sgd/seed1 recipe=sgd opt=sgd lr=0.01 wd=0.0001 grayscale=False epochs=60 device=cuda n_train=4994 n_val=1000 bs=64 accum=1
[08:09:25] INFO   ep1: train_loss=5.2956 val_acc=0.0060 val_f1=0.0018 val_uar=0.0060 lr=4.00e-03
[08:09:33] INFO   ep2: train_loss=5.2710 val_acc=0.0200 val_f1=0.0161 val_uar=0.0200 lr=6.00e-03
[08:09:40] INFO   ep3: train_loss=5.2269 val_acc=0.0660 val_f1=0.0552 val_uar=0.0660 lr=8.00e-03
[08:09:48] INFO   ep4: train_loss=5.1547 val_acc=0.1400 val_f1=0.1234 val_uar=0.1400 lr=1.00e-02
[08:09:55] INFO   ep5: train_loss=5.0348 val_acc=0.2310 val_f1=0.2129 val_uar=0.2310 lr=1.00e-02
[08:10:03] INFO   ep6: train_loss=4.8476 val_acc=0.3060 val_f1=0.2615 val_uar=0.3060 lr=9.99e-03
[08:10:10] INFO   ep7: train_loss=4.5875 val_acc=0.3560 val_f1=0.3128 val_uar=0.3560 lr=9.97e-03
[08:10:18] INFO   ep8: train_loss=4.2242 val_acc=0.3730 val_f1=0.3295 val_uar=0.3730 lr=9.93e-03
[08:10:26] INFO   ep9: train_loss=3.7999 val_acc=0.4160 val_f1=0.3812 val_uar=0.4160 lr=9.87e-03
[08:10:33] INFO   ep10: train_loss=3.3767 val_acc=0.4590 val_f1=0.4255 val_uar=0.4590 lr=9.80e-03
[08:10:41] INFO   ep11: train_loss=3.0234 val_acc=0.5080 val_f1=0.4772 val_uar=0.5080 lr=9.71e-03
[08:10:48] INFO   ep12: train_loss=2.7299 val_acc=0.5360 val_f1=0.5115 val_uar=0.5360 lr=9.61e-03
[08:10:56] INFO   ep13: train_loss=2.5219 val_acc=0.5740 val_f1=0.5541 val_uar=0.5740 lr=9.49e-03
[08:11:04] INFO   ep14: train_loss=2.3497 val_acc=0.5710 val_f1=0.5517 val_uar=0.5710 lr=9.35e-03
[08:11:11] INFO   ep15: train_loss=2.2183 val_acc=0.6030 val_f1=0.5848 val_uar=0.6030 lr=9.21e-03
[08:11:19] INFO   ep16: train_loss=2.0941 val_acc=0.6280 val_f1=0.6132 val_uar=0.6280 lr=9.05e-03
[08:11:27] INFO   ep17: train_loss=2.0077 val_acc=0.6350 val_f1=0.6200 val_uar=0.6350 lr=8.87e-03
[08:11:34] INFO   ep18: train_loss=1.9303 val_acc=0.6420 val_f1=0.6292 val_uar=0.6420 lr=8.68e-03
[08:11:42] INFO   ep19: train_loss=1.8680 val_acc=0.6630 val_f1=0.6527 val_uar=0.6630 lr=8.48e-03
[08:11:50] INFO   ep20: train_loss=1.7999 val_acc=0.6610 val_f1=0.6517 val_uar=0.6610 lr=8.27e-03
[08:11:57] INFO   ep21: train_loss=1.7542 val_acc=0.6700 val_f1=0.6543 val_uar=0.6700 lr=8.05e-03
[08:12:05] INFO   ep22: train_loss=1.7047 val_acc=0.6710 val_f1=0.6611 val_uar=0.6710 lr=7.82e-03
[08:12:13] INFO   ep23: train_loss=1.6766 val_acc=0.6850 val_f1=0.6776 val_uar=0.6850 lr=7.58e-03
[08:12:21] INFO   ep24: train_loss=1.6366 val_acc=0.7090 val_f1=0.7037 val_uar=0.7090 lr=7.33e-03
[08:12:28] INFO   ep25: train_loss=1.6056 val_acc=0.7070 val_f1=0.7013 val_uar=0.7070 lr=7.08e-03
[08:12:36] INFO   ep26: train_loss=1.5709 val_acc=0.7060 val_f1=0.6982 val_uar=0.7060 lr=6.81e-03
[08:12:44] INFO   ep27: train_loss=1.5594 val_acc=0.7130 val_f1=0.7047 val_uar=0.7130 lr=6.55e-03
[08:12:52] INFO   ep28: train_loss=1.5337 val_acc=0.7180 val_f1=0.7095 val_uar=0.7180 lr=6.27e-03
[08:12:59] INFO   ep29: train_loss=1.4988 val_acc=0.7230 val_f1=0.7161 val_uar=0.7230 lr=5.99e-03
[08:13:07] INFO   ep30: train_loss=1.4805 val_acc=0.7170 val_f1=0.7117 val_uar=0.7170 lr=5.71e-03
[08:13:15] INFO   ep31: train_loss=1.4662 val_acc=0.7270 val_f1=0.7215 val_uar=0.7270 lr=5.43e-03
[08:13:23] INFO   ep32: train_loss=1.4464 val_acc=0.7410 val_f1=0.7356 val_uar=0.7410 lr=5.14e-03
[08:13:31] INFO   ep33: train_loss=1.4336 val_acc=0.7410 val_f1=0.7328 val_uar=0.7410 lr=4.86e-03
[08:13:38] INFO   ep34: train_loss=1.4250 val_acc=0.7340 val_f1=0.7261 val_uar=0.7340 lr=4.57e-03
[08:13:46] INFO   ep35: train_loss=1.4099 val_acc=0.7230 val_f1=0.7163 val_uar=0.7230 lr=4.29e-03
[08:13:54] INFO   ep36: train_loss=1.3997 val_acc=0.7440 val_f1=0.7373 val_uar=0.7440 lr=4.01e-03
[08:14:02] INFO   ep37: train_loss=1.3935 val_acc=0.7410 val_f1=0.7375 val_uar=0.7410 lr=3.73e-03
[08:14:10] INFO   ep38: train_loss=1.3821 val_acc=0.7430 val_f1=0.7394 val_uar=0.7430 lr=3.45e-03
[08:14:17] INFO   ep39: train_loss=1.3741 val_acc=0.7430 val_f1=0.7385 val_uar=0.7430 lr=3.19e-03
[08:14:25] INFO   ep40: train_loss=1.3715 val_acc=0.7470 val_f1=0.7436 val_uar=0.7470 lr=2.92e-03
[08:14:33] INFO   ep41: train_loss=1.3637 val_acc=0.7500 val_f1=0.7471 val_uar=0.7500 lr=2.67e-03
[08:14:41] INFO   ep42: train_loss=1.3458 val_acc=0.7470 val_f1=0.7431 val_uar=0.7470 lr=2.42e-03
[08:14:49] INFO   ep43: train_loss=1.3458 val_acc=0.7560 val_f1=0.7533 val_uar=0.7560 lr=2.18e-03
[08:14:56] INFO   ep44: train_loss=1.3491 val_acc=0.7530 val_f1=0.7490 val_uar=0.7530 lr=1.95e-03
[08:15:04] INFO   ep45: train_loss=1.3319 val_acc=0.7550 val_f1=0.7504 val_uar=0.7550 lr=1.73e-03
[08:15:12] INFO   ep46: train_loss=1.3344 val_acc=0.7530 val_f1=0.7493 val_uar=0.7530 lr=1.52e-03
[08:15:20] INFO   ep47: train_loss=1.3284 val_acc=0.7520 val_f1=0.7468 val_uar=0.7520 lr=1.32e-03
[08:15:28] INFO   ep48: train_loss=1.3252 val_acc=0.7580 val_f1=0.7547 val_uar=0.7580 lr=1.13e-03
[08:15:36] INFO   ep49: train_loss=1.3222 val_acc=0.7560 val_f1=0.7511 val_uar=0.7560 lr=9.55e-04
[08:15:43] INFO   ep50: train_loss=1.3244 val_acc=0.7610 val_f1=0.7570 val_uar=0.7610 lr=7.94e-04
[08:15:51] INFO   ep51: train_loss=1.3130 val_acc=0.7580 val_f1=0.7547 val_uar=0.7580 lr=6.46e-04
[08:15:59] INFO   ep52: train_loss=1.3146 val_acc=0.7530 val_f1=0.7488 val_uar=0.7530 lr=5.13e-04
[08:16:07] INFO   ep53: train_loss=1.3205 val_acc=0.7570 val_f1=0.7530 val_uar=0.7570 lr=3.94e-04
[08:16:15] INFO   ep54: train_loss=1.3122 val_acc=0.7540 val_f1=0.7510 val_uar=0.7540 lr=2.91e-04
[08:16:23] INFO   ep55: train_loss=1.3152 val_acc=0.7590 val_f1=0.7548 val_uar=0.7590 lr=2.03e-04
[08:16:30] INFO   ep56: train_loss=1.3117 val_acc=0.7540 val_f1=0.7495 val_uar=0.7540 lr=1.30e-04
[08:16:38] INFO   ep57: train_loss=1.3136 val_acc=0.7550 val_f1=0.7513 val_uar=0.7550 lr=7.32e-05
[08:16:46] INFO   ep58: train_loss=1.3041 val_acc=0.7600 val_f1=0.7564 val_uar=0.7600 lr=3.26e-05
[08:16:54] INFO   ep59: train_loss=1.3142 val_acc=0.7560 val_f1=0.7513 val_uar=0.7560 lr=8.15e-06
[08:17:02] INFO   ep60: train_loss=1.3166 val_acc=0.7550 val_f1=0.7520 val_uar=0.7550 lr=0.00e+00
[08:17:02] INFO [done] resnet50_sgd best_val_acc=0.7610 lr_used=0.01 ckpt=checkpoints\cub200_resnet50_sgd_seed1.pt time=8.2min
[08:17:03] INFO   [E1] eval clean + per colorfulness bin
[08:17:23] INFO   [E2] eval perturbasi warna
[08:22:40] INFO   done resnet50_sgd seed1
[08:22:40] INFO ==== cub200 / resnet50_sgd / seed2 (recipe=sgd gray=False) ====
[08:22:41] INFO [train] cub200/resnet50_sgd/seed2 recipe=sgd opt=sgd lr=0.01 wd=0.0001 grayscale=False epochs=60 device=cuda n_train=4994 n_val=1000 bs=64 accum=1
[08:23:16] INFO   ep1: train_loss=5.2950 val_acc=0.0070 val_f1=0.0040 val_uar=0.0070 lr=4.00e-03
[08:23:24] INFO   ep2: train_loss=5.2704 val_acc=0.0220 val_f1=0.0196 val_uar=0.0220 lr=6.00e-03
[08:23:31] INFO   ep3: train_loss=5.2257 val_acc=0.0800 val_f1=0.0695 val_uar=0.0800 lr=8.00e-03
[08:23:39] INFO   ep4: train_loss=5.1512 val_acc=0.1420 val_f1=0.1286 val_uar=0.1420 lr=1.00e-02
[08:23:46] INFO   ep5: train_loss=5.0314 val_acc=0.2380 val_f1=0.2042 val_uar=0.2380 lr=1.00e-02
[08:23:54] INFO   ep6: train_loss=4.8460 val_acc=0.3110 val_f1=0.2688 val_uar=0.3110 lr=9.99e-03
[08:24:02] INFO   ep7: train_loss=4.5766 val_acc=0.3600 val_f1=0.3156 val_uar=0.3600 lr=9.97e-03
[08:24:09] INFO   ep8: train_loss=4.2054 val_acc=0.3910 val_f1=0.3507 val_uar=0.3910 lr=9.93e-03
[08:24:17] INFO   ep9: train_loss=3.7671 val_acc=0.4170 val_f1=0.3784 val_uar=0.4170 lr=9.87e-03
[08:24:24] INFO   ep10: train_loss=3.3421 val_acc=0.4610 val_f1=0.4276 val_uar=0.4610 lr=9.80e-03
[08:24:32] INFO   ep11: train_loss=2.9744 val_acc=0.5250 val_f1=0.4958 val_uar=0.5250 lr=9.71e-03
[08:24:40] INFO   ep12: train_loss=2.6929 val_acc=0.5520 val_f1=0.5287 val_uar=0.5520 lr=9.61e-03
[08:24:48] INFO   ep13: train_loss=2.4831 val_acc=0.5830 val_f1=0.5605 val_uar=0.5830 lr=9.49e-03
[08:24:55] INFO   ep14: train_loss=2.3154 val_acc=0.5830 val_f1=0.5664 val_uar=0.5830 lr=9.35e-03
[08:25:03] INFO   ep15: train_loss=2.1832 val_acc=0.6190 val_f1=0.6081 val_uar=0.6190 lr=9.21e-03
[08:25:11] INFO   ep16: train_loss=2.0794 val_acc=0.6300 val_f1=0.6203 val_uar=0.6300 lr=9.05e-03
[08:25:18] INFO   ep17: train_loss=1.9846 val_acc=0.6480 val_f1=0.6420 val_uar=0.6480 lr=8.87e-03
[08:25:26] INFO   ep18: train_loss=1.9085 val_acc=0.6490 val_f1=0.6374 val_uar=0.6490 lr=8.68e-03
[08:25:34] INFO   ep19: train_loss=1.8481 val_acc=0.6490 val_f1=0.6402 val_uar=0.6490 lr=8.48e-03
[08:25:41] INFO   ep20: train_loss=1.7963 val_acc=0.6550 val_f1=0.6453 val_uar=0.6550 lr=8.27e-03
[08:25:49] INFO   ep21: train_loss=1.7451 val_acc=0.6730 val_f1=0.6626 val_uar=0.6730 lr=8.05e-03
[08:25:57] INFO   ep22: train_loss=1.6978 val_acc=0.6740 val_f1=0.6640 val_uar=0.6740 lr=7.82e-03
[08:26:05] INFO   ep23: train_loss=1.6669 val_acc=0.6880 val_f1=0.6799 val_uar=0.6880 lr=7.58e-03
[08:26:12] INFO   ep24: train_loss=1.6240 val_acc=0.7020 val_f1=0.6942 val_uar=0.7020 lr=7.33e-03
[08:26:20] INFO   ep25: train_loss=1.5991 val_acc=0.7140 val_f1=0.7072 val_uar=0.7140 lr=7.08e-03
[08:26:28] INFO   ep26: train_loss=1.5648 val_acc=0.7170 val_f1=0.7113 val_uar=0.7170 lr=6.81e-03
[08:26:36] INFO   ep27: train_loss=1.5381 val_acc=0.7150 val_f1=0.7087 val_uar=0.7150 lr=6.55e-03
[08:26:43] INFO   ep28: train_loss=1.5236 val_acc=0.7100 val_f1=0.7014 val_uar=0.7100 lr=6.27e-03
[08:26:51] INFO   ep29: train_loss=1.4929 val_acc=0.7180 val_f1=0.7121 val_uar=0.7180 lr=5.99e-03
[08:26:59] INFO   ep30: train_loss=1.4722 val_acc=0.7230 val_f1=0.7148 val_uar=0.7230 lr=5.71e-03
[08:27:07] INFO   ep31: train_loss=1.4553 val_acc=0.7220 val_f1=0.7153 val_uar=0.7220 lr=5.43e-03
[08:27:14] INFO   ep32: train_loss=1.4412 val_acc=0.7400 val_f1=0.7356 val_uar=0.7400 lr=5.14e-03
[08:27:22] INFO   ep33: train_loss=1.4276 val_acc=0.7380 val_f1=0.7321 val_uar=0.7380 lr=4.86e-03
[08:27:30] INFO   ep34: train_loss=1.4181 val_acc=0.7310 val_f1=0.7221 val_uar=0.7310 lr=4.57e-03
[08:27:38] INFO   ep35: train_loss=1.4100 val_acc=0.7320 val_f1=0.7257 val_uar=0.7320 lr=4.29e-03
[08:27:45] INFO   ep36: train_loss=1.3972 val_acc=0.7390 val_f1=0.7319 val_uar=0.7390 lr=4.01e-03
[08:27:53] INFO   ep37: train_loss=1.3763 val_acc=0.7440 val_f1=0.7371 val_uar=0.7440 lr=3.73e-03
[08:28:01] INFO   ep38: train_loss=1.3737 val_acc=0.7410 val_f1=0.7351 val_uar=0.7410 lr=3.45e-03
[08:28:09] INFO   ep39: train_loss=1.3647 val_acc=0.7510 val_f1=0.7439 val_uar=0.7510 lr=3.19e-03
[08:28:17] INFO   ep40: train_loss=1.3628 val_acc=0.7400 val_f1=0.7315 val_uar=0.7400 lr=2.92e-03
[08:28:25] INFO   ep41: train_loss=1.3500 val_acc=0.7400 val_f1=0.7317 val_uar=0.7400 lr=2.67e-03
[08:28:32] INFO   ep42: train_loss=1.3427 val_acc=0.7440 val_f1=0.7361 val_uar=0.7440 lr=2.42e-03
[08:28:40] INFO   ep43: train_loss=1.3525 val_acc=0.7430 val_f1=0.7352 val_uar=0.7430 lr=2.18e-03
[08:28:48] INFO   ep44: train_loss=1.3402 val_acc=0.7470 val_f1=0.7398 val_uar=0.7470 lr=1.95e-03
[08:28:56] INFO   ep45: train_loss=1.3272 val_acc=0.7450 val_f1=0.7383 val_uar=0.7450 lr=1.73e-03
[08:29:03] INFO   ep46: train_loss=1.3264 val_acc=0.7540 val_f1=0.7474 val_uar=0.7540 lr=1.52e-03
[08:29:11] INFO   ep47: train_loss=1.3230 val_acc=0.7470 val_f1=0.7412 val_uar=0.7470 lr=1.32e-03
[08:29:19] INFO   ep48: train_loss=1.3154 val_acc=0.7390 val_f1=0.7310 val_uar=0.7390 lr=1.13e-03
[08:29:27] INFO   ep49: train_loss=1.3177 val_acc=0.7550 val_f1=0.7479 val_uar=0.7550 lr=9.55e-04
[08:29:35] INFO   ep50: train_loss=1.3175 val_acc=0.7440 val_f1=0.7366 val_uar=0.7440 lr=7.94e-04
[08:29:43] INFO   ep51: train_loss=1.3115 val_acc=0.7520 val_f1=0.7449 val_uar=0.7520 lr=6.46e-04
[08:29:50] INFO   ep52: train_loss=1.3099 val_acc=0.7510 val_f1=0.7444 val_uar=0.7510 lr=5.13e-04
[08:29:58] INFO   ep53: train_loss=1.3085 val_acc=0.7450 val_f1=0.7392 val_uar=0.7450 lr=3.94e-04
[08:30:06] INFO   ep54: train_loss=1.3065 val_acc=0.7500 val_f1=0.7425 val_uar=0.7500 lr=2.91e-04
[08:30:14] INFO   ep55: train_loss=1.3123 val_acc=0.7470 val_f1=0.7403 val_uar=0.7470 lr=2.03e-04
[08:30:22] INFO   ep56: train_loss=1.3079 val_acc=0.7550 val_f1=0.7476 val_uar=0.7550 lr=1.30e-04
[08:30:30] INFO   ep57: train_loss=1.3076 val_acc=0.7500 val_f1=0.7427 val_uar=0.7500 lr=7.32e-05
[08:30:37] INFO   ep58: train_loss=1.3095 val_acc=0.7470 val_f1=0.7403 val_uar=0.7470 lr=3.26e-05
[08:30:45] INFO   ep59: train_loss=1.3060 val_acc=0.7510 val_f1=0.7436 val_uar=0.7510 lr=8.15e-06
[08:30:53] INFO   ep60: train_loss=1.3038 val_acc=0.7480 val_f1=0.7403 val_uar=0.7480 lr=0.00e+00
[08:30:53] INFO [done] resnet50_sgd best_val_acc=0.7550 lr_used=0.01 ckpt=checkpoints\cub200_resnet50_sgd_seed2.pt time=8.2min
[08:30:55] INFO   [E1] eval clean + per colorfulness bin
[08:31:14] INFO   [E2] eval perturbasi warna
[08:36:30] INFO   done resnet50_sgd seed2
[08:36:30] INFO ==== cub200 / resnet50_sgd / seed3 (recipe=sgd gray=False) ====
[08:36:30] INFO [train] cub200/resnet50_sgd/seed3 recipe=sgd opt=sgd lr=0.01 wd=0.0001 grayscale=False epochs=60 device=cuda n_train=4994 n_val=1000 bs=64 accum=1
[08:37:06] INFO   ep1: train_loss=5.2960 val_acc=0.0070 val_f1=0.0009 val_uar=0.0070 lr=4.00e-03
[08:37:13] INFO   ep2: train_loss=5.2713 val_acc=0.0310 val_f1=0.0203 val_uar=0.0310 lr=6.00e-03
[08:37:20] INFO   ep3: train_loss=5.2262 val_acc=0.0850 val_f1=0.0652 val_uar=0.0850 lr=8.00e-03
[08:37:28] INFO   ep4: train_loss=5.1555 val_acc=0.1560 val_f1=0.1299 val_uar=0.1560 lr=1.00e-02
[08:37:36] INFO   ep5: train_loss=5.0335 val_acc=0.2350 val_f1=0.2027 val_uar=0.2350 lr=1.00e-02
[08:37:43] INFO   ep6: train_loss=4.8440 val_acc=0.3070 val_f1=0.2636 val_uar=0.3070 lr=9.99e-03
[08:37:51] INFO   ep7: train_loss=4.5649 val_acc=0.3720 val_f1=0.3293 val_uar=0.3720 lr=9.97e-03
[08:37:59] INFO   ep8: train_loss=4.1671 val_acc=0.3980 val_f1=0.3587 val_uar=0.3980 lr=9.93e-03
[08:38:06] INFO   ep9: train_loss=3.7199 val_acc=0.4230 val_f1=0.3836 val_uar=0.4230 lr=9.87e-03
[08:38:14] INFO   ep10: train_loss=3.3012 val_acc=0.4810 val_f1=0.4524 val_uar=0.4810 lr=9.80e-03
[08:38:22] INFO   ep11: train_loss=2.9422 val_acc=0.5200 val_f1=0.4935 val_uar=0.5200 lr=9.71e-03
[08:38:29] INFO   ep12: train_loss=2.6750 val_acc=0.5530 val_f1=0.5342 val_uar=0.5530 lr=9.61e-03
[08:38:37] INFO   ep13: train_loss=2.4695 val_acc=0.5640 val_f1=0.5484 val_uar=0.5640 lr=9.49e-03
[08:38:44] INFO   ep14: train_loss=2.3093 val_acc=0.5840 val_f1=0.5665 val_uar=0.5840 lr=9.35e-03
[08:38:52] INFO   ep15: train_loss=2.1812 val_acc=0.6110 val_f1=0.6002 val_uar=0.6110 lr=9.21e-03
[08:39:00] INFO   ep16: train_loss=2.0656 val_acc=0.6040 val_f1=0.5921 val_uar=0.6040 lr=9.05e-03
[08:39:08] INFO   ep17: train_loss=1.9902 val_acc=0.6400 val_f1=0.6283 val_uar=0.6400 lr=8.87e-03
[08:39:15] INFO   ep18: train_loss=1.9066 val_acc=0.6560 val_f1=0.6467 val_uar=0.6560 lr=8.68e-03
[08:39:23] INFO   ep19: train_loss=1.8556 val_acc=0.6630 val_f1=0.6522 val_uar=0.6630 lr=8.48e-03
[08:39:30] INFO   ep20: train_loss=1.7896 val_acc=0.6580 val_f1=0.6498 val_uar=0.6580 lr=8.27e-03
[08:39:38] INFO   ep21: train_loss=1.7336 val_acc=0.6760 val_f1=0.6687 val_uar=0.6760 lr=8.05e-03
[08:39:46] INFO   ep22: train_loss=1.6876 val_acc=0.6810 val_f1=0.6730 val_uar=0.6810 lr=7.82e-03
[08:39:53] INFO   ep23: train_loss=1.6594 val_acc=0.6970 val_f1=0.6898 val_uar=0.6970 lr=7.58e-03
[08:40:01] INFO   ep24: train_loss=1.6221 val_acc=0.6890 val_f1=0.6825 val_uar=0.6890 lr=7.33e-03
[08:40:09] INFO   ep25: train_loss=1.5880 val_acc=0.7030 val_f1=0.6946 val_uar=0.7030 lr=7.08e-03
[08:40:17] INFO   ep26: train_loss=1.5657 val_acc=0.7000 val_f1=0.6939 val_uar=0.7000 lr=6.81e-03
[08:40:24] INFO   ep27: train_loss=1.5341 val_acc=0.7150 val_f1=0.7101 val_uar=0.7150 lr=6.55e-03
[08:40:32] INFO   ep28: train_loss=1.5200 val_acc=0.7110 val_f1=0.7060 val_uar=0.7110 lr=6.27e-03
[08:40:40] INFO   ep29: train_loss=1.4922 val_acc=0.6980 val_f1=0.6941 val_uar=0.6980 lr=5.99e-03
[08:40:47] INFO   ep30: train_loss=1.4755 val_acc=0.7210 val_f1=0.7131 val_uar=0.7210 lr=5.71e-03
[08:40:55] INFO   ep31: train_loss=1.4581 val_acc=0.7240 val_f1=0.7176 val_uar=0.7240 lr=5.43e-03
[08:41:03] INFO   ep32: train_loss=1.4457 val_acc=0.7140 val_f1=0.7079 val_uar=0.7140 lr=5.14e-03
[08:41:11] INFO   ep33: train_loss=1.4325 val_acc=0.7300 val_f1=0.7226 val_uar=0.7300 lr=4.86e-03
[08:41:18] INFO   ep34: train_loss=1.4157 val_acc=0.7330 val_f1=0.7267 val_uar=0.7330 lr=4.57e-03
[08:41:26] INFO   ep35: train_loss=1.4091 val_acc=0.7370 val_f1=0.7327 val_uar=0.7370 lr=4.29e-03
[08:41:34] INFO   ep36: train_loss=1.3964 val_acc=0.7370 val_f1=0.7292 val_uar=0.7370 lr=4.01e-03
[08:41:42] INFO   ep37: train_loss=1.3836 val_acc=0.7450 val_f1=0.7395 val_uar=0.7450 lr=3.73e-03
[08:41:49] INFO   ep38: train_loss=1.3772 val_acc=0.7410 val_f1=0.7348 val_uar=0.7410 lr=3.45e-03
[08:41:57] INFO   ep39: train_loss=1.3665 val_acc=0.7470 val_f1=0.7407 val_uar=0.7470 lr=3.19e-03
[08:42:05] INFO   ep40: train_loss=1.3602 val_acc=0.7450 val_f1=0.7393 val_uar=0.7450 lr=2.92e-03
[08:42:13] INFO   ep41: train_loss=1.3532 val_acc=0.7460 val_f1=0.7405 val_uar=0.7460 lr=2.67e-03
[08:42:21] INFO   ep42: train_loss=1.3459 val_acc=0.7450 val_f1=0.7398 val_uar=0.7450 lr=2.42e-03
[08:42:28] INFO   ep43: train_loss=1.3340 val_acc=0.7410 val_f1=0.7361 val_uar=0.7410 lr=2.18e-03
[08:42:36] INFO   ep44: train_loss=1.3345 val_acc=0.7470 val_f1=0.7411 val_uar=0.7470 lr=1.95e-03
[08:42:44] INFO   ep45: train_loss=1.3302 val_acc=0.7570 val_f1=0.7504 val_uar=0.7570 lr=1.73e-03
[08:42:52] INFO   ep46: train_loss=1.3286 val_acc=0.7430 val_f1=0.7371 val_uar=0.7430 lr=1.52e-03
[08:42:59] INFO   ep47: train_loss=1.3227 val_acc=0.7500 val_f1=0.7443 val_uar=0.7500 lr=1.32e-03
[08:43:07] INFO   ep48: train_loss=1.3151 val_acc=0.7440 val_f1=0.7378 val_uar=0.7440 lr=1.13e-03
[08:43:15] INFO   ep49: train_loss=1.3168 val_acc=0.7430 val_f1=0.7373 val_uar=0.7430 lr=9.55e-04
[08:43:23] INFO   ep50: train_loss=1.3135 val_acc=0.7440 val_f1=0.7394 val_uar=0.7440 lr=7.94e-04
[08:43:31] INFO   ep51: train_loss=1.3225 val_acc=0.7470 val_f1=0.7416 val_uar=0.7470 lr=6.46e-04
[08:43:38] INFO   ep52: train_loss=1.3116 val_acc=0.7480 val_f1=0.7418 val_uar=0.7480 lr=5.13e-04
[08:43:46] INFO   ep53: train_loss=1.3095 val_acc=0.7510 val_f1=0.7444 val_uar=0.7510 lr=3.94e-04
[08:43:54] INFO   ep54: train_loss=1.3085 val_acc=0.7510 val_f1=0.7467 val_uar=0.7510 lr=2.91e-04
[08:44:02] INFO   ep55: train_loss=1.3094 val_acc=0.7490 val_f1=0.7447 val_uar=0.7490 lr=2.03e-04
[08:44:10] INFO   ep56: train_loss=1.3145 val_acc=0.7510 val_f1=0.7467 val_uar=0.7510 lr=1.30e-04
[08:44:18] INFO   ep57: train_loss=1.3039 val_acc=0.7490 val_f1=0.7431 val_uar=0.7490 lr=7.32e-05
[08:44:25] INFO   ep58: train_loss=1.3081 val_acc=0.7500 val_f1=0.7451 val_uar=0.7500 lr=3.26e-05
[08:44:33] INFO   ep59: train_loss=1.3053 val_acc=0.7530 val_f1=0.7463 val_uar=0.7530 lr=8.15e-06
[08:44:41] INFO   ep60: train_loss=1.3039 val_acc=0.7540 val_f1=0.7492 val_uar=0.7540 lr=0.00e+00
[08:44:41] INFO [done] resnet50_sgd best_val_acc=0.7570 lr_used=0.01 ckpt=checkpoints\cub200_resnet50_sgd_seed3.pt time=8.2min
[08:44:43] INFO   [E1] eval clean + per colorfulness bin
[08:45:02] INFO   [E2] eval perturbasi warna
[08:50:19] INFO   done resnet50_sgd seed3
[08:50:19] INFO ==== cub200 / resnet50_sgd / seed4 (recipe=sgd gray=False) ====
[08:50:20] INFO [train] cub200/resnet50_sgd/seed4 recipe=sgd opt=sgd lr=0.01 wd=0.0001 grayscale=False epochs=60 device=cuda n_train=4994 n_val=1000 bs=64 accum=1
[08:50:55] INFO   ep1: train_loss=5.2986 val_acc=0.0070 val_f1=0.0023 val_uar=0.0070 lr=4.00e-03
[08:51:03] INFO   ep2: train_loss=5.2738 val_acc=0.0260 val_f1=0.0169 val_uar=0.0260 lr=6.00e-03
[08:51:10] INFO   ep3: train_loss=5.2296 val_acc=0.0670 val_f1=0.0523 val_uar=0.0670 lr=8.00e-03
[08:51:18] INFO   ep4: train_loss=5.1571 val_acc=0.1660 val_f1=0.1418 val_uar=0.1660 lr=1.00e-02
[08:51:25] INFO   ep5: train_loss=5.0381 val_acc=0.2500 val_f1=0.2129 val_uar=0.2500 lr=1.00e-02
[08:51:33] INFO   ep6: train_loss=4.8527 val_acc=0.3220 val_f1=0.2797 val_uar=0.3220 lr=9.99e-03
[08:51:40] INFO   ep7: train_loss=4.5872 val_acc=0.3550 val_f1=0.3047 val_uar=0.3550 lr=9.97e-03
[08:51:48] INFO   ep8: train_loss=4.2278 val_acc=0.3840 val_f1=0.3421 val_uar=0.3840 lr=9.93e-03
[08:51:56] INFO   ep9: train_loss=3.8006 val_acc=0.4280 val_f1=0.3867 val_uar=0.4280 lr=9.87e-03
[08:52:03] INFO   ep10: train_loss=3.3877 val_acc=0.4600 val_f1=0.4273 val_uar=0.4600 lr=9.80e-03
[08:52:11] INFO   ep11: train_loss=3.0188 val_acc=0.5110 val_f1=0.4808 val_uar=0.5110 lr=9.71e-03
[08:52:19] INFO   ep12: train_loss=2.7328 val_acc=0.5140 val_f1=0.4918 val_uar=0.5140 lr=9.61e-03
[08:52:26] INFO   ep13: train_loss=2.5171 val_acc=0.5650 val_f1=0.5424 val_uar=0.5650 lr=9.49e-03
[08:52:34] INFO   ep14: train_loss=2.3498 val_acc=0.6080 val_f1=0.5939 val_uar=0.6080 lr=9.35e-03
[08:52:42] INFO   ep15: train_loss=2.2075 val_acc=0.6170 val_f1=0.6020 val_uar=0.6170 lr=9.21e-03
[08:52:49] INFO   ep16: train_loss=2.1022 val_acc=0.6320 val_f1=0.6206 val_uar=0.6320 lr=9.05e-03
[08:52:57] INFO   ep17: train_loss=2.0207 val_acc=0.6310 val_f1=0.6219 val_uar=0.6310 lr=8.87e-03
[08:53:04] INFO   ep18: train_loss=1.9348 val_acc=0.6560 val_f1=0.6462 val_uar=0.6560 lr=8.68e-03
[08:53:12] INFO   ep19: train_loss=1.8726 val_acc=0.6540 val_f1=0.6440 val_uar=0.6540 lr=8.48e-03
[08:53:20] INFO   ep20: train_loss=1.8071 val_acc=0.6550 val_f1=0.6470 val_uar=0.6550 lr=8.27e-03
[08:53:27] INFO   ep21: train_loss=1.7551 val_acc=0.6900 val_f1=0.6833 val_uar=0.6900 lr=8.05e-03
[08:53:35] INFO   ep22: train_loss=1.7050 val_acc=0.6890 val_f1=0.6849 val_uar=0.6890 lr=7.82e-03
[08:53:42] INFO   ep23: train_loss=1.6787 val_acc=0.6710 val_f1=0.6614 val_uar=0.6710 lr=7.58e-03
[08:53:50] INFO   ep24: train_loss=1.6410 val_acc=0.6920 val_f1=0.6855 val_uar=0.6920 lr=7.33e-03
[08:53:58] INFO   ep25: train_loss=1.6054 val_acc=0.7070 val_f1=0.7024 val_uar=0.7070 lr=7.08e-03
[08:54:06] INFO   ep26: train_loss=1.5749 val_acc=0.7230 val_f1=0.7195 val_uar=0.7230 lr=6.81e-03
[08:54:13] INFO   ep27: train_loss=1.5433 val_acc=0.7080 val_f1=0.7034 val_uar=0.7080 lr=6.55e-03
[08:54:21] INFO   ep28: train_loss=1.5300 val_acc=0.7140 val_f1=0.7085 val_uar=0.7140 lr=6.27e-03
[08:54:29] INFO   ep29: train_loss=1.5063 val_acc=0.7300 val_f1=0.7253 val_uar=0.7300 lr=5.99e-03
[08:54:37] INFO   ep30: train_loss=1.4846 val_acc=0.7350 val_f1=0.7278 val_uar=0.7350 lr=5.71e-03
[08:54:44] INFO   ep31: train_loss=1.4717 val_acc=0.7370 val_f1=0.7309 val_uar=0.7370 lr=5.43e-03
[08:54:52] INFO   ep32: train_loss=1.4467 val_acc=0.7310 val_f1=0.7285 val_uar=0.7310 lr=5.14e-03
[08:55:00] INFO   ep33: train_loss=1.4313 val_acc=0.7490 val_f1=0.7455 val_uar=0.7490 lr=4.86e-03
[08:55:08] INFO   ep34: train_loss=1.4189 val_acc=0.7410 val_f1=0.7367 val_uar=0.7410 lr=4.57e-03
[08:55:15] INFO   ep35: train_loss=1.4074 val_acc=0.7500 val_f1=0.7462 val_uar=0.7500 lr=4.29e-03
[08:55:23] INFO   ep36: train_loss=1.4015 val_acc=0.7540 val_f1=0.7504 val_uar=0.7540 lr=4.01e-03
[08:55:31] INFO   ep37: train_loss=1.3928 val_acc=0.7520 val_f1=0.7485 val_uar=0.7520 lr=3.73e-03
[08:55:39] INFO   ep38: train_loss=1.3714 val_acc=0.7480 val_f1=0.7451 val_uar=0.7480 lr=3.45e-03
[08:55:47] INFO   ep39: train_loss=1.3767 val_acc=0.7490 val_f1=0.7438 val_uar=0.7490 lr=3.19e-03
[08:55:54] INFO   ep40: train_loss=1.3672 val_acc=0.7480 val_f1=0.7458 val_uar=0.7480 lr=2.92e-03
[08:56:02] INFO   ep41: train_loss=1.3562 val_acc=0.7640 val_f1=0.7603 val_uar=0.7640 lr=2.67e-03
[08:56:10] INFO   ep42: train_loss=1.3453 val_acc=0.7430 val_f1=0.7385 val_uar=0.7430 lr=2.42e-03
[08:56:18] INFO   ep43: train_loss=1.3421 val_acc=0.7520 val_f1=0.7484 val_uar=0.7520 lr=2.18e-03
[08:56:26] INFO   ep44: train_loss=1.3373 val_acc=0.7500 val_f1=0.7462 val_uar=0.7500 lr=1.95e-03
[08:56:33] INFO   ep45: train_loss=1.3292 val_acc=0.7510 val_f1=0.7486 val_uar=0.7510 lr=1.73e-03
[08:56:41] INFO   ep46: train_loss=1.3279 val_acc=0.7580 val_f1=0.7522 val_uar=0.7580 lr=1.52e-03
[08:56:49] INFO   ep47: train_loss=1.3297 val_acc=0.7530 val_f1=0.7490 val_uar=0.7530 lr=1.32e-03
[08:56:57] INFO   ep48: train_loss=1.3238 val_acc=0.7580 val_f1=0.7542 val_uar=0.7580 lr=1.13e-03
[08:57:05] INFO   ep49: train_loss=1.3266 val_acc=0.7560 val_f1=0.7534 val_uar=0.7560 lr=9.55e-04
[08:57:12] INFO   ep50: train_loss=1.3244 val_acc=0.7540 val_f1=0.7508 val_uar=0.7540 lr=7.94e-04
[08:57:20] INFO   ep51: train_loss=1.3124 val_acc=0.7490 val_f1=0.7453 val_uar=0.7490 lr=6.46e-04
[08:57:28] INFO   ep52: train_loss=1.3140 val_acc=0.7560 val_f1=0.7530 val_uar=0.7560 lr=5.13e-04
[08:57:36] INFO   ep53: train_loss=1.3174 val_acc=0.7590 val_f1=0.7570 val_uar=0.7590 lr=3.94e-04
[08:57:44] INFO   ep54: train_loss=1.3134 val_acc=0.7580 val_f1=0.7559 val_uar=0.7580 lr=2.91e-04
[08:57:52] INFO   ep55: train_loss=1.3160 val_acc=0.7550 val_f1=0.7525 val_uar=0.7550 lr=2.03e-04
[08:57:59] INFO   ep56: train_loss=1.3116 val_acc=0.7610 val_f1=0.7581 val_uar=0.7610 lr=1.30e-04
[08:58:07] INFO   ep57: train_loss=1.3118 val_acc=0.7520 val_f1=0.7486 val_uar=0.7520 lr=7.32e-05
[08:58:15] INFO   ep58: train_loss=1.3087 val_acc=0.7570 val_f1=0.7534 val_uar=0.7570 lr=3.26e-05
[08:58:23] INFO   ep59: train_loss=1.3124 val_acc=0.7520 val_f1=0.7474 val_uar=0.7520 lr=8.15e-06
[08:58:31] INFO   ep60: train_loss=1.3061 val_acc=0.7540 val_f1=0.7522 val_uar=0.7540 lr=0.00e+00
[08:58:31] INFO [done] resnet50_sgd best_val_acc=0.7640 lr_used=0.01 ckpt=checkpoints\cub200_resnet50_sgd_seed4.pt time=8.2min
[08:58:32] INFO   [E1] eval clean + per colorfulness bin
[08:58:52] INFO   [E2] eval perturbasi warna
[09:04:13] INFO   done resnet50_sgd seed4
[09:04:13] INFO ALL DONE
